Component: ARM Compiler 5.06 update 7 (build 960) Tool: armlink [4d3601]

==============================================================================

Section Cross References

    startup_stm32f407xx.o(STACK) refers (Special) to heapauxi.o(.text) for __use_two_region_memory
    startup_stm32f407xx.o(HEAP) refers (Special) to heapauxi.o(.text) for __use_two_region_memory
    startup_stm32f407xx.o(RESET) refers (Special) to heapauxi.o(.text) for __use_two_region_memory
    startup_stm32f407xx.o(RESET) refers to startup_stm32f407xx.o(STACK) for __initial_sp
    startup_stm32f407xx.o(RESET) refers to startup_stm32f407xx.o(.text) for Reset_Handler
    startup_stm32f407xx.o(RESET) refers to stm32f4xx_it.o(i.NMI_Handler) for NMI_Handler
    startup_stm32f407xx.o(RESET) refers to stm32f4xx_it.o(i.HardFault_Handler) for HardFault_Handler
    startup_stm32f407xx.o(RESET) refers to stm32f4xx_it.o(i.MemManage_Handler) for MemManage_Handler
    startup_stm32f407xx.o(RESET) refers to stm32f4xx_it.o(i.BusFault_Handler) for BusFault_Handler
    startup_stm32f407xx.o(RESET) refers to stm32f4xx_it.o(i.UsageFault_Handler) for UsageFault_Handler
    startup_stm32f407xx.o(RESET) refers to stm32f4xx_it.o(i.SVC_Handler) for SVC_Handler
    startup_stm32f407xx.o(RESET) refers to stm32f4xx_it.o(i.DebugMon_Handler) for DebugMon_Handler
    startup_stm32f407xx.o(RESET) refers to stm32f4xx_it.o(i.PendSV_Handler) for PendSV_Handler
    startup_stm32f407xx.o(RESET) refers to stm32f4xx_it.o(i.SysTick_Handler) for SysTick_Handler
    startup_stm32f407xx.o(RESET) refers to stm32f4xx_it.o(i.CAN1_RX0_IRQHandler) for CAN1_RX0_IRQHandler
    startup_stm32f407xx.o(RESET) refers to stm32f4xx_it.o(i.USART1_IRQHandler) for USART1_IRQHandler
    startup_stm32f407xx.o(RESET) refers to stm32f4xx_it.o(i.USART3_IRQHandler) for USART3_IRQHandler
    startup_stm32f407xx.o(.text) refers (Special) to heapauxi.o(.text) for __use_two_region_memory
    startup_stm32f407xx.o(.text) refers to system_stm32f4xx.o(i.SystemInit) for SystemInit
    startup_stm32f407xx.o(.text) refers to __main.o(!!!main) for __main
    startup_stm32f407xx.o(.text) refers to startup_stm32f407xx.o(HEAP) for Heap_Mem
    startup_stm32f407xx.o(.text) refers to startup_stm32f407xx.o(STACK) for Stack_Mem
    main.o(i.MX_CAN1_Init) refers to stm32f4xx_hal_can.o(i.HAL_CAN_Init) for HAL_CAN_Init
    main.o(i.MX_CAN1_Init) refers to stm32f4xx_hal_can.o(i.HAL_CAN_ConfigFilter) for HAL_CAN_ConfigFilter
    main.o(i.MX_CAN1_Init) refers to main.o(.bss) for .bss
    main.o(i.MX_GPIO_Init) refers to rt_memclr_w.o(.text) for __aeabi_memclr4
    main.o(i.MX_GPIO_Init) refers to stm32f4xx_hal_gpio.o(i.HAL_GPIO_WritePin) for HAL_GPIO_WritePin
    main.o(i.MX_GPIO_Init) refers to stm32f4xx_hal_gpio.o(i.HAL_GPIO_Init) for HAL_GPIO_Init
    main.o(i.MX_USART3_UART_Init) refers to stm32f4xx_hal_uart.o(i.HAL_UART_Init) for HAL_UART_Init
    main.o(i.MX_USART3_UART_Init) refers to main.o(.bss) for .bss
    main.o(i.SystemClock_Config) refers to rt_memclr_w.o(.text) for __aeabi_memclr4
    main.o(i.SystemClock_Config) refers to stm32f4xx_hal_rcc.o(i.HAL_RCC_OscConfig) for HAL_RCC_OscConfig
    main.o(i.SystemClock_Config) refers to stm32f4xx_hal_rcc.o(i.HAL_RCC_ClockConfig) for HAL_RCC_ClockConfig
    main.o(i.main) refers to stm32f4xx_hal.o(i.HAL_Init) for HAL_Init
    main.o(i.main) refers to main.o(i.SystemClock_Config) for SystemClock_Config
    main.o(i.main) refers to main.o(i.MX_GPIO_Init) for MX_GPIO_Init
    main.o(i.main) refers to main.o(i.MX_CAN1_Init) for MX_CAN1_Init
    main.o(i.main) refers to stm32f4xx_hal_uart.o(i.HAL_UART_Init) for HAL_UART_Init
    main.o(i.main) refers to main.o(i.MX_USART3_UART_Init) for MX_USART3_UART_Init
    main.o(i.main) refers to agv_info.o(i.AGV_init) for AGV_init
    main.o(i.main) refers to imu.o(i.IMU_Init) for IMU_Init
    main.o(i.main) refers to can_qr.o(i.Kinco_Init) for Kinco_Init
    main.o(i.main) refers to can_qr.o(i.enable_driver) for enable_driver
    main.o(i.main) refers to can_qr.o(i.kinco_control) for kinco_control
    main.o(i.main) refers to can_qr.o(i.kinco_get_data) for kinco_get_data
    main.o(i.main) refers to stm32f4xx_hal.o(i.HAL_Delay) for HAL_Delay
    main.o(i.main) refers to agv_control.o(i.control_agv_distance) for control_agv_distance
    main.o(i.main) refers to camera.o(i.GET_CAMERA) for GET_CAMERA
    main.o(i.main) refers to rt_memcpy_w.o(.text) for __aeabi_memcpy4
    main.o(i.main) refers to main.o(.bss) for .bss
    main.o(i.main) refers to agv_info.o(.bss) for DEVICE
    stm32f4xx_it.o(i.CAN1_RX0_IRQHandler) refers to stm32f4xx_hal_can.o(i.HAL_CAN_IRQHandler) for HAL_CAN_IRQHandler
    stm32f4xx_it.o(i.CAN1_RX0_IRQHandler) refers to main.o(.bss) for hcan1
    stm32f4xx_it.o(i.SysTick_Handler) refers to stm32f4xx_hal.o(i.HAL_IncTick) for HAL_IncTick
    stm32f4xx_it.o(i.USART1_IRQHandler) refers to stm32f4xx_hal_uart.o(i.HAL_UART_IRQHandler) for HAL_UART_IRQHandler
[...]
    ..\Camera\camera.c                       0x00000000   Number         0  camera.o ABSOLUTE
    ..\Core\Src\main.c                       0x00000000   Number         0  main.o ABSOLUTE
    ..\Core\Src\stm32f4xx_hal_msp.c          0x00000000   Number         0  stm32f4xx_hal_msp.o ABSOLUTE
    ..\Core\Src\stm32f4xx_it.c               0x00000000   Number         0  stm32f4xx_it.o ABSOLUTE
    ..\Core\Src\system_stm32f4xx.c           0x00000000   Number         0  system_stm32f4xx.o ABSOLUTE
    ..\Drivers\STM32F4xx_HAL_Driver\Src\stm32f4xx_hal.c 0x00000000   Number         0  stm32f4xx_hal.o ABSOLUTE
    ..\Drivers\STM32F4xx_HAL_Driver\Src\stm32f4xx_hal_can.c 0x00000000   Number         0  stm32f4xx_hal_can.o ABSOLUTE
    ..\Drivers\STM32F4xx_HAL_Driver\Src\stm32f4xx_hal_cortex.c 0x00000000   Number         0  stm32f4xx_hal_cortex.o ABSOLUTE
    ..\Drivers\STM32F4xx_HAL_Driver\Src\stm32f4xx_hal_dma.c 0x00000000   Number         0  stm32f4xx_hal_dma.o ABSOLUTE
    ..\Drivers\STM32F4xx_HAL_Driver\Src\stm32f4xx_hal_dma_ex.c 0x00000000   Number         0  stm32f4xx_hal_dma_ex.o ABSOLUTE
    ..\Drivers\STM32F4xx_HAL_Driver\Src\stm32f4xx_hal_exti.c 0x00000000   Number         0  stm32f4xx_hal_exti.o ABSOLUTE
    ..\Drivers\STM32F4xx_HAL_Driver\Src\stm32f4xx_hal_flash.c 0x00000000   Number         0  stm32f4xx_hal_flash.o ABSOLUTE
    ..\Drivers\STM32F4xx_HAL_Driver\Src\stm32f4xx_hal_flash_ex.c 0x00000000   Number         0  stm32f4xx_hal_flash_ex.o ABSOLUTE
    ..\Drivers\STM32F4xx_HAL_Driver\Src\stm32f4xx_hal_flash_ramfunc.c 0x00000000   Number         0  stm32f4xx_hal_flash_ramfunc.o ABSOLUTE
    ..\Drivers\STM32F4xx_HAL_Driver\Src\stm32f4xx_hal_gpio.c 0x00000000   Number         0  stm32f4xx_hal_gpio.o ABSOLUTE
    ..\Drivers\STM32F4xx_HAL_Driver\Src\stm32f4xx_hal_pwr.c 0x00000000   Number         0  stm32f4xx_hal_pwr.o ABSOLUTE
    ..\Drivers\STM32F4xx_HAL_Driver\Src\stm32f4xx_hal_pwr_ex.c 0x00000000   Number         0  stm32f4xx_hal_pwr_ex.o ABSOLUTE
    ..\Drivers\STM32F4xx_HAL_Driver\Src\stm32f4xx_hal_rcc.c 0x00000000   Number         0  stm32f4xx_hal_rcc.o ABSOLUTE
    ..\Drivers\STM32F4xx_HAL_Driver\Src\stm32f4xx_hal_rcc_ex.c 0x00000000   Number         0  stm32f4xx_hal_rcc_ex.o ABSOLUTE
    ..\Drivers\STM32F4xx_HAL_Driver\Src\stm32f4xx_hal_tim.c 0x00000000   Number         0  stm32f4xx_hal_tim.o ABSOLUTE
    ..\Drivers\STM32F4xx_HAL_Driver\Src\stm32f4xx_hal_tim_ex.c 0x00000000   Number         0  stm32f4xx_hal_tim_ex.o ABSOLUTE
    ..\Drivers\STM32F4xx_HAL_Driver\Src\stm32f4xx_hal_uart.c 0x00000000   Number         0  stm32f4xx_hal_uart.o ABSOLUTE
    ..\IMU\imu.c                             0x00000000   Number         0  imu.o ABSOLUTE
    ..\Modbus_Master\modbus_master.c         0x00000000   Number         0  modbus_master.o ABSOLUTE
    ..\Modbus_Master\ringbuffer.c            0x00000000   Number         0  ringbuffer.o ABSOLUTE
    ..\Modbus_Master\trans_recieve_buff_control.c 0x00000000   Number         0  trans_recieve_buff_control.o ABSOLUTE
    ..\\AGV_Control\\AGV_Control.c           0x00000000   Number         0  agv_control.o ABSOLUTE
    ..\\AGV_info\\agv_info.c                 0x00000000   Number         0  agv_info.o ABSOLUTE
    ..\\Camera\\camera.c                     0x00000000   Number         0  camera.o ABSOLUTE
    ..\\IMU\\imu.c                           0x00000000   Number         0  imu.o ABSOLUTE
    ..\\Modbus_Master\\modbus_master.c       0x00000000   Number         0  modbus_master.o ABSOLUTE
    ..\\Modbus_Master\\ringbuffer.c          0x00000000   Number         0  ringbuffer.o ABSOLUTE
    ..\\Modbus_Master\\trans_recieve_buff_control.c 0x00000000   Number         0  trans_recieve_buff_control.o ABSOLUTE
    can_qr.c                                 0x00000000   Number         0  can_qr.o ABSOLUTE
    can_qr.c                                 0x00000000   Number         0  can_qr.o ABSOLUTE
    communication.c                          0x00000000   Number         0  communication.o ABSOLUTE
    communication.c                          0x00000000   Number         0  communication.o ABSOLUTE
    dc.s                                     0x00000000   Number         0  dc.o ABSOLUTE
    startup_stm32f407xx.s                    0x00000000   Number         0  startup_stm32f407xx.o ABSOLUTE
    RESET                                    0x08000000   Section      392  startup_stm32f407xx.o(RESET)
    !!!main                                  0x08000188   Section        8  __main.o(!!!main)
    !!!scatter                               0x08000190   Section       52  __scatter.o(!!!scatter)
    !!handler_copy                           0x080001c4   Section       26  __scatter_copy.o(!!handler_copy)
    !!handler_zi                             0x080001e0   Section       28  __scatter_zi.o(!!handler_zi)
    .ARM.Collect$$libinit$$00000000          0x080001fc   Section        2  libinit.o(.ARM.Collect$$libinit$$00000000)
    .ARM.Collect$$libinit$$00000001          0x080001fe   Section        4  libinit2.o(.ARM.Collect$$libinit$$00000001)
    .ARM.Collect$$libinit$$00000004          0x08000202   Section        0  libinit2.o(.ARM.Collect$$libinit$$00000004)
    .ARM.Collect$$libinit$$0000000A          0x08000202   Section        0  libinit2.o(.ARM.Collect$$libinit$$0000000A)
    .ARM.Collect$$libinit$$0000000C          0x08000202   Section        0  libinit2.o(.ARM.Collect$$libinit$$0000000C)
    .ARM.Collect$$libinit$$0000000E          0x08000202   Section        0  libinit2.o(.ARM.Collect$$libinit$$0000000E)
    .ARM.Collect$$libinit$$00000011          0x08000202   Section        0  libinit2.o(.ARM.Collect$$libinit$$00000011)
    .ARM.Collect$$libinit$$00000013          0x08000202   Section        0  libinit2.o(.ARM.Collect$$libinit$$00000013)
    .ARM.Collect$$libinit$$00000015          0x08000202   Section        0  libinit2.o(.ARM.Collect$$libinit$$00000015)
    .ARM.Collect$$libinit$$00000017          0x08000202   Section        0  libinit2.o(.ARM.Collect$$libinit$$00000017)
    .ARM.Collect$$libinit$$00000019          0x08000202   Section        0  libinit2.o(.ARM.Collect$$libinit$$00000019)
    .ARM.Collect$$libinit$$0000001B          0x08000202   Section        0  libinit2.o(.ARM.Collect$$libinit$$0000001B)
    .ARM.Collect$$libinit$$0000001D          0x08000202   Section        0  libinit2.o(.ARM.Collect$$libinit$$0000001D)
    .ARM.Collect$$libinit$$0000001F          0x08000202   Section        0  libinit2.o(.ARM.Collect$$libinit$$0000001F)
    .ARM.Collect$$libinit$$00000021          0x08000202   Section        0  libinit2.o(.ARM.Collect$$libinit$$00000021)
    .ARM.Collect$$libinit$$00000023          0x08000202   Section        0  libinit2.o(.ARM.Collect$$libinit$$00000023)
    .ARM.Collect$$libinit$$00000025          0x08000202   Section        0  libinit2.o(.ARM.Collect$$libinit$$00000025)
    .ARM.Collect$$libinit$$0000002C          0x08000202   Section        0  libinit2.o(.ARM.Collect$$libinit$$0000002C)
    .ARM.Collect$$libinit$$0000002E          0x08000202   Section        0  libinit2.o(.ARM.Collect$$libinit$$0000002E)
    .ARM.Collect$$libinit$$00000030          0x08000202   Section        0  libinit2.o(.ARM.Collect$$libinit$$00000030)
    .ARM.Collect$$libinit$$00000032          0x08000202   Section        0  libinit2.o(.ARM.Collect$$libinit$$00000032)
    .ARM.Collect$$libinit$$00000033          0x08000202   Section        2  libinit2.o(.ARM.Collect$$libinit$$00000033)
    .ARM.Collect$$libshutdown$$00000000      0x08000204   Section        2  libshutdown.o(.ARM.Collect$$libshutdown$$00000000)
    .ARM.Collect$$libshutdown$$00000002      0x08000206   Section        0  libshutdown2.o(.ARM.Collect$$libshutdown$$00000002)
    .ARM.Collect$$libshutdown$$00000004      0x08000206   Section        0  libshutdown2.o(.ARM.Collect$$libshutdown$$00000004)
    .ARM.Collect$$libshutdown$$00000006      0x08000206   Section        0  libshutdown2.o(.ARM.Collect$$libshutdown$$00000006)
    .ARM.Collect$$libshutdown$$00000009      0x08000206   Section        0  libshutdown2.o(.ARM.Collect$$libshutdown$$00000009)
    .ARM.Collect$$libshutdown$$0000000C      0x08000206   Section        0  libshutdown2.o(.ARM.Collect$$libshutdown$$0000000C)
    .ARM.Collect$$libshutdown$$0000000E      0x08000206   Section        0  libshutdown2.o(.ARM.Collect$$libshutdown$$0000000E)
    .ARM.Collect$$libshutdown$$00000011      0x08000206   Section        0  libshutdown2.o(.ARM.Collect$$libshutdown$$00000011)
    .ARM.Collect$$libshutdown$$00000012      0x08000206   Section        2  libshutdown2.o(.ARM.Collect$$libshutdown$$00000012)
    .ARM.Collect$$rtentry$$00000000          0x08000208   Section        0  __rtentry.o(.ARM.Collect$$rtentry$$00000000)
    .ARM.Collect$$rtentry$$00000002          0x08000208   Section        0  __rtentry2.o(.ARM.Collect$$rtentry$$00000002)
    .ARM.Collect$$rtentry$$00000004          0x08000208   Section        6  __rtentry4.o(.ARM.Collect$$rtentry$$00000004)
    .ARM.Collect$$rtentry$$00000009          0x0800020e   Section        0  __rtentry2.o(.ARM.Collect$$rtentry$$00000009)
    .ARM.Collect$$rtentry$$0000000A          0x0800020e   Section        4  __rtentry2.o(.ARM.Collect$$rtentry$$0000000A)
    .ARM.Collect$$rtentry$$0000000C          0x08000212   Section        0  __rtentry2.o(.ARM.Collect$$rtentry$$0000000C)
    .ARM.Collect$$rtentry$$0000000D          0x08000212   Section        8  __rtentry2.o(.ARM.Collect$$rtentry$$0000000D)
    .ARM.Collect$$rtexit$$00000000           0x0800021a   Section        2  rtexit.o(.ARM.Collect$$rtexit$$00000000)
    .ARM.Collect$$rtexit$$00000002           0x0800021c   Section        0  rtexit2.o(.ARM.Collect$$rtexit$$00000002)
    .ARM.Collect$$rtexit$$00000003           0x0800021c   Section        4  rtexit2.o(.ARM.Collect$$rtexit$$00000003)
    .ARM.Collect$$rtexit$$00000004           0x08000220   Section        6  rtexit2.o(.ARM.Collect$$rtexit$$00000004)
    .text                                    0x08000228   Section       64  startup_stm32f407xx.o(.text)
    $v0                                      0x08000228   Number         0  startup_stm32f407xx.o(.text)
    .text                                    0x08000268   Section      238  lludivv7m.o(.text)
    .text                                    0x08000356   Section      100  rt_memcpy_w.o(.text)
    .text                                    0x080003ba   Section       78  rt_memclr_w.o(.text)
    .text                                    0x08000408   Section        0  heapauxi.o(.text)
    .text                                    0x08000410   Section        8  libspace.o(.text)
    .text                                    0x08000418   Section       74  sys_stackheap_outer.o(.text)
    .text                                    0x08000462   Section        0  exit.o(.text)
    .text                                    0x08000474   Section        0  sys_exit.o(.text)
    .text                                    0x08000480   Section        2  use_no_semi.o(.text)
    .text                                    0x08000482   Section        0  indicate_semi.o(.text)
    i.AGV_init                               0x08000484   Section        0  agv_info.o(i.AGV_init)
    i.BusFault_Handler                       0x08000528   Section        0  stm32f4xx_it.o(i.BusFault_Handler)
    i.CAN1_RX0_IRQHandler                    0x0800052c   Section        0  stm32f4xx_it.o(i.CAN1_RX0_IRQHandler)
    i.DebugMon_Handler                       0x08000538   Section        0  stm32f4xx_it.o(i.DebugMon_Handler)
    i.Error_Handler                          0x0800053a   Section        0  main.o(i.Error_Handler)
    i.GET_CAMERA                             0x08000540   Section        0  camera.o(i.GET_CAMERA)
    i.HAL_CAN_ActivateNotification           0x08000608   Section        0  stm32f4xx_hal_can.o(i.HAL_CAN_ActivateNotification)
    i.HAL_CAN_AddTxMessage                   0x0800062c   Section        0  stm32f4xx_hal_can.o(i.HAL_CAN_AddTxMessage)
    i.HAL_CAN_ConfigFilter                   0x08000708   Section        0  stm32f4xx_hal_can.o(i.HAL_CAN_ConfigFilter)
    i.HAL_CAN_ErrorCallback                  0x08000814   Section        0  stm32f4xx_hal_can.o(i.HAL_CAN_ErrorCallback)
    i.HAL_CAN_GetRxMessage                   0x08000816   Section        0  stm32f4xx_hal_can.o(i.HAL_CAN_GetRxMessage)
    i.HAL_CAN_IRQHandler                     0x080008fe   Section        0  stm32f4xx_hal_can.o(i.HAL_CAN_IRQHandler)
    i.HAL_CAN_Init                           0x08000afa   Section        0  stm32f4xx_hal_can.o(i.HAL_CAN_Init)
    i.HAL_CAN_MspInit                        0x08000c14   Section        0  stm32f4xx_hal_msp.o(i.HAL_CAN_MspInit)
    i.HAL_CAN_RxFifo0FullCallback            0x08000c90   Section        0  stm32f4xx_hal_can.o(i.HAL_CAN_RxFifo0FullCallback)
    i.HAL_CAN_RxFifo0MsgPendingCallback      0x08000c94   Section        0  can_qr.o(i.HAL_CAN_RxFifo0MsgPendingCallback)
    i.HAL_CAN_RxFifo1FullCallback            0x08000de4   Section        0  stm32f4xx_hal_can.o(i.HAL_CAN_RxFifo1FullCallback)
    i.HAL_CAN_RxFifo1MsgPendingCallback      0x08000de6   Section        0  stm32f4xx_hal_can.o(i.HAL_CAN_RxFifo1MsgPendingCallback)
    i.HAL_CAN_SleepCallback                  0x08000de8   Section        0  stm32f4xx_hal_can.o(i.HAL_CAN_SleepCallback)
    i.HAL_CAN_Start                          0x08000dec   Section        0  stm32f4xx_hal_can.o(i.HAL_CAN_Start)
    i.HAL_CAN_TxMailbox0AbortCallback        0x08000e44   Section        0  stm32f4xx_hal_can.o(i.HAL_CAN_TxMailbox0AbortCallback)
    i.HAL_CAN_TxMailbox0CompleteCallback     0x08000e46   Section        0  stm32f4xx_hal_can.o(i.HAL_CAN_TxMailbox0CompleteCallback)
    i.HAL_CAN_TxMailbox1AbortCallback        0x08000e48   Section        0  stm32f4xx_hal_can.o(i.HAL_CAN_TxMailbox1AbortCallback)
    i.HAL_CAN_TxMailbox1CompleteCallback     0x08000e4a   Section        0  stm32f4xx_hal_can.o(i.HAL_CAN_TxMailbox1CompleteCallback)
    i.HAL_CAN_TxMailbox2AbortCallback        0x08000e4c   Section        0  stm32f4xx_hal_can.o(i.HAL_CAN_TxMailbox2AbortCallback)
    i.HAL_CAN_TxMailbox2CompleteCallback     0x08000e4e   Section        0  stm32f4xx_hal_can.o(i.HAL_CAN_TxMailbox2CompleteCallback)
    i.HAL_CAN_WakeUpFromRxMsgCallback        0x08000e50   Section        0  stm32f4xx_hal_can.o(i.HAL_CAN_WakeUpFromRxMsgCallback)
    i.HAL_DMA_Abort                          0x08000e52   Section        0  stm32f4xx_hal_dma.o(i.HAL_DMA_Abort)
    i.HAL_DMA_Abort_IT                       0x08000ee4   Section        0  stm32f4xx_hal_dma.o(i.HAL_DMA_Abort_IT)
    i.HAL_Delay                              0x08000f08   Section        0  stm32f4xx_hal.o(i.HAL_Delay)
    i.HAL_GPIO_Init                          0x08000f2c   Section        0  stm32f4xx_hal_gpio.o(i.HAL_GPIO_Init)
    i.HAL_GPIO_WritePin                      0x0800111c   Section        0  stm32f4xx_hal_gpio.o(i.HAL_GPIO_WritePin)
    i.HAL_GetTick                            0x08001128   Section        0  stm32f4xx_hal.o(i.HAL_GetTick)
    i.HAL_IncTick                            0x08001134   Section        0  stm32f4xx_hal.o(i.HAL_IncTick)
    i.HAL_Init                               0x08001144   Section        0  stm32f4xx_hal.o(i.HAL_Init)
    i.HAL_InitTick                           0x08001178   Section        0  stm32f4xx_hal.o(i.HAL_InitTick)
    i.HAL_MspInit                            0x080011b8   Section        0  stm32f4xx_hal_msp.o(i.HAL_MspInit)
    i.HAL_NVIC_ClearPendingIRQ               0x080011e8   Section        0  stm32f4xx_hal_cortex.o(i.HAL_NVIC_ClearPendingIRQ)
    i.HAL_NVIC_EnableIRQ                     0x08001202   Section        0  stm32f4xx_hal_cortex.o(i.HAL_NVIC_EnableIRQ)
    i.HAL_NVIC_SetPriority                   0x0800121c   Section        0  stm32f4xx_hal_cortex.o(i.HAL_NVIC_SetPriority)
    i.HAL_NVIC_SetPriorityGrouping           0x0800125c   Section        0  stm32f4xx_hal_cortex.o(i.HAL_NVIC_SetPriorityGrouping)
    i.HAL_RCC_ClockConfig                    0x08001280   Section        0  stm32f4xx_hal_rcc.o(i.HAL_RCC_ClockConfig)
    i.HAL_RCC_GetPCLK1Freq                   0x080013b4   Section        0  stm32f4xx_hal_rcc.o(i.HAL_RCC_GetPCLK1Freq)
    i.HAL_RCC_GetPCLK2Freq                   0x080013d4   Section        0  stm32f4xx_hal_rcc.o(i.HAL_RCC_GetPCLK2Freq)
    i.HAL_RCC_GetSysClockFreq                0x080013f4   Section        0  stm32f4xx_hal_rcc.o(i.HAL_RCC_GetSysClockFreq)
    i.HAL_RCC_OscConfig                      0x08001454   Section        0  stm32f4xx_hal_rcc.o(i.HAL_RCC_OscConfig)
    i.HAL_SYSTICK_Config                     0x080017c0   Section        0  stm32f4xx_hal_cortex.o(i.HAL_SYSTICK_Config)
    i.HAL_UARTEx_RxEventCallback             0x080017e8   Section        0  stm32f4xx_hal_uart.o(i.HAL_UARTEx_RxEventCallback)
    i.HAL_UART_ErrorCallback                 0x080017ea   Section        0  stm32f4xx_hal_uart.o(i.HAL_UART_ErrorCallback)
    i.HAL_UART_IRQHandler                    0x080017ec   Section        0  stm32f4xx_hal_uart.o(i.HAL_UART_IRQHandler)
    i.HAL_UART_Init                          0x08001a54   Section        0  stm32f4xx_hal_uart.o(i.HAL_UART_Init)
    i.HAL_UART_MspInit                       0x08001ab8   Section        0  stm32f4xx_hal_msp.o(i.HAL_UART_MspInit)
    i.HAL_UART_Receive                       0x08001b88   Section        0  stm32f4xx_hal_uart.o(i.HAL_UART_Receive)
    i.HAL_UART_RxCpltCallback                0x08001c48   Section        0  communication.o(i.HAL_UART_RxCpltCallback)
    i.HAL_UART_Transmit                      0x08001c4c   Section        0  stm32f4xx_hal_uart.o(i.HAL_UART_Transmit)
    i.HAL_UART_TxCpltCallback                0x08001cfe   Section        0  stm32f4xx_hal_uart.o(i.HAL_UART_TxCpltCallback)
    i.HardFault_Handler                      0x08001d00   Section        0  stm32f4xx_it.o(i.HardFault_Handler)
    i.IMU_Init                               0x08001d04   Section        0  imu.o(i.IMU_Init)
    i.Kinco_Init                             0x08001d28   Section        0  can_qr.o(i.Kinco_Init)
    i.MX_CAN1_Init                           0x08001d54   Section        0  main.o(i.MX_CAN1_Init)
    MX_CAN1_Init                             0x08001d55   Thumb Code    90  main.o(i.MX_CAN1_Init)
    i.MX_GPIO_Init                           0x08001db8   Section        0  main.o(i.MX_GPIO_Init)
    MX_GPIO_Init                             0x08001db9   Thumb Code   118  main.o(i.MX_GPIO_Init)
    i.MX_USART3_UART_Init                    0x08001e38   Section        0  main.o(i.MX_USART3_UART_Init)
    MX_USART3_UART_Init                      0x08001e39   Thumb Code    62  main.o(i.MX_USART3_UART_Init)
    i.MemManage_Handler                      0x08001e80   Section        0  stm32f4xx_it.o(i.MemManage_Handler)
    i.ModbusMaster_ModbusMasterTransaction   0x08001e84   Section        0  modbus_master.o(i.ModbusMaster_ModbusMasterTransaction)
    i.ModbusMaster_begin                     0x080021cc   Section        0  modbus_master.o(i.ModbusMaster_begin)
    i.ModbusMaster_getResponseBuffer         0x080021dc   Section        0  modbus_master.o(i.ModbusMaster_getResponseBuffer)
    i.ModbusMaster_readInputRegisters        0x080021f4   Section        0  modbus_master.o(i.ModbusMaster_readInputRegisters)
    i.ModbusMaster_writeSingleRegister       0x08002208   Section        0  modbus_master.o(i.ModbusMaster_writeSingleRegister)
    i.Modbus_Master_GetByte                  0x08002224   Section        0  trans_recieve_buff_control.o(i.Modbus_Master_GetByte)
    i.Modbus_Master_Millis                   0x08002240   Section        0  trans_recieve_buff_control.o(i.Modbus_Master_Millis)
    i.Modbus_Master_RB_Initialize            0x08002244   Section        0  trans_recieve_buff_control.o(i.Modbus_Master_RB_Initialize)
    i.Modbus_Master_Read                     0x0800225c   Section        0  trans_recieve_buff_control.o(i.Modbus_Master_Read)
    i.Modbus_Master_Rece_Available           0x08002278   Section        0  trans_recieve_buff_control.o(i.Modbus_Master_Rece_Available)
    i.Modbus_Master_Rece_Flush               0x0800229c   Section        0  trans_recieve_buff_control.o(i.Modbus_Master_Rece_Flush)
    i.Modbus_Master_Rece_Handler             0x080022ac   Section        0  trans_recieve_buff_control.o(i.Modbus_Master_Rece_Handler)
    i.Modbus_Master_Write                    0x080022c8   Section        0  trans_recieve_buff_control.o(i.Modbus_Master_Write)
    i.NMI_Handler                            0x08002308   Section        0  stm32f4xx_it.o(i.NMI_Handler)
    i.PendSV_Handler                         0x0800230a   Section        0  stm32f4xx_it.o(i.PendSV_Handler)
    i.SVC_Handler                            0x0800230c   Section        0  stm32f4xx_it.o(i.SVC_Handler)
    i.SysTick_Handler                        0x0800230e   Section        0  stm32f4xx_it.o(i.SysTick_Handler)
    i.SystemClock_Config                     0x08002314   Section        0  main.o(i.SystemClock_Config)
    i.SystemInit                             0x080023a8   Section        0  system_stm32f4xx.o(i.SystemInit)
    i.UART_DMAAbortOnError                   0x080023b8   Section        0  stm32f4xx_hal_uart.o(i.UART_DMAAbortOnError)
    UART_DMAAbortOnError                     0x080023b9   Thumb Code    16  stm32f4xx_hal_uart.o(i.UART_DMAAbortOnError)
    i.UART_EndRxTransfer                     0x080023c8   Section        0  stm32f4xx_hal_uart.o(i.UART_EndRxTransfer)
    UART_EndRxTransfer                       0x080023c9   Thumb Code    78  stm32f4xx_hal_uart.o(i.UART_EndRxTransfer)
    i.UART_Receive_IT                        0x08002416   Section        0  stm32f4xx_hal_uart.o(i.UART_Receive_IT)
    UART_Receive_IT                          0x08002417   Thumb Code   192  stm32f4xx_hal_uart.o(i.UART_Receive_IT)
    i.UART_SetConfig                         0x080024d8   Section        0  stm32f4xx_hal_uart.o(i.UART_SetConfig)
    UART_SetConfig                           0x080024d9   Thumb Code   258  stm32f4xx_hal_uart.o(i.UART_SetConfig)
    i.UART_WaitOnFlagUntilTimeout            0x080025e4   Section        0  stm32f4xx_hal_uart.o(i.UART_WaitOnFlagUntilTimeout)
    UART_WaitOnFlagUntilTimeout              0x080025e5   Thumb Code   120  stm32f4xx_hal_uart.o(i.UART_WaitOnFlagUntilTimeout)
    i.USART1_IRQHandler                      0x0800265c   Section        0  stm32f4xx_it.o(i.USART1_IRQHandler)
    i.USART3_IRQHandler                      0x08002668   Section        0  stm32f4xx_it.o(i.USART3_IRQHandler)
    i.UsageFault_Handler                     0x0800268c   Section        0  stm32f4xx_it.o(i.UsageFault_Handler)
    i.__NVIC_SetPriority                     0x0800268e   Section        0  stm32f4xx_hal_cortex.o(i.__NVIC_SetPriority)
    __NVIC_SetPriority                       0x0800268f   Thumb Code    32  stm32f4xx_hal_cortex.o(i.__NVIC_SetPriority)
    i.control_agv_distance                   0x080026b0   Section        0  agv_control.o(i.control_agv_distance)
    i.convert_speeds                         0x0800294c   Section        0  can_qr.o(i.convert_speeds)
    i.crc16_update                           0x080029bc   Section        0  modbus_master.o(i.crc16_update)
    crc16_update                             0x080029bd   Thumb Code    28  modbus_master.o(i.crc16_update)
    i.enable_driver                          0x080029d8   Section        0  can_qr.o(i.enable_driver)
    i.kinco_control                          0x08002acc   Section        0  can_qr.o(i.kinco_control)
    i.kinco_get_data                         0x08002cc0   Section        0  can_qr.o(i.kinco_get_data)
    i.main                                   0x08002cf0   Section        0  main.o(i.main)
    i.rbClear                                0x08002de0   Section        0  ringbuffer.o(i.rbClear)
    i.rbInitialize                           0x08002dec   Section        0  ringbuffer.o(i.rbInitialize)
    i.rbIsEmpty                              0x08002dfe   Section        0  ringbuffer.o(i.rbIsEmpty)
    i.rbPop                                  0x08002e0e   Section        0  ringbuffer.o(i.rbPop)
    i.rbPush                                 0x08002e30   Section        0  ringbuffer.o(i.rbPush)
    x$fpl$d2f                                0x08002e54   Section       98  d2f.o(x$fpl$d2f)
    $v0                                      0x08002e54   Number         0  d2f.o(x$fpl$d2f)
    x$fpl$dadd                               0x08002eb8   Section      336  daddsub_clz.o(x$fpl$dadd)
    $v0                                      0x08002eb8   Number         0  daddsub_clz.o(x$fpl$dadd)
    _dadd1                                   0x08002ec9   Thumb Code     0  daddsub_clz.o(x$fpl$dadd)
    x$fpl$ddiv                               0x08003008   Section      688  ddiv.o(x$fpl$ddiv)
    $v0                                      0x08003008   Number         0  ddiv.o(x$fpl$ddiv)
    ddiv_entry                               0x0800300f   Thumb Code     0  ddiv.o(x$fpl$ddiv)
    x$fpl$dfix                               0x080032b8   Section       94  dfix.o(x$fpl$dfix)
    $v0                                      0x080032b8   Number         0  dfix.o(x$fpl$dfix)
    x$fpl$dflt                               0x08003316   Section       46  dflt_clz.o(x$fpl$dflt)
    $v0                                      0x08003316   Number         0  dflt_clz.o(x$fpl$dflt)
    x$fpl$dmul                               0x08003344   Section      340  dmul.o(x$fpl$dmul)
    $v0                                      0x08003344   Number         0  dmul.o(x$fpl$dmul)
    x$fpl$dnaninf                            0x08003498   Section      156  dnaninf.o(x$fpl$dnaninf)
    $v0                                      0x08003498   Number         0  dnaninf.o(x$fpl$dnaninf)
    x$fpl$dretinf                            0x08003534   Section       12  dretinf.o(x$fpl$dretinf)
    $v0                                      0x08003534   Number         0  dretinf.o(x$fpl$dretinf)
    x$fpl$dsub                               0x08003540   Section      468  daddsub_clz.o(x$fpl$dsub)
    $v0                                      0x08003540   Number         0  daddsub_clz.o(x$fpl$dsub)
    _dsub1                                   0x08003551   Thumb Code     0  daddsub_clz.o(x$fpl$dsub)
    x$fpl$f2d                                0x08003714   Section       86  f2d.o(x$fpl$f2d)
    $v0                                      0x08003714   Number         0  f2d.o(x$fpl$f2d)
    x$fpl$fnaninf                            0x0800376a   Section      140  fnaninf.o(x$fpl$fnaninf)
    $v0                                      0x0800376a   Number         0  fnaninf.o(x$fpl$fnaninf)
    x$fpl$fpinit                             0x080037f6   Section       10  fpinit.o(x$fpl$fpinit)
    $v0                                      0x080037f6   Number         0  fpinit.o(x$fpl$fpinit)
    x$fpl$fretinf                            0x08003800   Section       10  fretinf.o(x$fpl$fretinf)
    $v0                                      0x08003800   Number         0  fretinf.o(x$fpl$fretinf)
    .constdata                               0x0800380a   Section       16  system_stm32f4xx.o(.constdata)
    x$fpl$usenofp                            0x0800380a   Section        0  usenofp.o(x$fpl$usenofp)
    .constdata                               0x0800381a   Section        8  system_stm32f4xx.o(.constdata)
    .data                                    0x20000000   Section       12  stm32f4xx_hal.o(.data)
    .data                                    0x2000000c   Section        4  system_stm32f4xx.o(.data)
    .data                                    0x20000010   Section        8  can_qr.o(.data)
    .data                                    0x20000018   Section       14  modbus_master.o(.data)
    .bss                                     0x20000028   Section      208  main.o(.bss)
    .bss                                     0x200000f8   Section       52  can_qr.o(.bss)
    .bss                                     0x2000012c   Section      256  modbus_master.o(.bss)
    .bss                                     0x2000022c   Section      220  trans_recieve_buff_control.o(.bss)
    .bss                                     0x20000308   Section       12  imu.o(.bss)
    .bss                                     0x20000314   Section       84  agv_info.o(.bss)
    .bss                                     0x20000368   Section       96  libspace.o(.bss)
    HEAP                                     0x200003c8   Section      512  startup_stm32f407xx.o(HEAP)
    Heap_Mem                                 0x200003c8   Data         512  startup_stm32f407xx.o(HEAP)
    STACK                                    0x200005c8   Section     1024  startup_stm32f407xx.o(STACK)
    Stack_Mem                                0x200005c8   Data        1024  startup_stm32f407xx.o(STACK)
    __initial_sp                             0x200009c8   Data           0  startup_stm32f407xx.o(STACK)

    Global Symbols

    Symbol Name                              Value     Ov Type        Size  Object(Section)

    BuildAttributes$$THM_ISAv4$E$P$D$K$B$S$7EM$VFPi3$EXTD16$VFPS$VFMA$PE$A:L22UL41UL21$X:L11$S22US41US21$IEEE1$IW$USESV6$~STKCKD$USESV7$~SHL$OTIME$ROPI$IEEEX$EBA8$UX$STANDARDLIB$REQ8$PRES8$EABIv2 0x00000000   Number         0  anon$$obj.o ABSOLUTE
    __ARM_use_no_argv                        0x00000000   Number         0  main.o ABSOLUTE
    __ARM_exceptions_init                     - Undefined Weak Reference
    __alloca_initialize                       - Undefined Weak Reference
    __arm_fini_                               - Undefined Weak Reference
    __arm_preinit_                            - Undefined Weak Reference
    __cpp_initialize__aeabi_                  - Undefined Weak Reference
    __cxa_finalize                            - Undefined Weak Reference
    __rt_locale                               - Undefined Weak Reference
    __sigvec_lookup                           - Undefined Weak Reference
    _atexit_init                              - Undefined Weak Reference
    _call_atexit_fns                          - Undefined Weak Reference
    _clock_init                               - Undefined Weak Reference
    _fp_trap_init                             - Undefined Weak Reference
    _fp_trap_shutdown                         - Undefined Weak Reference
    _get_lc_collate                           - Undefined Weak Reference
    _get_lc_ctype                             - Undefined Weak Reference
    _get_lc_monetary                          - Undefined Weak Reference
    _get_lc_numeric                           - Undefined Weak Reference
    _get_lc_time                              - Undefined Weak Reference
    _getenv_init                              - Undefined Weak Reference
    _handle_redirection                       - Undefined Weak Reference
    _init_alloc                               - Undefined Weak Reference
    _init_user_alloc                          - Undefined Weak Reference
    _initio                                   - Undefined Weak Reference
    _rand_init                                - Undefined Weak Reference
    _signal_finish                            - Undefined Weak Reference
    _signal_init                              - Undefined Weak Reference
    _terminate_alloc                          - Undefined Weak Reference
    _terminate_user_alloc                     - Undefined Weak Reference
    _terminateio                              - Undefined Weak Reference
    __Vectors_Size                           0x00000188   Number         0  startup_stm32f407xx.o ABSOLUTE
    __Vectors                                0x08000000   Data           4  startup_stm32f407xx.o(RESET)
    __Vectors_End                            0x08000188   Data           0  startup_stm32f407xx.o(RESET)
    __main                                   0x08000189   Thumb Code     8  __main.o(!!!main)
    __scatterload                            0x08000191   Thumb Code     0  __scatter.o(!!!scatter)
    __scatterload_rt2                        0x08000191   Thumb Code    44  __scatter.o(!!!scatter)
    __scatterload_rt2_thumb_only             0x08000191   Thumb Code     0  __scatter.o(!!!scatter)
    __scatterload_null                       0x0800019f   Thumb Code     0  __scatter.o(!!!scatter)
    __scatterload_copy                       0x080001c5   Thumb Code    26  __scatter_copy.o(!!handler_copy)
    __scatterload_zeroinit                   0x080001e1   Thumb Code    28  __scatter_zi.o(!!handler_zi)
    __rt_lib_init                            0x080001fd   Thumb Code     0  libinit.o(.ARM.Collect$$libinit$$00000000)
    __rt_lib_init_fp_1                       0x080001ff   Thumb Code     0  libinit2.o(.ARM.Collect$$libinit$$00000001)
    __rt_lib_init_alloca_1                   0x08000203   Thumb Code     0  libinit2.o(.ARM.Collect$$libinit$$0000002E)
    __rt_lib_init_argv_1                     0x08000203   Thumb Code     0  libinit2.o(.ARM.Collect$$libinit$$0000002C)
    __rt_lib_init_atexit_1                   0x08000203   Thumb Code     0  libinit2.o(.ARM.Collect$$libinit$$0000001B)
    __rt_lib_init_clock_1                    0x08000203   Thumb Code     0  libinit2.o(.ARM.Collect$$libinit$$00000021)
    __rt_lib_init_cpp_1                      0x08000203   Thumb Code     0  libinit2.o(.ARM.Collect$$libinit$$00000032)
    __rt_lib_init_exceptions_1               0x08000203   Thumb Code     0  libinit2.o(.ARM.Collect$$libinit$$00000030)
    __rt_lib_init_fp_trap_1                  0x08000203   Thumb Code     0  libinit2.o(.ARM.Collect$$libinit$$0000001F)
    __rt_lib_init_getenv_1                   0x08000203   Thumb Code     0  libinit2.o(.ARM.Collect$$libinit$$00000023)
    __rt_lib_init_heap_1                     0x08000203   Thumb Code     0  libinit2.o(.ARM.Collect$$libinit$$0000000A)
    __rt_lib_init_lc_collate_1               0x08000203   Thumb Code     0  libinit2.o(.ARM.Collect$$libinit$$00000011)
    __rt_lib_init_lc_ctype_1                 0x08000203   Thumb Code     0  libinit2.o(.ARM.Collect$$libinit$$00000013)
    __rt_lib_init_lc_monetary_1              0x08000203   Thumb Code     0  libinit2.o(.ARM.Collect$$libinit$$00000015)
    __rt_lib_init_lc_numeric_1               0x08000203   Thumb Code     0  libinit2.o(.ARM.Collect$$libinit$$00000017)
    __rt_lib_init_lc_time_1                  0x08000203   Thumb Code     0  libinit2.o(.ARM.Collect$$libinit$$00000019)
    __rt_lib_init_preinit_1                  0x08000203   Thumb Code     0  libinit2.o(.ARM.Collect$$libinit$$00000004)
    __rt_lib_init_rand_1                     0x08000203   Thumb Code     0  libinit2.o(.ARM.Collect$$libinit$$0000000E)
    __rt_lib_init_return                     0x08000203   Thumb Code     0  libinit2.o(.ARM.Collect$$libinit$$00000033)
    __rt_lib_init_signal_1                   0x08000203   Thumb Code     0  libinit2.o(.ARM.Collect$$libinit$$0000001D)
    __rt_lib_init_stdio_1                    0x08000203   Thumb Code     0  libinit2.o(.ARM.Collect$$libinit$$00000025)
    __rt_lib_init_user_alloc_1               0x08000203   Thumb Code     0  libinit2.o(.ARM.Collect$$libinit$$0000000C)
    __rt_lib_shutdown                        0x08000205   Thumb Code     0  libshutdown.o(.ARM.Collect$$libshutdown$$00000000)
    __rt_lib_shutdown_cpp_1                  0x08000207   Thumb Code     0  libshutdown2.o(.ARM.Collect$$libshutdown$$00000004)
    __rt_lib_shutdown_fini_1                 0x08000207   Thumb Code     0  libshutdown2.o(.ARM.Collect$$libshutdown$$00000002)
    __rt_lib_shutdown_fp_trap_1              0x08000207   Thumb Code     0  libshutdown2.o(.ARM.Collect$$libshutdown$$00000009)
    __rt_lib_shutdown_heap_1                 0x08000207   Thumb Code     0  libshutdown2.o(.ARM.Collect$$libshutdown$$00000011)
    __rt_lib_shutdown_return                 0x08000207   Thumb Code     0  libshutdown2.o(.ARM.Collect$$libshutdown$$00000012)
    __rt_lib_shutdown_signal_1               0x08000207   Thumb Code     0  libshutdown2.o(.ARM.Collect$$libshutdown$$0000000C)
    __rt_lib_shutdown_stdio_1                0x08000207   Thumb Code     0  libshutdown2.o(.ARM.Collect$$libshutdown$$00000006)
    __rt_lib_shutdown_user_alloc_1           0x08000207   Thumb Code     0  libshutdown2.o(.ARM.Collect$$libshutdown$$0000000E)
    __rt_entry                               0x08000209   Thumb Code     0  __rtentry.o(.ARM.Collect$$rtentry$$00000000)
    __rt_entry_presh_1                       0x08000209   Thumb Code     0  __rtentry2.o(.ARM.Collect$$rtentry$$00000002)
    __rt_entry_sh                            0x08000209   Thumb Code     0  __rtentry4.o(.ARM.Collect$$rtentry$$00000004)
    __rt_entry_li                            0x0800020f   Thumb Code     0  __rtentry2.o(.ARM.Collect$$rtentry$$0000000A)
    __rt_entry_postsh_1                      0x0800020f   Thumb Code     0  __rtentry2.o(.ARM.Collect$$rtentry$$00000009)
    __rt_entry_main                          0x08000213   Thumb Code     0  __rtentry2.o(.ARM.Collect$$rtentry$$0000000D)
    __rt_entry_postli_1                      0x08000213   Thumb Code     0  __rtentry2.o(.ARM.Collect$$rtentry$$0000000C)
    __rt_exit                                0x0800021b   Thumb Code     0  rtexit.o(.ARM.Collect$$rtexit$$00000000)
    __rt_exit_ls                             0x0800021d   Thumb Code     0  rtexit2.o(.ARM.Collect$$rtexit$$00000003)
    __rt_exit_prels_1                        0x0800021d   Thumb Code     0  rtexit2.o(.ARM.Collect$$rtexit$$00000002)
    __rt_exit_exit                           0x08000221   Thumb Code     0  rtexit2.o(.ARM.Collect$$rtexit$$00000004)
    Reset_Handler                            0x08000229   Thumb Code     8  startup_stm32f407xx.o(.text)
    ADC_IRQHandler                           0x08000243   Thumb Code     0  startup_stm32f407xx.o(.text)
    CAN1_RX1_IRQHandler                      0x08000243   Thumb Code     0  startup_stm32f407xx.o(.text)
    CAN1_SCE_IRQHandler                      0x08000243   Thumb Code     0  startup_stm32f407xx.o(.text)
    CAN1_TX_IRQHandler                       0x08000243   Thumb Code     0  startup_stm32f407xx.o(.text)
    CAN2_RX0_IRQHandler                      0x08000243   Thumb Code     0  startup_stm32f407xx.o(.text)
    CAN2_RX1_IRQHandler                      0x08000243   Thumb Code     0  startup_stm32f407xx.o(.text)
    CAN2_SCE_IRQHandler                      0x08000243   Thumb Code     0  startup_stm32f407xx.o(.text)
    CAN2_TX_IRQHandler                       0x08000243   Thumb Code     0  startup_stm32f407xx.o(.text)
    DCMI_IRQHandler                          0x08000243   Thumb Code     0  startup_stm32f407xx.o(.text)
    DMA1_Stream0_IRQHandler                  0x08000243   Thumb Code     0  startup_stm32f407xx.o(.text)
    DMA1_Stream1_IRQHandler                  0x08000243   Thumb Code     0  startup_stm32f407xx.o(.text)
    DMA1_Stream2_IRQHandler                  0x08000243   Thumb Code     0  startup_stm32f407xx.o(.text)
    DMA1_Stream3_IRQHandler                  0x08000243   Thumb Code     0  startup_stm32f407xx.o(.text)
    DMA1_Stream4_IRQHandler                  0x08000243   Thumb Code     0  startup_stm32f407xx.o(.text)
    DMA1_Stream5_IRQHandler                  0x08000243   Thumb Code     0  startup_stm32f407xx.o(.text)
    DMA1_Stream6_IRQHandler                  0x08000243   Thumb Code     0  startup_stm32f407xx.o(.text)
    DMA1_Stream7_IRQHandler                  0x08000243   Thumb Code     0  startup_stm32f407xx.o(.text)
    DMA2_Stream0_IRQHandler                  0x08000243   Thumb Code     0  startup_stm32f407xx.o(.text)
    DMA2_Stream1_IRQHandler                  0x08000243   Thumb Code     0  startup_stm32f407xx.o(.text)
    DMA2_Stream2_IRQHandler                  0x08000243   Thumb Code     0  startup_stm32f407xx.o(.text)
    DMA2_Stream3_IRQHandler                  0x08000243   Thumb Code     0  startup_stm32f407xx.o(.text)
    DMA2_Stream4_IRQHandler                  0x08000243   Thumb Code     0  startup_stm32f407xx.o(.text)
    DMA2_Stream5_IRQHandler                  0x08000243   Thumb Code     0  startup_stm32f407xx.o(.text)
    DMA2_Stream6_IRQHandler                  0x08000243   Thumb Code     0  startup_stm32f407xx.o(.text)
    DMA2_Stream7_IRQHandler                  0x08000243   Thumb Code     0  startup_stm32f407xx.o(.text)
    ETH_IRQHandler                           0x08000243   Thumb Code     0  startup_stm32f407xx.o(.text)
    ETH_WKUP_IRQHandler                      0x08000243   Thumb Code     0  startup_stm32f407xx.o(.text)
    EXTI0_IRQHandler                         0x08000243   Thumb Code     0  startup_stm32f407xx.o(.text)
    EXTI15_10_IRQHandler                     0x08000243   Thumb Code     0  startup_stm32f407xx.o(.text)
    EXTI1_IRQHandler                         0x08000243   Thumb Code     0  startup_stm32f407xx.o(.text)
    EXTI2_IRQHandler                         0x08000243   Thumb Code     0  startup_stm32f407xx.o(.text)
    EXTI3_IRQHandler                         0x08000243   Thumb Code     0  startup_stm32f407xx.o(.text)
    EXTI4_IRQHandler                         0x08000243   Thumb Code     0  startup_stm32f407xx.o(.text)
    EXTI9_5_IRQHandler                       0x08000243   Thumb Code     0  startup_stm32f407xx.o(.text)
    FLASH_IRQHandler                         0x08000243   Thumb Code     0  startup_stm32f407xx.o(.text)
    FMC_IRQHandler                           0x08000243   Thumb Code     0  startup_stm32f407xx.o(.text)
    FPU_IRQHandler                           0x08000243   Thumb Code     0  startup_stm32f407xx.o(.text)
    HASH_RNG_IRQHandler                      0x08000243   Thumb Code     0  startup_stm32f407xx.o(.text)
    I2C1_ER_IRQHandler                       0x08000243   Thumb Code     0  startup_stm32f407xx.o(.text)
    I2C1_EV_IRQHandler                       0x08000243   Thumb Code     0  startup_stm32f407xx.o(.text)
    I2C2_ER_IRQHandler                       0x08000243   Thumb Code     0  startup_stm32f407xx.o(.text)
    I2C2_EV_IRQHandler                       0x08000243   Thumb Code     0  startup_stm32f407xx.o(.text)
    I2C3_ER_IRQHandler                       0x08000243   Thumb Code     0  startup_stm32f407xx.o(.text)
    I2C3_EV_IRQHandler                       0x08000243   Thumb Code     0  startup_stm32f407xx.o(.text)
    OTG_FS_IRQHandler                        0x08000243   Thumb Code     0  startup_stm32f407xx.o(.text)
    OTG_FS_WKUP_IRQHandler                   0x08000243   Thumb Code     0  startup_stm32f407xx.o(.text)
    OTG_HS_EP1_IN_IRQHandler                 0x08000243   Thumb Code     0  startup_stm32f407xx.o(.text)
    OTG_HS_EP1_OUT_IRQHandler                0x08000243   Thumb Code     0  startup_stm32f407xx.o(.text)
    OTG_HS_IRQHandler                        0x08000243   Thumb Code     0  startup_stm32f407xx.o(.text)
    OTG_HS_WKUP_IRQHandler                   0x08000243   Thumb Code     0  startup_stm32f407xx.o(.text)
    PVD_IRQHandler                           0x08000243   Thumb Code     0  startup_stm32f407xx.o(.text)
    RCC_IRQHandler                           0x08000243   Thumb Code     0  startup_stm32f407xx.o(.text)
    RTC_Alarm_IRQHandler                     0x08000243   Thumb Code     0  startup_stm32f407xx.o(.text)
    RTC_WKUP_IRQHandler                      0x08000243   Thumb Code     0  startup_stm32f407xx.o(.text)
    SDIO_IRQHandler                          0x08000243   Thumb Code     0  startup_stm32f407xx.o(.text)
    SPI1_IRQHandler                          0x08000243   Thumb Code     0  startup_stm32f407xx.o(.text)
    SPI2_IRQHandler                          0x08000243   Thumb Code     0  startup_stm32f407xx.o(.text)
    SPI3_IRQHandler                          0x08000243   Thumb Code     0  startup_stm32f407xx.o(.text)
    TAMP_STAMP_IRQHandler                    0x08000243   Thumb Code     0  startup_stm32f407xx.o(.text)
    TIM1_BRK_TIM9_IRQHandler                 0x08000243   Thumb Code     0  startup_stm32f407xx.o(.text)
    TIM1_CC_IRQHandler                       0x08000243   Thumb Code     0  startup_stm32f407xx.o(.text)
    TIM1_TRG_COM_TIM11_IRQHandler            0x08000243   Thumb Code     0  startup_stm32f407xx.o(.text)
    TIM1_UP_TIM10_IRQHandler                 0x08000243   Thumb Code     0  startup_stm32f407xx.o(.text)
    TIM2_IRQHandler                          0x08000243   Thumb Code     0  startup_stm32f407xx.o(.text)
    TIM3_IRQHandler                          0x08000243   Thumb Code     0  startup_stm32f407xx.o(.text)
    TIM4_IRQHandler                          0x08000243   Thumb Code     0  startup_stm32f407xx.o(.text)
    TIM5_IRQHandler                          0x08000243   Thumb Code     0  startup_stm32f407xx.o(.text)
    TIM6_DAC_IRQHandler                      0x08000243   Thumb Code     0  startup_stm32f407xx.o(.text)
    TIM7_IRQHandler                          0x08000243   Thumb Code     0  startup_stm32f407xx.o(.text)
    TIM8_BRK_TIM12_IRQHandler                0x08000243   Thumb Code     0  startup_stm32f407xx.o(.text)
    TIM8_CC_IRQHandler                       0x08000243   Thumb Code     0  startup_stm32f407xx.o(.text)
    TIM8_TRG_COM_TIM14_IRQHandler            0x08000243   Thumb Code     0  startup_stm32f407xx.o(.text)
    TIM8_UP_TIM13_IRQHandler                 0x08000243   Thumb Code     0  startup_stm32f407xx.o(.text)
    UART4_IRQHandler                         0x08000243   Thumb Code     0  startup_stm32f407xx.o(.text)
    UART5_IRQHandler                         0x08000243   Thumb Code     0  startup_stm32f407xx.o(.text)
    USART2_IRQHandler                        0x08000243   Thumb Code     0  startup_stm32f407xx.o(.text)
    USART6_IRQHandler                        0x08000243   Thumb Code     0  startup_stm32f407xx.o(.text)
    WWDG_IRQHandler                          0x08000243   Thumb Code     0  startup_stm32f407xx.o(.text)
    __user_initial_stackheap                 0x08000245   Thumb Code     0  startup_stm32f407xx.o(.text)
    __aeabi_uldivmod                         0x08000269   Thumb Code     0  lludivv7m.o(.text)
    _ll_udiv                                 0x08000269   Thumb Code   238  lludivv7m.o(.text)
    __aeabi_memcpy4                          0x08000357   Thumb Code     0  rt_memcpy_w.o(.text)
    __aeabi_memcpy8                          0x08000357   Thumb Code     0  rt_memcpy_w.o(.text)
    __rt_memcpy_w                            0x08000357   Thumb Code   100  rt_memcpy_w.o(.text)
    _memcpy_lastbytes_aligned                0x0800039f   Thumb Code     0  rt_memcpy_w.o(.text)
    __aeabi_memclr4                          0x080003bb   Thumb Code     0  rt_memclr_w.o(.text)
    __aeabi_memclr8                          0x080003bb   Thumb Code     0  rt_memclr_w.o(.text)
    __rt_memclr_w                            0x080003bb   Thumb Code    78  rt_memclr_w.o(.text)
    _memset_w                                0x080003bf   Thumb Code     0  rt_memclr_w.o(.text)
    __use_two_region_memory                  0x08000409   Thumb Code     2  heapauxi.o(.text)
    __rt_heap_escrow$2region                 0x0800040b   Thumb Code     2  heapauxi.o(.text)
    __rt_heap_expand$2region                 0x0800040d   Thumb Code     2  heapauxi.o(.text)
    __user_libspace                          0x08000411   Thumb Code     8  libspace.o(.text)
    __user_perproc_libspace                  0x08000411   Thumb Code     0  libspace.o(.text)
    __user_perthread_libspace                0x08000411   Thumb Code     0  libspace.o(.text)
    __user_setup_stackheap                   0x08000419   Thumb Code    74  sys_stackheap_outer.o(.text)
    exit                                     0x08000463   Thumb Code    18  exit.o(.text)
    _sys_exit                                0x08000475   Thumb Code     8  sys_exit.o(.text)
    __I$use$semihosting                      0x08000481   Thumb Code     0  use_no_semi.o(.text)
    __use_no_semihosting_swi                 0x08000481   Thumb Code     2  use_no_semi.o(.text)
    __semihosting_library_function           0x08000483   Thumb Code     0  indicate_semi.o(.text)
    AGV_init                                 0x08000485   Thumb Code    96  agv_info.o(i.AGV_init)
    BusFault_Handler                         0x08000529   Thumb Code     2  stm32f4xx_it.o(i.BusFault_Handler)
    CAN1_RX0_IRQHandler                      0x0800052d   Thumb Code     6  stm32f4xx_it.o(i.CAN1_RX0_IRQHandler)
    DebugMon_Handler                         0x08000539   Thumb Code     2  stm32f4xx_it.o(i.DebugMon_Handler)
    Error_Handler                            0x0800053b   Thumb Code     4  main.o(i.Error_Handler)
    GET_CAMERA                               0x08000541   Thumb Code   190  camera.o(i.GET_CAMERA)
    HAL_CAN_ActivateNotification             0x08000609   Thumb Code    36  stm32f4xx_hal_can.o(i.HAL_CAN_ActivateNotification)
    HAL_CAN_AddTxMessage                     0x0800062d   Thumb Code   220  stm32f4xx_hal_can.o(i.HAL_CAN_AddTxMessage)
    HAL_CAN_ConfigFilter                     0x08000709   Thumb Code   262  stm32f4xx_hal_can.o(i.HAL_CAN_ConfigFilter)
    HAL_CAN_ErrorCallback                    0x08000815   Thumb Code     2  stm32f4xx_hal_can.o(i.HAL_CAN_ErrorCallback)
    HAL_CAN_GetRxMessage                     0x08000817   Thumb Code   232  stm32f4xx_hal_can.o(i.HAL_CAN_GetRxMessage)
    HAL_CAN_IRQHandler                       0x080008ff   Thumb Code   508  stm32f4xx_hal_can.o(i.HAL_CAN_IRQHandler)
    HAL_CAN_Init                             0x08000afb   Thumb Code   282  stm32f4xx_hal_can.o(i.HAL_CAN_Init)
    HAL_CAN_MspInit                          0x08000c15   Thumb Code   110  stm32f4xx_hal_msp.o(i.HAL_CAN_MspInit)
    HAL_CAN_RxFifo0FullCallback              0x08000c91   Thumb Code     2  stm32f4xx_hal_can.o(i.HAL_CAN_RxFifo0FullCallback)
    HAL_CAN_RxFifo0MsgPendingCallback        0x08000c95   Thumb Code   310  can_qr.o(i.HAL_CAN_RxFifo0MsgPendingCallback)
    HAL_CAN_RxFifo1FullCallback              0x08000de5   Thumb Code     2  stm32f4xx_hal_can.o(i.HAL_CAN_RxFifo1FullCallback)
    HAL_CAN_RxFifo1MsgPendingCallback        0x08000de7   Thumb Code     2  stm32f4xx_hal_can.o(i.HAL_CAN_RxFifo1MsgPendingCallback)
    HAL_CAN_SleepCallback                    0x08000de9   Thumb Code     2  stm32f4xx_hal_can.o(i.HAL_CAN_SleepCallback)
    HAL_CAN_Start                            0x08000ded   Thumb Code    88  stm32f4xx_hal_can.o(i.HAL_CAN_Start)
    HAL_CAN_TxMailbox0AbortCallback          0x08000e45   Thumb Code     2  stm32f4xx_hal_can.o(i.HAL_CAN_TxMailbox0AbortCallback)
    HAL_CAN_TxMailbox0CompleteCallback       0x08000e47   Thumb Code     2  stm32f4xx_hal_can.o(i.HAL_CAN_TxMailbox0CompleteCallback)
    HAL_CAN_TxMailbox1AbortCallback          0x08000e49   Thumb Code     2  stm32f4xx_hal_can.o(i.HAL_CAN_TxMailbox1AbortCallback)
    HAL_CAN_TxMailbox1CompleteCallback       0x08000e4b   Thumb Code     2  stm32f4xx_hal_can.o(i.HAL_CAN_TxMailbox1CompleteCallback)
    HAL_CAN_TxMailbox2AbortCallback          0x08000e4d   Thumb Code     2  stm32f4xx_hal_can.o(i.HAL_CAN_TxMailbox2AbortCallback)
    HAL_CAN_TxMailbox2CompleteCallback       0x08000e4f   Thumb Code     2  stm32f4xx_hal_can.o(i.HAL_CAN_TxMailbox2CompleteCallback)
    HAL_CAN_WakeUpFromRxMsgCallback          0x08000e51   Thumb Code     2  stm32f4xx_hal_can.o(i.HAL_CAN_WakeUpFromRxMsgCallback)
    HAL_DMA_Abort                            0x08000e53   Thumb Code   146  stm32f4xx_hal_dma.o(i.HAL_DMA_Abort)
    HAL_DMA_Abort_IT                         0x08000ee5   Thumb Code    36  stm32f4xx_hal_dma.o(i.HAL_DMA_Abort_IT)
    HAL_Delay                                0x08000f09   Thumb Code    32  stm32f4xx_hal.o(i.HAL_Delay)
    HAL_GPIO_Init                            0x08000f2d   Thumb Code   450  stm32f4xx_hal_gpio.o(i.HAL_GPIO_Init)
    HAL_GPIO_WritePin                        0x0800111d   Thumb Code    10  stm32f4xx_hal_gpio.o(i.HAL_GPIO_WritePin)
    HAL_GetTick                              0x08001129   Thumb Code     6  stm32f4xx_hal.o(i.HAL_GetTick)
    HAL_IncTick                              0x08001135   Thumb Code    12  stm32f4xx_hal.o(i.HAL_IncTick)
    HAL_Init                                 0x08001145   Thumb Code    48  stm32f4xx_hal.o(i.HAL_Init)
    HAL_InitTick                             0x08001179   Thumb Code    54  stm32f4xx_hal.o(i.HAL_InitTick)
    HAL_MspInit                              0x080011b9   Thumb Code    42  stm32f4xx_hal_msp.o(i.HAL_MspInit)
    HAL_NVIC_ClearPendingIRQ                 0x080011e9   Thumb Code    26  stm32f4xx_hal_cortex.o(i.HAL_NVIC_ClearPendingIRQ)
    HAL_NVIC_EnableIRQ                       0x08001203   Thumb Code    26  stm32f4xx_hal_cortex.o(i.HAL_NVIC_EnableIRQ)
    HAL_NVIC_SetPriority                     0x0800121d   Thumb Code    60  stm32f4xx_hal_cortex.o(i.HAL_NVIC_SetPriority)
    HAL_NVIC_SetPriorityGrouping             0x0800125d   Thumb Code    26  stm32f4xx_hal_cortex.o(i.HAL_NVIC_SetPriorityGrouping)
    HAL_RCC_ClockConfig                      0x08001281   Thumb Code   288  stm32f4xx_hal_rcc.o(i.HAL_RCC_ClockConfig)
    HAL_RCC_GetPCLK1Freq                     0x080013b5   Thumb Code    20  stm32f4xx_hal_rcc.o(i.HAL_RCC_GetPCLK1Freq)
    HAL_RCC_GetPCLK2Freq                     0x080013d5   Thumb Code    20  stm32f4xx_hal_rcc.o(i.HAL_RCC_GetPCLK2Freq)
    HAL_RCC_GetSysClockFreq                  0x080013f5   Thumb Code    88  stm32f4xx_hal_rcc.o(i.HAL_RCC_GetSysClockFreq)
    HAL_RCC_OscConfig                        0x08001455   Thumb Code   856  stm32f4xx_hal_rcc.o(i.HAL_RCC_OscConfig)
    HAL_SYSTICK_Config                       0x080017c1   Thumb Code    40  stm32f4xx_hal_cortex.o(i.HAL_SYSTICK_Config)
    HAL_UARTEx_RxEventCallback               0x080017e9   Thumb Code     2  stm32f4xx_hal_uart.o(i.HAL_UARTEx_RxEventCallback)
    HAL_UART_ErrorCallback                   0x080017eb   Thumb Code     2  stm32f4xx_hal_uart.o(i.HAL_UART_ErrorCallback)
    HAL_UART_IRQHandler                      0x080017ed   Thumb Code   610  stm32f4xx_hal_uart.o(i.HAL_UART_IRQHandler)
    HAL_UART_Init                            0x08001a55   Thumb Code    98  stm32f4xx_hal_uart.o(i.HAL_UART_Init)
    HAL_UART_MspInit                         0x08001ab9   Thumb Code   186  stm32f4xx_hal_msp.o(i.HAL_UART_MspInit)
    HAL_UART_Receive                         0x08001b89   Thumb Code   192  stm32f4xx_hal_uart.o(i.HAL_UART_Receive)
    HAL_UART_RxCpltCallback                  0x08001c49   Thumb Code     2  communication.o(i.HAL_UART_RxCpltCallback)
    HAL_UART_Transmit                        0x08001c4d   Thumb Code   178  stm32f4xx_hal_uart.o(i.HAL_UART_Transmit)
    HAL_UART_TxCpltCallback                  0x08001cff   Thumb Code     2  stm32f4xx_hal_uart.o(i.HAL_UART_TxCpltCallback)
    HardFault_Handler                        0x08001d01   Thumb Code     2  stm32f4xx_it.o(i.HardFault_Handler)
    IMU_Init                                 0x08001d05   Thumb Code    32  imu.o(i.IMU_Init)
    Kinco_Init                               0x08001d29   Thumb Code    34  can_qr.o(i.Kinco_Init)
    MemManage_Handler                        0x08001e81   Thumb Code     2  stm32f4xx_it.o(i.MemManage_Handler)
    ModbusMaster_ModbusMasterTransaction     0x08001e85   Thumb Code   830  modbus_master.o(i.ModbusMaster_ModbusMasterTransaction)
    ModbusMaster_begin                       0x080021cd   Thumb Code    12  modbus_master.o(i.ModbusMaster_begin)
    ModbusMaster_getResponseBuffer           0x080021dd   Thumb Code    18  modbus_master.o(i.ModbusMaster_getResponseBuffer)
    ModbusMaster_readInputRegisters          0x080021f5   Thumb Code    14  modbus_master.o(i.ModbusMaster_readInputRegisters)
    ModbusMaster_writeSingleRegister         0x08002209   Thumb Code    20  modbus_master.o(i.ModbusMaster_writeSingleRegister)
    Modbus_Master_GetByte                    0x08002225   Thumb Code    22  trans_recieve_buff_control.o(i.Modbus_Master_GetByte)
    Modbus_Master_Millis                     0x08002241   Thumb Code     4  trans_recieve_buff_control.o(i.Modbus_Master_Millis)
    Modbus_Master_RB_Initialize              0x08002245   Thumb Code    18  trans_recieve_buff_control.o(i.Modbus_Master_RB_Initialize)
    Modbus_Master_Read                       0x0800225d   Thumb Code    24  trans_recieve_buff_control.o(i.Modbus_Master_Read)
    Modbus_Master_Rece_Available             0x08002279   Thumb Code    32  trans_recieve_buff_control.o(i.Modbus_Master_Rece_Available)
    Modbus_Master_Rece_Flush                 0x0800229d   Thumb Code    10  trans_recieve_buff_control.o(i.Modbus_Master_Rece_Flush)
    Modbus_Master_Rece_Handler               0x080022ad   Thumb Code    24  trans_recieve_buff_control.o(i.Modbus_Master_Rece_Handler)
    Modbus_Master_Write                      0x080022c9   Thumb Code    56  trans_recieve_buff_control.o(i.Modbus_Master_Write)
    NMI_Handler                              0x08002309   Thumb Code     2  stm32f4xx_it.o(i.NMI_Handler)
    PendSV_Handler                           0x0800230b   Thumb Code     2  stm32f4xx_it.o(i.PendSV_Handler)
    SVC_Handler                              0x0800230d   Thumb Code     2  stm32f4xx_it.o(i.SVC_Handler)
    SysTick_Handler                          0x0800230f   Thumb Code     4  stm32f4xx_it.o(i.SysTick_Handler)
    SystemClock_Config                       0x08002315   Thumb Code   138  main.o(i.SystemClock_Config)
    SystemInit                               0x080023a9   Thumb Code    12  system_stm32f4xx.o(i.SystemInit)
    USART1_IRQHandler                        0x0800265d   Thumb Code     6  stm32f4xx_it.o(i.USART1_IRQHandler)
    USART3_IRQHandler                        0x08002669   Thumb Code    32  stm32f4xx_it.o(i.USART3_IRQHandler)
    UsageFault_Handler                       0x0800268d   Thumb Code     2  stm32f4xx_it.o(i.UsageFault_Handler)
    control_agv_distance                     0x080026b1   Thumb Code   594  agv_control.o(i.control_agv_distance)
    convert_speeds                           0x0800294d   Thumb Code    92  can_qr.o(i.convert_speeds)
    enable_driver                            0x080029d9   Thumb Code   220  can_qr.o(i.enable_driver)
    kinco_control                            0x08002acd   Thumb Code   478  can_qr.o(i.kinco_control)
    kinco_get_data                           0x08002cc1   Thumb Code    34  can_qr.o(i.kinco_get_data)
    main                                     0x08002cf1   Thumb Code   208  main.o(i.main)
    rbClear                                  0x08002de1   Thumb Code    12  ringbuffer.o(i.rbClear)
    rbInitialize                             0x08002ded   Thumb Code    18  ringbuffer.o(i.rbInitialize)
    rbIsEmpty                                0x08002dff   Thumb Code    16  ringbuffer.o(i.rbIsEmpty)
    rbPop                                    0x08002e0f   Thumb Code    34  ringbuffer.o(i.rbPop)
    rbPush                                   0x08002e31   Thumb Code    36  ringbuffer.o(i.rbPush)
    __aeabi_d2f                              0x08002e55   Thumb Code     0  d2f.o(x$fpl$d2f)
    _d2f                                     0x08002e55   Thumb Code    98  d2f.o(x$fpl$d2f)
    __aeabi_dadd                             0x08002eb9   Thumb Code     0  daddsub_clz.o(x$fpl$dadd)
    _dadd                                    0x08002eb9   Thumb Code   332  daddsub_clz.o(x$fpl$dadd)
    __aeabi_ddiv                             0x08003009   Thumb Code     0  ddiv.o(x$fpl$ddiv)
    _ddiv                                    0x08003009   Thumb Code   552  ddiv.o(x$fpl$ddiv)
    __aeabi_d2iz                             0x080032b9   Thumb Code     0  dfix.o(x$fpl$dfix)
    _dfix                                    0x080032b9   Thumb Code    94  dfix.o(x$fpl$dfix)
    __aeabi_i2d                              0x08003317   Thumb Code     0  dflt_clz.o(x$fpl$dflt)
    _dflt                                    0x08003317   Thumb Code    46  dflt_clz.o(x$fpl$dflt)
    __aeabi_dmul                             0x08003345   Thumb Code     0  dmul.o(x$fpl$dmul)
    _dmul                                    0x08003345   Thumb Code   332  dmul.o(x$fpl$dmul)
    __fpl_dnaninf                            0x08003499   Thumb Code   156  dnaninf.o(x$fpl$dnaninf)
    __fpl_dretinf                            0x08003535   Thumb Code    12  dretinf.o(x$fpl$dretinf)
    __aeabi_dsub                             0x08003541   Thumb Code     0  daddsub_clz.o(x$fpl$dsub)
    _dsub                                    0x08003541   Thumb Code   464  daddsub_clz.o(x$fpl$dsub)
    __aeabi_f2d                              0x08003715   Thumb Code     0  f2d.o(x$fpl$f2d)
    _f2d                                     0x08003715   Thumb Code    86  f2d.o(x$fpl$f2d)
    __fpl_fnaninf                            0x0800376b   Thumb Code   140  fnaninf.o(x$fpl$fnaninf)
    _fp_init                                 0x080037f7   Thumb Code    10  fpinit.o(x$fpl$fpinit)
    __fplib_config_fpu_vfp                   0x080037ff   Thumb Code     0  fpinit.o(x$fpl$fpinit)
    __fplib_config_pureend_doubles           0x080037ff   Thumb Code     0  fpinit.o(x$fpl$fpinit)
    __fpl_fretinf                            0x08003801   Thumb Code    10  fretinf.o(x$fpl$fretinf)
    AHBPrescTable                            0x0800380a   Data          16  system_stm32f4xx.o(.constdata)
    __I$use$fp                               0x0800380a   Number         0  usenofp.o(x$fpl$usenofp)
    APBPrescTable                            0x0800381a   Data           8  system_stm32f4xx.o(.constdata)
    Region$$Table$$Base                      0x08003824   Number         0  anon$$obj.o(Region$$Table)
    Region$$Table$$Limit                     0x08003844   Number         0  anon$$obj.o(Region$$Table)
    uwTickFreq                               0x20000000   Data           1  stm32f4xx_hal.o(.data)
    uwTickPrio                               0x20000004   Data           4  stm32f4xx_hal.o(.data)
    uwTick                                   0x20000008   Data           4  stm32f4xx_hal.o(.data)
    SystemCoreClock                          0x2000000c   Data           4  system_stm32f4xx.o(.data)
    TxMailbox                                0x20000010   Data           4  can_qr.o(.data)
    check                                    0x20000014   Data           4  can_qr.o(.data)
    _u8MBSlave                               0x20000018   Data           1  modbus_master.o(.data)
    _u8TransmitBufferIndex                   0x20000019   Data           1  modbus_master.o(.data)
    _u8ResponseBufferIndex                   0x2000001a   Data           1  modbus_master.o(.data)
    _u8ResponseBufferLength                  0x2000001b   Data           1  modbus_master.o(.data)
    _u16ReadAddress                          0x2000001c   Data           2  modbus_master.o(.data)
    _u16ReadQty                              0x2000001e   Data           2  modbus_master.o(.data)
    _u16WriteAddress                         0x20000020   Data           2  modbus_master.o(.data)
    _u16WriteQty                             0x20000022   Data           2  modbus_master.o(.data)
    u16TransmitBufferLength                  0x20000024   Data           2  modbus_master.o(.data)
    hcan1                                    0x20000028   Data          40  main.o(.bss)
    huart1                                   0x20000050   Data          68  main.o(.bss)
    huart3                                   0x20000094   Data          68  main.o(.bss)
    cam                                      0x200000d8   Data          32  main.o(.bss)
    txHeader                                 0x200000f8   Data          24  can_qr.o(.bss)
    rxHeader                                 0x20000110   Data          28  can_qr.o(.bss)
    _u16ResponseBuffer                       0x2000012c   Data         128  modbus_master.o(.bss)
    _u16TransmitBuffer                       0x200001ac   Data         128  modbus_master.o(.bss)
    m_Modbus_Master_RX_RingBuff              0x2000022c   Data          20  trans_recieve_buff_control.o(.bss)
    m_Modbus_Master_RX_Buff                  0x20000240   Data         200  trans_recieve_buff_control.o(.bss)
    IMU_DATA                                 0x20000308   Data          12  imu.o(.bss)
    CHASSIC                                  0x20000314   Data          24  agv_info.o(.bss)
    DEVICE                                   0x2000032c   Data          20  agv_info.o(.bss)
    LOCALIZATION                             0x20000340   Data          40  agv_info.o(.bss)
    __libspace_start                         0x20000368   Data          96  libspace.o(.bss)
    __temporary_stack_top$libspace           0x200003c8   Data           0  libspace.o(.bss)



==============================================================================

Memory Map of the image

  Image Entry point : 0x08000189

  Load Region LR_IROM1 (Base: 0x08000000, Size: 0x0000386c, Max: 0x00100000, ABSOLUTE)

    Execution Region ER_IROM1 (Exec base: 0x08000000, Load base: 0x08000000, Size: 0x00003844, Max: 0x00100000, ABSOLUTE)

    Exec Addr    Load Addr    Size         Type   Attr      Idx    E Section Name        Object

    0x08000000   0x08000000   0x00000188   Data   RO            3    RESET               startup_stm32f407xx.o
    0x08000188   0x08000188   0x00000008   Code   RO         2693  * !!!main             c_w.l(__main.o)
    0x08000190   0x08000190   0x00000034   Code   RO         2968    !!!scatter          c_w.l(__scatter.o)
    0x080001c4   0x080001c4   0x0000001a   Code   RO         2970    !!handler_copy      c_w.l(__scatter_copy.o)
    0x080001de   0x080001de   0x00000002   PAD
    0x080001e0   0x080001e0   0x0000001c   Code   RO         2972    !!handler_zi        c_w.l(__scatter_zi.o)
    0x080001fc   0x080001fc   0x00000002   Code   RO         2839    .ARM.Collect$$libinit$$00000000  c_w.l(libinit.o)
    0x080001fe   0x080001fe   0x00000004   Code   RO         2848    .ARM.Collect$$libinit$$00000001  c_w.l(libinit2.o)
    0x08000202   0x08000202   0x00000000   Code   RO         2851    .ARM.Collect$$libinit$$00000004  c_w.l(libinit2.o)
    0x08000202   0x08000202   0x00000000   Code   RO         2854    .ARM.Collect$$libinit$$0000000A  c_w.l(libinit2.o)
    0x08000202   0x08000202   0x00000000   Code   RO         2856    .ARM.Collect$$libinit$$0000000C  c_w.l(libinit2.o)
    0x08000202   0x08000202   0x00000000   Code   RO         2858    .ARM.Collect$$libinit$$0000000E  c_w.l(libinit2.o)
    0x08000202   0x08000202   0x00000000   Code   RO         2861    .ARM.Collect$$libinit$$00000011  c_w.l(libinit2.o)
    0x08000202   0x08000202   0x00000000   Code   RO         2863    .ARM.Collect$$libinit$$00000013  c_w.l(libinit2.o)
    0x08000202   0x08000202   0x00000000   Code   RO         2865    .ARM.Collect$$libinit$$00000015  c_w.l(libinit2.o)
    0x08000202   0x08000202   0x00000000   Code   RO         2867    .ARM.Collect$$libinit$$00000017  c_w.l(libinit2.o)
    0x08000202   0x08000202   0x00000000   Code   RO         2869    .ARM.Collect$$libinit$$00000019  c_w.l(libinit2.o)
    0x08000202   0x08000202   0x00000000   Code   RO         2871    .ARM.Collect$$libinit$$0000001B  c_w.l(libinit2.o)
    0x08000202   0x08000202   0x00000000   Code   RO         2873    .ARM.Collect$$libinit$$0000001D  c_w.l(libinit2.o)
    0x08000202   0x08000202   0x00000000   Code   RO         2875    .ARM.Collect$$libinit$$0000001F  c_w.l(libinit2.o)
    0x08000202   0x08000202   0x00000000   Code   RO         2877    .ARM.Collect$$libinit$$00000021  c_w.l(libinit2.o)
    0x08000202   0x08000202   0x00000000   Code   RO         2879    .ARM.Collect$$libinit$$00000023  c_w.l(libinit2.o)
    0x08000202   0x08000202   0x00000000   Code   RO         2881    .ARM.Collect$$libinit$$00000025  c_w.l(libinit2.o)
    0x08000202   0x08000202   0x00000000   Code   RO         2885    .ARM.Collect$$libinit$$0000002C  c_w.l(libinit2.o)
    0x08000202   0x08000202   0x00000000   Code   RO         2887    .ARM.Collect$$libinit$$0000002E  c_w.l(libinit2.o)
    0x08000202   0x08000202   0x00000000   Code   RO         2889    .ARM.Collect$$libinit$$00000030  c_w.l(libinit2.o)
    0x08000202   0x08000202   0x00000000   Code   RO         2891    .ARM.Collect$$libinit$$00000032  c_w.l(libinit2.o)
    0x08000202   0x08000202   0x00000002   Code   RO         2892    .ARM.Collect$$libinit$$00000033  c_w.l(libinit2.o)
    0x08000204   0x08000204   0x00000002   Code   RO         2923    .ARM.Collect$$libshutdown$$00000000  c_w.l(libshutdown.o)
    0x08000206   0x08000206   0x00000000   Code   RO         2949    .ARM.Collect$$libshutdown$$00000002  c_w.l(libshutdown2.o)
    0x08000206   0x08000206   0x00000000   Code   RO         2951    .ARM.Collect$$libshutdown$$00000004  c_w.l(libshutdown2.o)
    0x08000206   0x08000206   0x00000000   Code   RO         2953    .ARM.Collect$$libshutdown$$00000006  c_w.l(libshutdown2.o)
    0x08000206   0x08000206   0x00000000   Code   RO         2956    .ARM.Collect$$libshutdown$$00000009  c_w.l(libshutdown2.o)
    0x08000206   0x08000206   0x00000000   Code   RO         2959    .ARM.Collect$$libshutdown$$0000000C  c_w.l(libshutdown2.o)
    0x08000206   0x08000206   0x00000000   Code   RO         2961    .ARM.Collect$$libshutdown$$0000000E  c_w.l(libshutdown2.o)
    0x08000206   0x08000206   0x00000000   Code   RO         2964    .ARM.Collect$$libshutdown$$00000011  c_w.l(libshutdown2.o)
    0x08000206   0x08000206   0x00000002   Code   RO         2965    .ARM.Collect$$libshutdown$$00000012  c_w.l(libshutdown2.o)
    0x08000208   0x08000208   0x00000000   Code   RO         2745    .ARM.Collect$$rtentry$$00000000  c_w.l(__rtentry.o)
    0x08000208   0x08000208   0x00000000   Code   RO         2792    .ARM.Collect$$rtentry$$00000002  c_w.l(__rtentry2.o)
    0x08000208   0x08000208   0x00000006   Code   RO         2804    .ARM.Collect$$rtentry$$00000004  c_w.l(__rtentry4.o)
    0x0800020e   0x0800020e   0x00000000   Code   RO         2794    .ARM.Collect$$rtentry$$00000009  c_w.l(__rtentry2.o)
    0x0800020e   0x0800020e   0x00000004   Code   RO         2795    .ARM.Collect$$rtentry$$0000000A  c_w.l(__rtentry2.o)
    0x08000212   0x08000212   0x00000000   Code   RO         2797    .ARM.Collect$$rtentry$$0000000C  c_w.l(__rtentry2.o)
    0x08000212   0x08000212   0x00000008   Code   RO         2798    .ARM.Collect$$rtentry$$0000000D  c_w.l(__rtentry2.o)
    0x0800021a   0x0800021a   0x00000002   Code   RO         2840    .ARM.Collect$$rtexit$$00000000  c_w.l(rtexit.o)
    0x0800021c   0x0800021c   0x00000000   Code   RO         2896    .ARM.Collect$$rtexit$$00000002  c_w.l(rtexit2.o)
    0x0800021c   0x0800021c   0x00000004   Code   RO         2897    .ARM.Collect$$rtexit$$00000003  c_w.l(rtexit2.o)
    0x08000220   0x08000220   0x00000006   Code   RO         2898    .ARM.Collect$$rtexit$$00000004  c_w.l(rtexit2.o)
    0x08000226   0x08000226   0x00000002   PAD
    0x08000228   0x08000228   0x00000040   Code   RO            4    .text               startup_stm32f407xx.o
    0x08000268   0x08000268   0x000000ee   Code   RO         2685    .text               c_w.l(lludivv7m.o)
    0x08000356   0x08000356   0x00000064   Code   RO         2687    .text               c_w.l(rt_memcpy_w.o)
    0x080003ba   0x080003ba   0x0000004e   Code   RO         2689    .text               c_w.l(rt_memclr_w.o)
    0x08000408   0x08000408   0x00000006   Code   RO         2691    .text               c_w.l(heapauxi.o)
    0x0800040e   0x0800040e   0x00000002   PAD
    0x08000410   0x08000410   0x00000008   Code   RO         2823    .text               c_w.l(libspace.o)
    0x08000418   0x08000418   0x0000004a   Code   RO         2826    .text               c_w.l(sys_stackheap_outer.o)
    0x08000462   0x08000462   0x00000012   Code   RO         2828    .text               c_w.l(exit.o)
    0x08000474   0x08000474   0x0000000c   Code   RO         2893    .text               c_w.l(sys_exit.o)
    0x08000480   0x08000480   0x00000002   Code   RO         2912    .text               c_w.l(use_no_semi.o)
    0x08000482   0x08000482   0x00000000   Code   RO         2914    .text               c_w.l(indicate_semi.o)
    0x08000482   0x08000482   0x00000002   PAD
    0x08000484   0x08000484   0x000000a4   Code   RO         2563    i.AGV_init          agv_info.o
    0x08000528   0x08000528   0x00000002   Code   RO          185    i.BusFault_Handler  stm32f4xx_it.o
    0x0800052a   0x0800052a   0x00000002   PAD
    0x0800052c   0x0800052c   0x0000000c   Code   RO          186    i.CAN1_RX0_IRQHandler  stm32f4xx_it.o
    0x08000538   0x08000538   0x00000002   Code   RO          187    i.DebugMon_Handler  stm32f4xx_it.o
    0x0800053a   0x0800053a   0x00000004   Code   RO           13    i.Error_Handler     main.o
    0x0800053e   0x0800053e   0x00000002   PAD
    0x08000540   0x08000540   0x000000c8   Code   RO         2662    i.GET_CAMERA        camera.o
    0x08000608   0x08000608   0x00000024   Code   RO          334    i.HAL_CAN_ActivateNotification  stm32f4xx_hal_can.o
    0x0800062c   0x0800062c   0x000000dc   Code   RO          335    i.HAL_CAN_AddTxMessage  stm32f4xx_hal_can.o
    0x08000708   0x08000708   0x0000010c   Code   RO          336    i.HAL_CAN_ConfigFilter  stm32f4xx_hal_can.o
    0x08000814   0x08000814   0x00000002   Code   RO          339    i.HAL_CAN_ErrorCallback  stm32f4xx_hal_can.o
    0x08000816   0x08000816   0x000000e8   Code   RO          342    i.HAL_CAN_GetRxMessage  stm32f4xx_hal_can.o
    0x080008fe   0x080008fe   0x000001fc   Code   RO          346    i.HAL_CAN_IRQHandler  stm32f4xx_hal_can.o
    0x08000afa   0x08000afa   0x0000011a   Code   RO          347    i.HAL_CAN_Init      stm32f4xx_hal_can.o
    0x08000c14   0x08000c14   0x0000007c   Code   RO          286    i.HAL_CAN_MspInit   stm32f4xx_hal_msp.o
    0x08000c90   0x08000c90   0x00000002   Code   RO          354    i.HAL_CAN_RxFifo0FullCallback  stm32f4xx_hal_can.o
    0x08000c92   0x08000c92   0x00000002   PAD
    0x08000c94   0x08000c94   0x00000150   Code   RO         2130    i.HAL_CAN_RxFifo0MsgPendingCallback  can_qr.o
    0x08000de4   0x08000de4   0x00000002   Code   RO          356    i.HAL_CAN_RxFifo1FullCallback  stm32f4xx_hal_can.o
    0x08000de6   0x08000de6   0x00000002   Code   RO          357    i.HAL_CAN_RxFifo1MsgPendingCallback  stm32f4xx_hal_can.o
    0x08000de8   0x08000de8   0x00000002   Code   RO          358    i.HAL_CAN_SleepCallback  stm32f4xx_hal_can.o
    0x08000dea   0x08000dea   0x00000002   PAD
    0x08000dec   0x08000dec   0x00000058   Code   RO          359    i.HAL_CAN_Start     stm32f4xx_hal_can.o
    0x08000e44   0x08000e44   0x00000002   Code   RO          361    i.HAL_CAN_TxMailbox0AbortCallback  stm32f4xx_hal_can.o
    0x08000e46   0x08000e46   0x00000002   Code   RO          362    i.HAL_CAN_TxMailbox0CompleteCallback  stm32f4xx_hal_can.o
    0x08000e48   0x08000e48   0x00000002   Code   RO          363    i.HAL_CAN_TxMailbox1AbortCallback  stm32f4xx_hal_can.o
    0x08000e4a   0x08000e4a   0x00000002   Code   RO          364    i.HAL_CAN_TxMailbox1CompleteCallback  stm32f4xx_hal_can.o
    0x08000e4c   0x08000e4c   0x00000002   Code   RO          365    i.HAL_CAN_TxMailbox2AbortCallback  stm32f4xx_hal_can.o
    0x08000e4e   0x08000e4e   0x00000002   Code   RO          366    i.HAL_CAN_TxMailbox2CompleteCallback  stm32f4xx_hal_can.o
    0x08000e50   0x08000e50   0x00000002   Code   RO          368    i.HAL_CAN_WakeUpFromRxMsgCallback  stm32f4xx_hal_can.o
    0x08000e52   0x08000e52   0x00000092   Code   RO         1029    i.HAL_DMA_Abort     stm32f4xx_hal_dma.o
    0x08000ee4   0x08000ee4   0x00000024   Code   RO         1030    i.HAL_DMA_Abort_IT  stm32f4xx_hal_dma.o
    0x08000f08   0x08000f08   0x00000024   Code   RO         1448    i.HAL_Delay         stm32f4xx_hal.o
    0x08000f2c   0x08000f2c   0x000001f0   Code   RO          922    i.HAL_GPIO_Init     stm32f4xx_hal_gpio.o
    0x0800111c   0x0800111c   0x0000000a   Code   RO          926    i.HAL_GPIO_WritePin  stm32f4xx_hal_gpio.o
    0x08001126   0x08001126   0x00000002   PAD
    0x08001128   0x08001128   0x0000000c   Code   RO         1454    i.HAL_GetTick       stm32f4xx_hal.o
    0x08001134   0x08001134   0x00000010   Code   RO         1460    i.HAL_IncTick       stm32f4xx_hal.o
    0x08001144   0x08001144   0x00000034   Code   RO         1461    i.HAL_Init          stm32f4xx_hal.o
    0x08001178   0x08001178   0x00000040   Code   RO         1462    i.HAL_InitTick      stm32f4xx_hal.o
    0x080011b8   0x080011b8   0x00000030   Code   RO          287    i.HAL_MspInit       stm32f4xx_hal_msp.o
    0x080011e8   0x080011e8   0x0000001a   Code   RO         1309    i.HAL_NVIC_ClearPendingIRQ  stm32f4xx_hal_cortex.o
    0x08001202   0x08001202   0x0000001a   Code   RO         1311    i.HAL_NVIC_EnableIRQ  stm32f4xx_hal_cortex.o
    0x0800121c   0x0800121c   0x00000040   Code   RO         1317    i.HAL_NVIC_SetPriority  stm32f4xx_hal_cortex.o
    0x0800125c   0x0800125c   0x00000024   Code   RO         1318    i.HAL_NVIC_SetPriorityGrouping  stm32f4xx_hal_cortex.o
    0x08001280   0x08001280   0x00000134   Code   RO          568    i.HAL_RCC_ClockConfig  stm32f4xx_hal_rcc.o
    0x080013b4   0x080013b4   0x00000020   Code   RO          575    i.HAL_RCC_GetPCLK1Freq  stm32f4xx_hal_rcc.o
    0x080013d4   0x080013d4   0x00000020   Code   RO          576    i.HAL_RCC_GetPCLK2Freq  stm32f4xx_hal_rcc.o
    0x080013f4   0x080013f4   0x00000060   Code   RO          577    i.HAL_RCC_GetSysClockFreq  stm32f4xx_hal_rcc.o
    0x08001454   0x08001454   0x0000036c   Code   RO          580    i.HAL_RCC_OscConfig  stm32f4xx_hal_rcc.o
    0x080017c0   0x080017c0   0x00000028   Code   RO         1322    i.HAL_SYSTICK_Config  stm32f4xx_hal_cortex.o
    0x080017e8   0x080017e8   0x00000002   Code   RO         1746    i.HAL_UARTEx_RxEventCallback  stm32f4xx_hal_uart.o
    0x080017ea   0x080017ea   0x00000002   Code   RO         1760    i.HAL_UART_ErrorCallback  stm32f4xx_hal_uart.o
    0x080017ec   0x080017ec   0x00000268   Code   RO         1763    i.HAL_UART_IRQHandler  stm32f4xx_hal_uart.o
    0x08001a54   0x08001a54   0x00000062   Code   RO         1764    i.HAL_UART_Init     stm32f4xx_hal_uart.o
    0x08001ab6   0x08001ab6   0x00000002   PAD
    0x08001ab8   0x08001ab8   0x000000d0   Code   RO          289    i.HAL_UART_MspInit  stm32f4xx_hal_msp.o
    0x08001b88   0x08001b88   0x000000c0   Code   RO         1767    i.HAL_UART_Receive  stm32f4xx_hal_uart.o
    0x08001c48   0x08001c48   0x00000002   Code   RO         2637    i.HAL_UART_RxCpltCallback  communication.o
    0x08001c4a   0x08001c4a   0x00000002   PAD
    0x08001c4c   0x08001c4c   0x000000b2   Code   RO         1772    i.HAL_UART_Transmit  stm32f4xx_hal_uart.o
    0x08001cfe   0x08001cfe   0x00000002   Code   RO         1775    i.HAL_UART_TxCpltCallback  stm32f4xx_hal_uart.o
    0x08001d00   0x08001d00   0x00000002   Code   RO          188    i.HardFault_Handler  stm32f4xx_it.o
    0x08001d02   0x08001d02   0x00000002   PAD
    0x08001d04   0x08001d04   0x00000024   Code   RO         2519    i.IMU_Init          imu.o
    0x08001d28   0x08001d28   0x0000002c   Code   RO         2131    i.Kinco_Init        can_qr.o
    0x08001d54   0x08001d54   0x00000064   Code   RO           14    i.MX_CAN1_Init      main.o
    0x08001db8   0x08001db8   0x00000080   Code   RO           15    i.MX_GPIO_Init      main.o
    0x08001e38   0x08001e38   0x00000048   Code   RO           16    i.MX_USART3_UART_Init  main.o
    0x08001e80   0x08001e80   0x00000002   Code   RO          189    i.MemManage_Handler  stm32f4xx_it.o
    0x08001e82   0x08001e82   0x00000002   PAD
    0x08001e84   0x08001e84   0x00000348   Code   RO         2197    i.ModbusMaster_ModbusMasterTransaction  modbus_master.o
    0x080021cc   0x080021cc   0x00000010   Code   RO         2199    i.ModbusMaster_begin  modbus_master.o
    0x080021dc   0x080021dc   0x00000018   Code   RO         2203    i.ModbusMaster_getResponseBuffer  modbus_master.o
    0x080021f4   0x080021f4   0x00000014   Code   RO         2208    i.ModbusMaster_readInputRegisters  modbus_master.o
    0x08002208   0x08002208   0x0000001c   Code   RO         2220    i.ModbusMaster_writeSingleRegister  modbus_master.o
    0x08002224   0x08002224   0x0000001c   Code   RO         2449    i.Modbus_Master_GetByte  trans_recieve_buff_control.o
    0x08002240   0x08002240   0x00000004   Code   RO         2450    i.Modbus_Master_Millis  trans_recieve_buff_control.o
    0x08002244   0x08002244   0x00000018   Code   RO         2451    i.Modbus_Master_RB_Initialize  trans_recieve_buff_control.o
    0x0800225c   0x0800225c   0x0000001c   Code   RO         2452    i.Modbus_Master_Read  trans_recieve_buff_control.o
    0x08002278   0x08002278   0x00000024   Code   RO         2453    i.Modbus_Master_Rece_Available  trans_recieve_buff_control.o
    0x0800229c   0x0800229c   0x00000010   Code   RO         2454    i.Modbus_Master_Rece_Flush  trans_recieve_buff_control.o
    0x080022ac   0x080022ac   0x0000001c   Code   RO         2455    i.Modbus_Master_Rece_Handler  trans_recieve_buff_control.o
    0x080022c8   0x080022c8   0x00000040   Code   RO         2456    i.Modbus_Master_Write  trans_recieve_buff_control.o
    0x08002308   0x08002308   0x00000002   Code   RO          190    i.NMI_Handler       stm32f4xx_it.o
    0x0800230a   0x0800230a   0x00000002   Code   RO          191    i.PendSV_Handler    stm32f4xx_it.o
    0x0800230c   0x0800230c   0x00000002   Code   RO          192    i.SVC_Handler       stm32f4xx_it.o
    0x0800230e   0x0800230e   0x00000004   Code   RO          193    i.SysTick_Handler   stm32f4xx_it.o
    0x08002312   0x08002312   0x00000002   PAD
    0x08002314   0x08002314   0x00000094   Code   RO           17    i.SystemClock_Config  main.o
    0x080023a8   0x080023a8   0x00000010   Code   RO         2093    i.SystemInit        system_stm32f4xx.o
    0x080023b8   0x080023b8   0x00000010   Code   RO         1777    i.UART_DMAAbortOnError  stm32f4xx_hal_uart.o
    0x080023c8   0x080023c8   0x0000004e   Code   RO         1787    i.UART_EndRxTransfer  stm32f4xx_hal_uart.o
    0x08002416   0x08002416   0x000000c0   Code   RO         1789    i.UART_Receive_IT   stm32f4xx_hal_uart.o
    0x080024d6   0x080024d6   0x00000002   PAD
    0x080024d8   0x080024d8   0x0000010c   Code   RO         1790    i.UART_SetConfig    stm32f4xx_hal_uart.o
    0x080025e4   0x080025e4   0x00000078   Code   RO         1793    i.UART_WaitOnFlagUntilTimeout  stm32f4xx_hal_uart.o
    0x0800265c   0x0800265c   0x0000000c   Code   RO          194    i.USART1_IRQHandler  stm32f4xx_it.o
    0x08002668   0x08002668   0x00000024   Code   RO          195    i.USART3_IRQHandler  stm32f4xx_it.o
    0x0800268c   0x0800268c   0x00000002   Code   RO          196    i.UsageFault_Handler  stm32f4xx_it.o
    0x0800268e   0x0800268e   0x00000020   Code   RO         1324    i.__NVIC_SetPriority  stm32f4xx_hal_cortex.o
    0x080026ae   0x080026ae   0x00000002   PAD
    0x080026b0   0x080026b0   0x0000029c   Code   RO         2592    i.control_agv_distance  agv_control.o
    0x0800294c   0x0800294c   0x00000070   Code   RO         2133    i.convert_speeds    can_qr.o
    0x080029bc   0x080029bc   0x0000001c   Code   RO         2221    i.crc16_update      modbus_master.o
    0x080029d8   0x080029d8   0x000000f4   Code   RO         2134    i.enable_driver     can_qr.o
    0x08002acc   0x08002acc   0x000001f4   Code   RO         2135    i.kinco_control     can_qr.o
    0x08002cc0   0x08002cc0   0x00000030   Code   RO         2136    i.kinco_get_data    can_qr.o
    0x08002cf0   0x08002cf0   0x000000f0   Code   RO           18    i.main              main.o
    0x08002de0   0x08002de0   0x0000000c   Code   RO         2382    i.rbClear           ringbuffer.o
    0x08002dec   0x08002dec   0x00000012   Code   RO         2384    i.rbInitialize      ringbuffer.o
    0x08002dfe   0x08002dfe   0x00000010   Code   RO         2385    i.rbIsEmpty         ringbuffer.o
    0x08002e0e   0x08002e0e   0x00000022   Code   RO         2387    i.rbPop             ringbuffer.o
    0x08002e30   0x08002e30   0x00000024   Code   RO         2388    i.rbPush            ringbuffer.o
    0x08002e54   0x08002e54   0x00000062   Code   RO         2695    x$fpl$d2f           fz_wm.l(d2f.o)
    0x08002eb6   0x08002eb6   0x00000002   PAD
    0x08002eb8   0x08002eb8   0x00000150   Code   RO         2697    x$fpl$dadd          fz_wm.l(daddsub_clz.o)
    0x08003008   0x08003008   0x000002b0   Code   RO         2704    x$fpl$ddiv          fz_wm.l(ddiv.o)
    0x080032b8   0x080032b8   0x0000005e   Code   RO         2707    x$fpl$dfix          fz_wm.l(dfix.o)
    0x08003316   0x08003316   0x0000002e   Code   RO         2712    x$fpl$dflt          fz_wm.l(dflt_clz.o)
    0x08003344   0x08003344   0x00000154   Code   RO         2717    x$fpl$dmul          fz_wm.l(dmul.o)
    0x08003498   0x08003498   0x0000009c   Code   RO         2754    x$fpl$dnaninf       fz_wm.l(dnaninf.o)
    0x08003534   0x08003534   0x0000000c   Code   RO         2756    x$fpl$dretinf       fz_wm.l(dretinf.o)
    0x08003540   0x08003540   0x000001d4   Code   RO         2699    x$fpl$dsub          fz_wm.l(daddsub_clz.o)
    0x08003714   0x08003714   0x00000056   Code   RO         2719    x$fpl$f2d           fz_wm.l(f2d.o)
    0x0800376a   0x0800376a   0x0000008c   Code   RO         2758    x$fpl$fnaninf       fz_wm.l(fnaninf.o)
    0x080037f6   0x080037f6   0x0000000a   Code   RO         2908    x$fpl$fpinit        fz_wm.l(fpinit.o)
    0x08003800   0x08003800   0x0000000a   Code   RO         2760    x$fpl$fretinf       fz_wm.l(fretinf.o)
    0x0800380a   0x0800380a   0x00000000   Code   RO         2762    x$fpl$usenofp       fz_wm.l(usenofp.o)
    0x0800380a   0x0800380a   0x00000010   Data   RO         2094    .constdata          system_stm32f4xx.o
    0x0800381a   0x0800381a   0x00000008   Data   RO         2095    .constdata          system_stm32f4xx.o
    0x08003822   0x08003822   0x00000002   PAD
    0x08003824   0x08003824   0x00000020   Data   RO         2966    Region$$Table       anon$$obj.o


    Execution Region RW_IRAM2 (Exec base: 0x10000000, Load base: 0x0800386c, Size: 0x00000000, Max: 0x00100000, ABSOLUTE)

    **** No section assigned to this execution region ****


    Execution Region RW_IRAM1 (Exec base: 0x20000000, Load base: 0x08003844, Size: 0x000009c8, Max: 0x00200000, ABSOLUTE)

    Exec Addr    Load Addr    Size         Type   Attr      Idx    E Section Name        Object

    0x20000000   0x08003844   0x0000000c   Data   RW         1468    .data               stm32f4xx_hal.o
    0x2000000c   0x08003850   0x00000004   Data   RW         2096    .data               system_stm32f4xx.o
    0x20000010   0x08003854   0x00000008   Data   RW         2138    .data               can_qr.o
    0x20000018   0x0800385c   0x0000000e   Data   RW         2223    .data               modbus_master.o
    0x20000026   0x0800386a   0x00000002   PAD
    0x20000028        -       0x000000d0   Zero   RW           19    .bss                main.o
    0x200000f8        -       0x00000034   Zero   RW         2137    .bss                can_qr.o
    0x2000012c        -       0x00000100   Zero   RW         2222    .bss                modbus_master.o
    0x2000022c        -       0x000000dc   Zero   RW         2457    .bss                trans_recieve_buff_control.o
    0x20000308        -       0x0000000c   Zero   RW         2521    .bss                imu.o
    0x20000314        -       0x00000054   Zero   RW         2564    .bss                agv_info.o
    0x20000368        -       0x00000060   Zero   RW         2824    .bss                c_w.l(libspace.o)
    0x200003c8        -       0x00000200   Zero   RW            2    HEAP                startup_stm32f407xx.o
    0x200005c8        -       0x00000400   Zero   RW            1    STACK               startup_stm32f407xx.o


==============================================================================

Image component sizes


      Code (inc. data)   RO Data    RW Data    ZI Data      Debug   Object Name

       668         74          0          0          0       1471   agv_control.o
       164         68          0          0         84        749   agv_info.o
       200         10          0          0          0        997   camera.o
      1284        116          0          8         52       5330   can_qr.o
         2          0          0          0          0        723   communication.o
        36          4          0          0         12        630   imu.o
       692         72          0          0        208     673484   main.o
       956         40          0         14        256       8216   modbus_master.o
       116          0          0          0          0       3550   ringbuffer.o
        64         26        392          0       1536        824   startup_stm32f407xx.o
       180         28          0         12          0       9249   stm32f4xx_hal.o
      1658          6          0          0          0      13859   stm32f4xx_hal_can.o
       224         14          0          0          0      34510   stm32f4xx_hal_cortex.o
       182          0          0          0          0       2039   stm32f4xx_hal_dma.o
       506         46          0          0          0       2132   stm32f4xx_hal_gpio.o
       380         42          0          0          0       2371   stm32f4xx_hal_msp.o
      1344         72          0          0          0       5120   stm32f4xx_hal_rcc.o
      1764         16          0          0          0      10897   stm32f4xx_hal_uart.o
        80         16          0          0          0       5400   stm32f4xx_it.o
        16          4         24          4          0       1067   system_stm32f4xx.o
       228         38          0          0        220       5456   trans_recieve_buff_control.o

    ----------------------------------------------------------------------
     10768        692        450         40       2368     788074   Object Totals
         0          0         32          0          0          0   (incl. Generated)
        24          0          2          2          0          0   (incl. Padding)

    ----------------------------------------------------------------------

      Code (inc. data)   RO Data    RW Data    ZI Data      Debug   Library Member Name

         8          0          0          0          0         68   __main.o
         0          0          0          0          0          0   __rtentry.o
        12          0          0          0          0          0   __rtentry2.o
         6          0          0          0          0          0   __rtentry4.o
        52          8          0          0          0          0   __scatter.o
        26          0          0          0          0          0   __scatter_copy.o
        28          0          0          0          0          0   __scatter_zi.o
        18          0          0          0          0         80   exit.o
         6          0          0          0          0        152   heapauxi.o
         0          0          0          0          0          0   indicate_semi.o
         2          0          0          0          0          0   libinit.o
         6          0          0          0          0          0   libinit2.o
         2          0          0          0          0          0   libshutdown.o
         2          0          0          0          0          0   libshutdown2.o
         8          4          0          0         96         68   libspace.o
       238          0          0          0          0        100   lludivv7m.o
        78          0          0          0          0         80   rt_memclr_w.o
       100          0          0          0          0         80   rt_memcpy_w.o
         2          0          0          0          0          0   rtexit.o
        10          0          0          0          0          0   rtexit2.o
        12          4          0          0          0         68   sys_exit.o
        74          0          0          0          0         80   sys_stackheap_outer.o
         2          0          0          0          0         68   use_no_semi.o
        98          4          0          0          0        140   d2f.o
       804         16          0          0          0        368   daddsub_clz.o
       688        140          0          0          0        256   ddiv.o
        94          4          0          0          0        140   dfix.o
        46          0          0          0          0        116   dflt_clz.o
       340         12          0          0          0        152   dmul.o
       156          4          0          0          0        140   dnaninf.o
        12          0          0          0          0        116   dretinf.o
        86          4          0          0          0        132   f2d.o
       140          4          0          0          0        132   fnaninf.o
        10          0          0          0          0        116   fpinit.o
        10          0          0          0          0        116   fretinf.o
         0          0          0          0          0          0   usenofp.o

    ----------------------------------------------------------------------
      3186        204          0          0         96       2768   Library Totals
        10          0          0          0          0          0   (incl. Padding)

    ----------------------------------------------------------------------

      Code (inc. data)   RO Data    RW Data    ZI Data      Debug   Library Name

       692         16          0          0         96        844   c_w.l
      2484        188          0          0          0       1924   fz_wm.l

    ----------------------------------------------------------------------
      3186        204          0          0         96       2768   Library Totals

    ----------------------------------------------------------------------

==============================================================================


      Code (inc. data)   RO Data    RW Data    ZI Data      Debug   

     13954        896        450         40       2464     779930   Grand Totals
     13954        896        450         40       2464     779930   ELF Image Totals
     13954        896        450         40          0          0   ROM Totals

==============================================================================

    Total RO  Size (Code + RO Data)                14404 (  14.07kB)
    Total RW  Size (RW Data + ZI Data)              2504 (   2.45kB)
    Total ROM Size (Code + RO Data + RW Data)      14444 (  14.11kB)

==============================================================================

