<html>
<body>
<pre>
<h1>µVision Build Log</h1>
<h2>Tool Versions:</h2>
IDE-Version: µVision V5.36.0.0
Copyright (C) 2021 ARM Ltd and ARM Germany GmbH. All rights reserved.
License Information: Phuc Nguyen Quang, Esa, LIC=----
 
Tool Versions:
Toolchain:       MDK-Lite  Version: 5.36.0.0
Toolchain Path:  D:\Keil_v5\ARM\ARMCC\Bin
C Compiler:      Armcc.exe V5.06 update 7 (build 960)
Assembler:       Armasm.exe V5.06 update 7 (build 960)
Linker/Locator:  ArmLink.exe V5.06 update 7 (build 960)
Library Manager: ArmAr.exe V5.06 update 7 (build 960)
Hex Converter:   FromElf.exe V5.06 update 7 (build 960)
CPU DLL:         SARMCM3.DLL V5.36.0.0
Dialog DLL:      DCM.DLL V1.17.3.0
Target DLL:      STLink\ST-LINKIII-KEIL_SWO.dll V3.0.9.0
Dialog DLL:      TCM.DLL V1.53.0.0
 
<h2>Project:</h2>
E:\qrcods_stm\qr\MDK-ARM\qr.uvprojx
Project File Date:  12/29/2021

<h2>Output:</h2>
*** Using Compiler 'V5.06 update 7 (build 960)', folder: 'D:\Keil_v5\ARM\ARMCC\Bin'
Build target 'qr'
compiling can_qr.c...
can_qr.c(105): warning:  #1035-D: single-precision operand implicitly converted to double-precision
  			TxData[6]	= convert_speeds(0.0-vel)>>24;
can_qr.c(106): warning:  #1035-D: single-precision operand implicitly converted to double-precision
  			TxData[5] = (convert_speeds(0.0-vel)&0x00ff0000)>>16;
can_qr.c(107): warning:  #1035-D: single-precision operand implicitly converted to double-precision
  			TxData[4] =	(convert_speeds(0.0-vel)&0x0000ff00)>>8;
can_qr.c(108): warning:  #1035-D: single-precision operand implicitly converted to double-precision
  			TxData[3] = convert_speeds(0.0-vel)&0x000000ff;
can_qr.c(142): warning:  #1035-D: single-precision operand implicitly converted to double-precision
  			TxData[6]	= convert_speeds(0.0-vel)>>24;
can_qr.c(143): warning:  #1035-D: single-precision operand implicitly converted to double-precision
  			TxData[5] = (convert_speeds(0.0-vel)&0x00ff0000)>>16;
can_qr.c(144): warning:  #1035-D: single-precision operand implicitly converted to double-precision
  			TxData[4] =	(convert_speeds(0.0-vel)&0x0000ff00)>>8;
can_qr.c(145): warning:  #1035-D: single-precision operand implicitly converted to double-precision
  			TxData[3] = convert_speeds(0.0-vel)&0x000000ff;
can_qr.c: 8 warnings, 0 errors
linking...
Program Size: Code=12098 RO-data=450 RW-data=44 ZI-data=2420  
FromELF: creating hex file...
"qr\qr.axf" - 0 Error(s), 8 Warning(s).

<h2>Software Packages used:</h2>

Package Vendor: ARM
                http://www.keil.com/pack/ARM.CMSIS.5.8.0.pack
                ARM.CMSIS.5.8.0
                CMSIS (Common Microcontroller Software Interface Standard)
   * Component: CORE Version: 5.5.0

Package Vendor: Keil
                http://www.keil.com/pack/Keil.STM32F4xx_DFP.2.15.0.pack
                Keil.STM32F4xx_DFP.2.15.0
                STMicroelectronics STM32F4 Series Device Support, Drivers and Examples

<h2>Collection of Component include folders:</h2>
  .\RTE\_qr
  D:\Users\quang\AppData\Local\Arm\Packs\ARM\CMSIS\5.8.0\CMSIS\Core\Include
  D:\Users\quang\AppData\Local\Arm\Packs\Keil\STM32F4xx_DFP\2.15.0\Drivers\CMSIS\Device\ST\STM32F4xx\Include

<h2>Collection of Component Files used:</h2>

   * Component: ARM::CMSIS:CORE:5.5.0
      Include file:  CMSIS\Core\Include\tz_context.h
Build Time Elapsed:  00:00:01
</pre>
</body>
</html>
