Component: ARM Compiler 5.06 update 7 (build 960) Tool: armlink [4d3601]

==============================================================================

Section Cross References

    startup_stm32f407xx.o(STACK) refers (Special) to heapauxi.o(.text) for __use_two_region_memory
    startup_stm32f407xx.o(HEAP) refers (Special) to heapauxi.o(.text) for __use_two_region_memory
    startup_stm32f407xx.o(RESET) refers (Special) to heapauxi.o(.text) for __use_two_region_memory
    startup_stm32f407xx.o(RESET) refers to startup_stm32f407xx.o(STACK) for __initial_sp
    startup_stm32f407xx.o(RESET) refers to startup_stm32f407xx.o(.text) for Reset_Handler
    startup_stm32f407xx.o(RESET) refers to stm32f4xx_it.o(i.NMI_Handler) for NMI_Handler
    startup_stm32f407xx.o(RESET) refers to stm32f4xx_it.o(i.HardFault_Handler) for HardFault_Handler
    startup_stm32f407xx.o(RESET) refers to stm32f4xx_it.o(i.MemManage_Handler) for MemManage_Handler
    startup_stm32f407xx.o(RESET) refers to stm32f4xx_it.o(i.BusFault_Handler) for BusFault_Handler
    startup_stm32f407xx.o(RESET) refers to stm32f4xx_it.o(i.UsageFault_Handler) for UsageFault_Handler
    startup_stm32f407xx.o(RESET) refers to stm32f4xx_it.o(i.SVC_Handler) for SVC_Handler
    startup_stm32f407xx.o(RESET) refers to stm32f4xx_it.o(i.DebugMon_Handler) for DebugMon_Handler
    startup_stm32f407xx.o(RESET) refers to stm32f4xx_it.o(i.PendSV_Handler) for PendSV_Handler
    startup_stm32f407xx.o(RESET) refers to stm32f4xx_it.o(i.SysTick_Handler) for SysTick_Handler
    startup_stm32f407xx.o(RESET) refers to stm32f4xx_it.o(i.CAN1_RX0_IRQHandler) for CAN1_RX0_IRQHandler
    startup_stm32f407xx.o(RESET) refers to stm32f4xx_it.o(i.USART1_IRQHandler) for USART1_IRQHandler
    startup_stm32f407xx.o(RESET) refers to stm32f4xx_it.o(i.USART3_IRQHandler) for USART3_IRQHandler
    startup_stm32f407xx.o(.text) refers (Special) to heapauxi.o(.text) for __use_two_region_memory
    startup_stm32f407xx.o(.text) refers to system_stm32f4xx.o(i.SystemInit) for SystemInit
    startup_stm32f407xx.o(.text) refers to __main.o(!!!main) for __main
    startup_stm32f407xx.o(.text) refers to startup_stm32f407xx.o(HEAP) for Heap_Mem
    startup_stm32f407xx.o(.text) refers to startup_stm32f407xx.o(STACK) for Stack_Mem
    main.o(i.MX_CAN1_Init) refers to stm32f4xx_hal_can.o(i.HAL_CAN_Init) for HAL_CAN_Init
    main.o(i.MX_CAN1_Init) refers to stm32f4xx_hal_can.o(i.HAL_CAN_ConfigFilter) for HAL_CAN_ConfigFilter
    main.o(i.MX_CAN1_Init) refers to main.o(.bss) for .bss
    main.o(i.MX_GPIO_Init) refers to rt_memclr_w.o(.text) for __aeabi_memclr4
    main.o(i.MX_GPIO_Init) refers to stm32f4xx_hal_gpio.o(i.HAL_GPIO_WritePin) for HAL_GPIO_WritePin
    main.o(i.MX_GPIO_Init) refers to stm32f4xx_hal_gpio.o(i.HAL_GPIO_Init) for HAL_GPIO_Init
    main.o(i.MX_USART3_UART_Init) refers to stm32f4xx_hal_uart.o(i.HAL_UART_Init) for HAL_UART_Init
    main.o(i.MX_USART3_UART_Init) refers to main.o(.bss) for .bss
    main.o(i.SystemClock_Config) refers to rt_memclr_w.o(.text) for __aeabi_memclr4
    main.o(i.SystemClock_Config) refers to stm32f4xx_hal_rcc.o(i.HAL_RCC_OscConfig) for HAL_RCC_OscConfig
    main.o(i.SystemClock_Config) refers to stm32f4xx_hal_rcc.o(i.HAL_RCC_ClockConfig) for HAL_RCC_ClockConfig
    main.o(i.main) refers to stm32f4xx_hal.o(i.HAL_Init) for HAL_Init
    main.o(i.main) refers to main.o(i.SystemClock_Config) for SystemClock_Config
    main.o(i.main) refers to main.o(i.MX_GPIO_Init) for MX_GPIO_Init
    main.o(i.main) refers to main.o(i.MX_CAN1_Init) for MX_CAN1_Init
    main.o(i.main) refers to stm32f4xx_hal_uart.o(i.HAL_UART_Init) for HAL_UART_Init
    main.o(i.main) refers to main.o(i.MX_USART3_UART_Init) for MX_USART3_UART_Init
    main.o(i.main) refers to agv_info.o(i.AGV_init) for AGV_init
    main.o(i.main) refers to imu.o(i.IMU_Init) for IMU_Init
    main.o(i.main) refers to can_qr.o(i.Kinco_Init) for Kinco_Init
    main.o(i.main) refers to can_qr.o(i.enable_driver) for enable_driver
    main.o(i.main) refers to imu.o(i.IMU_GET) for IMU_GET
    main.o(i.main) refers to can_qr.o(i.kinco_control) for kinco_control
    main.o(i.main) refers to can_qr.o(i.Odome) for Odome
    main.o(i.main) refers to main.o(.bss) for .bss
    main.o(i.main) refers to agv_info.o(.bss) for DEVICE
    main.o(i.main) refers to main.o(.data) for .data
    main.o(i.main) refers to imu.o(.bss) for IMU_DATA
    stm32f4xx_it.o(i.CAN1_RX0_IRQHandler) refers to stm32f4xx_hal_can.o(i.HAL_CAN_IRQHandler) for HAL_CAN_IRQHandler
    stm32f4xx_it.o(i.CAN1_RX0_IRQHandler) refers to main.o(.bss) for hcan1
    stm32f4xx_it.o(i.SysTick_Handler) refers to stm32f4xx_hal.o(i.HAL_IncTick) for HAL_IncTick
    stm32f4xx_it.o(i.USART1_IRQHandler) refers to stm32f4xx_hal_uart.o(i.HAL_UART_IRQHandler) for HAL_UART_IRQHandler
    stm32f4xx_it.o(i.USART1_IRQHandler) refers to main.o(.bss) for huart1
[...]
    .ARM.Collect$$libshutdown$$00000004      0x08000206   Section        0  libshutdown2.o(.ARM.Collect$$libshutdown$$00000004)
    .ARM.Collect$$libshutdown$$00000006      0x08000206   Section        0  libshutdown2.o(.ARM.Collect$$libshutdown$$00000006)
    .ARM.Collect$$libshutdown$$00000009      0x08000206   Section        0  libshutdown2.o(.ARM.Collect$$libshutdown$$00000009)
    .ARM.Collect$$libshutdown$$0000000C      0x08000206   Section        0  libshutdown2.o(.ARM.Collect$$libshutdown$$0000000C)
    .ARM.Collect$$libshutdown$$0000000E      0x08000206   Section        0  libshutdown2.o(.ARM.Collect$$libshutdown$$0000000E)
    .ARM.Collect$$libshutdown$$00000011      0x08000206   Section        0  libshutdown2.o(.ARM.Collect$$libshutdown$$00000011)
    .ARM.Collect$$libshutdown$$00000012      0x08000206   Section        2  libshutdown2.o(.ARM.Collect$$libshutdown$$00000012)
    .ARM.Collect$$rtentry$$00000000          0x08000208   Section        0  __rtentry.o(.ARM.Collect$$rtentry$$00000000)
    .ARM.Collect$$rtentry$$00000002          0x08000208   Section        0  __rtentry2.o(.ARM.Collect$$rtentry$$00000002)
    .ARM.Collect$$rtentry$$00000004          0x08000208   Section        6  __rtentry4.o(.ARM.Collect$$rtentry$$00000004)
    .ARM.Collect$$rtentry$$00000009          0x0800020e   Section        0  __rtentry2.o(.ARM.Collect$$rtentry$$00000009)
    .ARM.Collect$$rtentry$$0000000A          0x0800020e   Section        4  __rtentry2.o(.ARM.Collect$$rtentry$$0000000A)
    .ARM.Collect$$rtentry$$0000000C          0x08000212   Section        0  __rtentry2.o(.ARM.Collect$$rtentry$$0000000C)
    .ARM.Collect$$rtentry$$0000000D          0x08000212   Section        8  __rtentry2.o(.ARM.Collect$$rtentry$$0000000D)
    .ARM.Collect$$rtexit$$00000000           0x0800021a   Section        2  rtexit.o(.ARM.Collect$$rtexit$$00000000)
    .ARM.Collect$$rtexit$$00000002           0x0800021c   Section        0  rtexit2.o(.ARM.Collect$$rtexit$$00000002)
    .ARM.Collect$$rtexit$$00000003           0x0800021c   Section        4  rtexit2.o(.ARM.Collect$$rtexit$$00000003)
    .ARM.Collect$$rtexit$$00000004           0x08000220   Section        6  rtexit2.o(.ARM.Collect$$rtexit$$00000004)
    .text                                    0x08000228   Section       64  startup_stm32f407xx.o(.text)
    $v0                                      0x08000228   Number         0  startup_stm32f407xx.o(.text)
    .text                                    0x08000268   Section      238  lludivv7m.o(.text)
    .text                                    0x08000356   Section       78  rt_memclr_w.o(.text)
    .text                                    0x080003a4   Section        0  heapauxi.o(.text)
    .text                                    0x080003aa   Section        0  _rserrno.o(.text)
    .text                                    0x080003c0   Section        8  rt_errno_addr_intlibspace.o(.text)
    .text                                    0x080003c8   Section        8  libspace.o(.text)
    .text                                    0x080003d0   Section       74  sys_stackheap_outer.o(.text)
    .text                                    0x0800041a   Section        0  exit.o(.text)
    .text                                    0x0800042c   Section        0  sys_exit.o(.text)
    .text                                    0x08000438   Section        2  use_no_semi.o(.text)
    .text                                    0x0800043a   Section        0  indicate_semi.o(.text)
    i.AGV_init                               0x0800043c   Section        0  agv_info.o(i.AGV_init)
    i.BusFault_Handler                       0x080004e0   Section        0  stm32f4xx_it.o(i.BusFault_Handler)
    i.CAN1_RX0_IRQHandler                    0x080004e4   Section        0  stm32f4xx_it.o(i.CAN1_RX0_IRQHandler)
    i.DebugMon_Handler                       0x080004f0   Section        0  stm32f4xx_it.o(i.DebugMon_Handler)
    i.Error_Handler                          0x080004f2   Section        0  main.o(i.Error_Handler)
    i.HAL_CAN_ActivateNotification           0x080004f6   Section        0  stm32f4xx_hal_can.o(i.HAL_CAN_ActivateNotification)
    i.HAL_CAN_AddTxMessage                   0x0800051a   Section        0  stm32f4xx_hal_can.o(i.HAL_CAN_AddTxMessage)
    i.HAL_CAN_ConfigFilter                   0x080005f8   Section        0  stm32f4xx_hal_can.o(i.HAL_CAN_ConfigFilter)
    i.HAL_CAN_ErrorCallback                  0x08000704   Section        0  stm32f4xx_hal_can.o(i.HAL_CAN_ErrorCallback)
    i.HAL_CAN_GetRxMessage                   0x08000706   Section        0  stm32f4xx_hal_can.o(i.HAL_CAN_GetRxMessage)
    i.HAL_CAN_IRQHandler                     0x080007ee   Section        0  stm32f4xx_hal_can.o(i.HAL_CAN_IRQHandler)
    i.HAL_CAN_Init                           0x080009ea   Section        0  stm32f4xx_hal_can.o(i.HAL_CAN_Init)
    i.HAL_CAN_MspInit                        0x08000b04   Section        0  stm32f4xx_hal_msp.o(i.HAL_CAN_MspInit)
    i.HAL_CAN_RxFifo0FullCallback            0x08000b80   Section        0  stm32f4xx_hal_can.o(i.HAL_CAN_RxFifo0FullCallback)
    i.HAL_CAN_RxFifo0MsgPendingCallback      0x08000b84   Section        0  can_qr.o(i.HAL_CAN_RxFifo0MsgPendingCallback)
    i.HAL_CAN_RxFifo1FullCallback            0x08000cd4   Section        0  stm32f4xx_hal_can.o(i.HAL_CAN_RxFifo1FullCallback)
    i.HAL_CAN_RxFifo1MsgPendingCallback      0x08000cd6   Section        0  stm32f4xx_hal_can.o(i.HAL_CAN_RxFifo1MsgPendingCallback)
    i.HAL_CAN_SleepCallback                  0x08000cd8   Section        0  stm32f4xx_hal_can.o(i.HAL_CAN_SleepCallback)
    i.HAL_CAN_Start                          0x08000cdc   Section        0  stm32f4xx_hal_can.o(i.HAL_CAN_Start)
    i.HAL_CAN_TxMailbox0AbortCallback        0x08000d34   Section        0  stm32f4xx_hal_can.o(i.HAL_CAN_TxMailbox0AbortCallback)
    i.HAL_CAN_TxMailbox0CompleteCallback     0x08000d36   Section        0  stm32f4xx_hal_can.o(i.HAL_CAN_TxMailbox0CompleteCallback)
    i.HAL_CAN_TxMailbox1AbortCallback        0x08000d38   Section        0  stm32f4xx_hal_can.o(i.HAL_CAN_TxMailbox1AbortCallback)
    i.HAL_CAN_TxMailbox1CompleteCallback     0x08000d3a   Section        0  stm32f4xx_hal_can.o(i.HAL_CAN_TxMailbox1CompleteCallback)
    i.HAL_CAN_TxMailbox2AbortCallback        0x08000d3c   Section        0  stm32f4xx_hal_can.o(i.HAL_CAN_TxMailbox2AbortCallback)
    i.HAL_CAN_TxMailbox2CompleteCallback     0x08000d3e   Section        0  stm32f4xx_hal_can.o(i.HAL_CAN_TxMailbox2CompleteCallback)
    i.HAL_CAN_WakeUpFromRxMsgCallback        0x08000d40   Section        0  stm32f4xx_hal_can.o(i.HAL_CAN_WakeUpFromRxMsgCallback)
    i.HAL_DMA_Abort                          0x08000d42   Section        0  stm32f4xx_hal_dma.o(i.HAL_DMA_Abort)
    i.HAL_DMA_Abort_IT                       0x08000dd4   Section        0  stm32f4xx_hal_dma.o(i.HAL_DMA_Abort_IT)
    i.HAL_Delay                              0x08000df8   Section        0  stm32f4xx_hal.o(i.HAL_Delay)
    i.HAL_GPIO_Init                          0x08000e1c   Section        0  stm32f4xx_hal_gpio.o(i.HAL_GPIO_Init)
    i.HAL_GPIO_WritePin                      0x0800100c   Section        0  stm32f4xx_hal_gpio.o(i.HAL_GPIO_WritePin)
    i.HAL_GetTick                            0x08001018   Section        0  stm32f4xx_hal.o(i.HAL_GetTick)
    i.HAL_IncTick                            0x08001024   Section        0  stm32f4xx_hal.o(i.HAL_IncTick)
    i.HAL_Init                               0x08001034   Section        0  stm32f4xx_hal.o(i.HAL_Init)
    i.HAL_InitTick                           0x08001068   Section        0  stm32f4xx_hal.o(i.HAL_InitTick)
    i.HAL_MspInit                            0x080010a8   Section        0  stm32f4xx_hal_msp.o(i.HAL_MspInit)
    i.HAL_NVIC_ClearPendingIRQ               0x080010d8   Section        0  stm32f4xx_hal_cortex.o(i.HAL_NVIC_ClearPendingIRQ)
    i.HAL_NVIC_EnableIRQ                     0x080010f2   Section        0  stm32f4xx_hal_cortex.o(i.HAL_NVIC_EnableIRQ)
    i.HAL_NVIC_SetPriority                   0x0800110c   Section        0  stm32f4xx_hal_cortex.o(i.HAL_NVIC_SetPriority)
    i.HAL_NVIC_SetPriorityGrouping           0x0800114c   Section        0  stm32f4xx_hal_cortex.o(i.HAL_NVIC_SetPriorityGrouping)
    i.HAL_RCC_ClockConfig                    0x08001170   Section        0  stm32f4xx_hal_rcc.o(i.HAL_RCC_ClockConfig)
    i.HAL_RCC_GetPCLK1Freq                   0x080012a4   Section        0  stm32f4xx_hal_rcc.o(i.HAL_RCC_GetPCLK1Freq)
    i.HAL_RCC_GetPCLK2Freq                   0x080012c4   Section        0  stm32f4xx_hal_rcc.o(i.HAL_RCC_GetPCLK2Freq)
    i.HAL_RCC_GetSysClockFreq                0x080012e4   Section        0  stm32f4xx_hal_rcc.o(i.HAL_RCC_GetSysClockFreq)
    i.HAL_RCC_OscConfig                      0x08001344   Section        0  stm32f4xx_hal_rcc.o(i.HAL_RCC_OscConfig)
    i.HAL_SYSTICK_Config                     0x080016b0   Section        0  stm32f4xx_hal_cortex.o(i.HAL_SYSTICK_Config)
    i.HAL_UARTEx_RxEventCallback             0x080016d8   Section        0  stm32f4xx_hal_uart.o(i.HAL_UARTEx_RxEventCallback)
    i.HAL_UART_ErrorCallback                 0x080016da   Section        0  stm32f4xx_hal_uart.o(i.HAL_UART_ErrorCallback)
    i.HAL_UART_IRQHandler                    0x080016dc   Section        0  stm32f4xx_hal_uart.o(i.HAL_UART_IRQHandler)
    i.HAL_UART_Init                          0x08001944   Section        0  stm32f4xx_hal_uart.o(i.HAL_UART_Init)
    i.HAL_UART_MspInit                       0x080019a8   Section        0  stm32f4xx_hal_msp.o(i.HAL_UART_MspInit)
    i.HAL_UART_Receive                       0x08001a78   Section        0  stm32f4xx_hal_uart.o(i.HAL_UART_Receive)
    i.HAL_UART_RxCpltCallback                0x08001b38   Section        0  stm32f4xx_hal_uart.o(i.HAL_UART_RxCpltCallback)
    i.HAL_UART_Transmit                      0x08001b3c   Section        0  stm32f4xx_hal_uart.o(i.HAL_UART_Transmit)
    i.HAL_UART_TxCpltCallback                0x08001bee   Section        0  stm32f4xx_hal_uart.o(i.HAL_UART_TxCpltCallback)
    i.HardFault_Handler                      0x08001bf0   Section        0  stm32f4xx_it.o(i.HardFault_Handler)
    i.IMU_GET                                0x08001bf4   Section        0  imu.o(i.IMU_GET)
    i.IMU_Init                               0x08001ce0   Section        0  imu.o(i.IMU_Init)
    i.Kinco_Init                             0x08001d04   Section        0  can_qr.o(i.Kinco_Init)
    i.MX_CAN1_Init                           0x08001d30   Section        0  main.o(i.MX_CAN1_Init)
    MX_CAN1_Init                             0x08001d31   Thumb Code    90  main.o(i.MX_CAN1_Init)
    i.MX_GPIO_Init                           0x08001d94   Section        0  main.o(i.MX_GPIO_Init)
    MX_GPIO_Init                             0x08001d95   Thumb Code   118  main.o(i.MX_GPIO_Init)
    i.MX_USART3_UART_Init                    0x08001e14   Section        0  main.o(i.MX_USART3_UART_Init)
    MX_USART3_UART_Init                      0x08001e15   Thumb Code    62  main.o(i.MX_USART3_UART_Init)
    i.MemManage_Handler                      0x08001e5c   Section        0  stm32f4xx_it.o(i.MemManage_Handler)
    i.ModbusMaster_ModbusMasterTransaction   0x08001e60   Section        0  modbus_master.o(i.ModbusMaster_ModbusMasterTransaction)
    i.ModbusMaster_begin                     0x080021a8   Section        0  modbus_master.o(i.ModbusMaster_begin)
    i.ModbusMaster_getResponseBuffer         0x080021b8   Section        0  modbus_master.o(i.ModbusMaster_getResponseBuffer)
    i.ModbusMaster_readHoldingRegisters      0x080021d0   Section        0  modbus_master.o(i.ModbusMaster_readHoldingRegisters)
    i.ModbusMaster_writeSingleRegister       0x080021e4   Section        0  modbus_master.o(i.ModbusMaster_writeSingleRegister)
    i.Modbus_Master_GetByte                  0x08002200   Section        0  trans_recieve_buff_control.o(i.Modbus_Master_GetByte)
    i.Modbus_Master_Millis                   0x0800221c   Section        0  trans_recieve_buff_control.o(i.Modbus_Master_Millis)
    i.Modbus_Master_RB_Initialize            0x08002220   Section        0  trans_recieve_buff_control.o(i.Modbus_Master_RB_Initialize)
    i.Modbus_Master_Read                     0x08002238   Section        0  trans_recieve_buff_control.o(i.Modbus_Master_Read)
    i.Modbus_Master_Rece_Available           0x08002254   Section        0  trans_recieve_buff_control.o(i.Modbus_Master_Rece_Available)
    i.Modbus_Master_Rece_Flush               0x08002278   Section        0  trans_recieve_buff_control.o(i.Modbus_Master_Rece_Flush)
    i.Modbus_Master_Rece_Handler             0x08002288   Section        0  trans_recieve_buff_control.o(i.Modbus_Master_Rece_Handler)
    i.Modbus_Master_Write                    0x080022a4   Section        0  trans_recieve_buff_control.o(i.Modbus_Master_Write)
    i.NMI_Handler                            0x080022e4   Section        0  stm32f4xx_it.o(i.NMI_Handler)
    i.Odome                                  0x080022e8   Section        0  can_qr.o(i.Odome)
    i.PendSV_Handler                         0x08002460   Section        0  stm32f4xx_it.o(i.PendSV_Handler)
    i.SVC_Handler                            0x08002462   Section        0  stm32f4xx_it.o(i.SVC_Handler)
    i.SysTick_Handler                        0x08002464   Section        0  stm32f4xx_it.o(i.SysTick_Handler)
    i.SystemClock_Config                     0x08002468   Section        0  main.o(i.SystemClock_Config)
    i.SystemInit                             0x080024fc   Section        0  system_stm32f4xx.o(i.SystemInit)
    i.UART_DMAAbortOnError                   0x0800250c   Section        0  stm32f4xx_hal_uart.o(i.UART_DMAAbortOnError)
    UART_DMAAbortOnError                     0x0800250d   Thumb Code    16  stm32f4xx_hal_uart.o(i.UART_DMAAbortOnError)
    i.UART_EndRxTransfer                     0x0800251c   Section        0  stm32f4xx_hal_uart.o(i.UART_EndRxTransfer)
    UART_EndRxTransfer                       0x0800251d   Thumb Code    78  stm32f4xx_hal_uart.o(i.UART_EndRxTransfer)
    i.UART_Receive_IT                        0x0800256a   Section        0  stm32f4xx_hal_uart.o(i.UART_Receive_IT)
    UART_Receive_IT                          0x0800256b   Thumb Code   192  stm32f4xx_hal_uart.o(i.UART_Receive_IT)
    i.UART_SetConfig                         0x0800262c   Section        0  stm32f4xx_hal_uart.o(i.UART_SetConfig)
    UART_SetConfig                           0x0800262d   Thumb Code   258  stm32f4xx_hal_uart.o(i.UART_SetConfig)
    i.UART_WaitOnFlagUntilTimeout            0x08002738   Section        0  stm32f4xx_hal_uart.o(i.UART_WaitOnFlagUntilTimeout)
    UART_WaitOnFlagUntilTimeout              0x08002739   Thumb Code   120  stm32f4xx_hal_uart.o(i.UART_WaitOnFlagUntilTimeout)
    i.USART1_IRQHandler                      0x080027b0   Section        0  stm32f4xx_it.o(i.USART1_IRQHandler)
    i.USART3_IRQHandler                      0x080027bc   Section        0  stm32f4xx_it.o(i.USART3_IRQHandler)
    i.UsageFault_Handler                     0x080027e0   Section        0  stm32f4xx_it.o(i.UsageFault_Handler)
    i.__ARM_fpclassify                       0x080027e2   Section        0  fpclassify.o(i.__ARM_fpclassify)
    i.__NVIC_SetPriority                     0x08002812   Section        0  stm32f4xx_hal_cortex.o(i.__NVIC_SetPriority)
    __NVIC_SetPriority                       0x08002813   Thumb Code    32  stm32f4xx_hal_cortex.o(i.__NVIC_SetPriority)
    i.__hardfp_cos                           0x08002838   Section        0  cos.o(i.__hardfp_cos)
    i.__hardfp_sin                           0x08002900   Section        0  sin.o(i.__hardfp_sin)
    i.__ieee754_rem_pio2                     0x080029c8   Section        0  rred.o(i.__ieee754_rem_pio2)
    i.__kernel_cos                           0x08002e00   Section        0  cos_i.o(i.__kernel_cos)
    i.__kernel_poly                          0x08002f70   Section        0  poly.o(i.__kernel_poly)
    i.__kernel_sin                           0x08003068   Section        0  sin_i.o(i.__kernel_sin)
    i.__mathlib_dbl_infnan                   0x08003198   Section        0  dunder.o(i.__mathlib_dbl_infnan)
    i.__mathlib_dbl_invalid                  0x080031b0   Section        0  dunder.o(i.__mathlib_dbl_invalid)
    i.__mathlib_dbl_underflow                0x080031d0   Section        0  dunder.o(i.__mathlib_dbl_underflow)
    i.convert_speeds                         0x080031f0   Section        0  can_qr.o(i.convert_speeds)
    i.crc16_update                           0x08003260   Section        0  modbus_master.o(i.crc16_update)
    crc16_update                             0x08003261   Thumb Code    28  modbus_master.o(i.crc16_update)
    i.enable_driver                          0x0800327c   Section        0  can_qr.o(i.enable_driver)
    i.fabs                                   0x08003370   Section        0  fabs.o(i.fabs)
    i.kinco_control                          0x08003388   Section        0  can_qr.o(i.kinco_control)
    i.kinco_get_data                         0x080034f0   Section        0  can_qr.o(i.kinco_get_data)
    i.main                                   0x08003520   Section        0  main.o(i.main)
    i.rbClear                                0x080035bc   Section        0  ringbuffer.o(i.rbClear)
    i.rbInitialize                           0x080035c8   Section        0  ringbuffer.o(i.rbInitialize)
    i.rbIsEmpty                              0x080035da   Section        0  ringbuffer.o(i.rbIsEmpty)
    i.rbPop                                  0x080035ea   Section        0  ringbuffer.o(i.rbPop)
    i.rbPush                                 0x0800360c   Section        0  ringbuffer.o(i.rbPush)
    x$fpl$basic                              0x08003630   Section       24  basic.o(x$fpl$basic)
    $v0                                      0x08003630   Number         0  basic.o(x$fpl$basic)
    x$fpl$d2f                                0x08003648   Section       98  d2f.o(x$fpl$d2f)
    $v0                                      0x08003648   Number         0  d2f.o(x$fpl$d2f)
    x$fpl$dadd                               0x080036ac   Section      336  daddsub_clz.o(x$fpl$dadd)
    $v0                                      0x080036ac   Number         0  daddsub_clz.o(x$fpl$dadd)
    _dadd1                                   0x080036bd   Thumb Code     0  daddsub_clz.o(x$fpl$dadd)
    x$fpl$ddiv                               0x080037fc   Section      688  ddiv.o(x$fpl$ddiv)
    $v0                                      0x080037fc   Number         0  ddiv.o(x$fpl$ddiv)
    ddiv_entry                               0x08003803   Thumb Code     0  ddiv.o(x$fpl$ddiv)
    x$fpl$dfix                               0x08003aac   Section       94  dfix.o(x$fpl$dfix)
    $v0                                      0x08003aac   Number         0  dfix.o(x$fpl$dfix)
    x$fpl$dflt                               0x08003b0a   Section       46  dflt_clz.o(x$fpl$dflt)
    $v0                                      0x08003b0a   Number         0  dflt_clz.o(x$fpl$dflt)
    x$fpl$dfltu                              0x08003b38   Section       38  dflt_clz.o(x$fpl$dfltu)
    $v0                                      0x08003b38   Number         0  dflt_clz.o(x$fpl$dfltu)
    x$fpl$dmul                               0x08003b60   Section      340  dmul.o(x$fpl$dmul)
    $v0                                      0x08003b60   Number         0  dmul.o(x$fpl$dmul)
    x$fpl$dnaninf                            0x08003cb4   Section      156  dnaninf.o(x$fpl$dnaninf)
    $v0                                      0x08003cb4   Number         0  dnaninf.o(x$fpl$dnaninf)
    x$fpl$dretinf                            0x08003d50   Section       12  dretinf.o(x$fpl$dretinf)
    $v0                                      0x08003d50   Number         0  dretinf.o(x$fpl$dretinf)
    x$fpl$drsb                               0x08003d5c   Section       22  daddsub_clz.o(x$fpl$drsb)
    $v0                                      0x08003d5c   Number         0  daddsub_clz.o(x$fpl$drsb)
    x$fpl$dsub                               0x08003d74   Section      468  daddsub_clz.o(x$fpl$dsub)
    $v0                                      0x08003d74   Number         0  daddsub_clz.o(x$fpl$dsub)
    _dsub1                                   0x08003d85   Thumb Code     0  daddsub_clz.o(x$fpl$dsub)
    x$fpl$f2d                                0x08003f48   Section       86  f2d.o(x$fpl$f2d)
    $v0                                      0x08003f48   Number         0  f2d.o(x$fpl$f2d)
    x$fpl$fnaninf                            0x08003f9e   Section      140  fnaninf.o(x$fpl$fnaninf)
    $v0                                      0x08003f9e   Number         0  fnaninf.o(x$fpl$fnaninf)
    x$fpl$fpinit                             0x0800402a   Section       10  fpinit.o(x$fpl$fpinit)
    $v0                                      0x0800402a   Number         0  fpinit.o(x$fpl$fpinit)
    x$fpl$fretinf                            0x08004034   Section       10  fretinf.o(x$fpl$fretinf)
    $v0                                      0x08004034   Number         0  fretinf.o(x$fpl$fretinf)
    .constdata                               0x0800403e   Section       16  system_stm32f4xx.o(.constdata)
    x$fpl$usenofp                            0x0800403e   Section        0  usenofp.o(x$fpl$usenofp)
    .constdata                               0x0800404e   Section        8  system_stm32f4xx.o(.constdata)
    .constdata                               0x08004058   Section       48  cos_i.o(.constdata)
    C                                        0x08004058   Data          48  cos_i.o(.constdata)
    .constdata                               0x08004088   Section      200  rred.o(.constdata)
    pio2s                                    0x08004088   Data          48  rred.o(.constdata)
    twooverpi                                0x080040b8   Data         152  rred.o(.constdata)
    .constdata                               0x08004150   Section       40  sin_i.o(.constdata)
    S                                        0x08004150   Data          40  sin_i.o(.constdata)
    .data                                    0x20000000   Section        8  main.o(.data)
    .data                                    0x20000008   Section       12  stm32f4xx_hal.o(.data)
    .data                                    0x20000014   Section        4  system_stm32f4xx.o(.data)
    .data                                    0x20000018   Section        8  can_qr.o(.data)
    .data                                    0x20000020   Section       14  modbus_master.o(.data)
    .bss                                     0x20000030   Section      176  main.o(.bss)
    .bss                                     0x200000e0   Section       52  can_qr.o(.bss)
    .bss                                     0x20000114   Section      256  modbus_master.o(.bss)
    .bss                                     0x20000214   Section      220  trans_recieve_buff_control.o(.bss)
    .bss                                     0x200002f0   Section       12  imu.o(.bss)
    .bss                                     0x200002fc   Section       84  agv_info.o(.bss)
    .bss                                     0x20000350   Section       96  libspace.o(.bss)
    HEAP                                     0x200003b0   Section      512  startup_stm32f407xx.o(HEAP)
    Heap_Mem                                 0x200003b0   Data         512  startup_stm32f407xx.o(HEAP)
    STACK                                    0x200005b0   Section     1024  startup_stm32f407xx.o(STACK)
    Stack_Mem                                0x200005b0   Data        1024  startup_stm32f407xx.o(STACK)
    __initial_sp                             0x200009b0   Data           0  startup_stm32f407xx.o(STACK)

    Global Symbols

    Symbol Name                              Value     Ov Type        Size  Object(Section)

    BuildAttributes$$THM_ISAv4$E$P$D$K$B$S$7EM$VFPi3$EXTD16$VFPS$VFMA$PE$A:L22UL41UL21$X:L11$S22US41US21$IEEE1$IW$USESV6$~STKCKD$USESV7$~SHL$OTIME$ROPI$IEEEX$EBA8$UX$STANDARDLIB$REQ8$PRES8$EABIv2 0x00000000   Number         0  anon$$obj.o ABSOLUTE
    __ARM_use_no_argv                        0x00000000   Number         0  main.o ABSOLUTE
    __ARM_exceptions_init                     - Undefined Weak Reference
    __alloca_initialize                       - Undefined Weak Reference
    __arm_fini_                               - Undefined Weak Reference
    __arm_preinit_                            - Undefined Weak Reference
    __cpp_initialize__aeabi_                  - Undefined Weak Reference
    __cxa_finalize                            - Undefined Weak Reference
    __rt_locale                               - Undefined Weak Reference
    __sigvec_lookup                           - Undefined Weak Reference
    _atexit_init                              - Undefined Weak Reference
    _call_atexit_fns                          - Undefined Weak Reference
    _clock_init                               - Undefined Weak Reference
    _fp_trap_init                             - Undefined Weak Reference
    _fp_trap_shutdown                         - Undefined Weak Reference
    _get_lc_collate                           - Undefined Weak Reference
    _get_lc_ctype                             - Undefined Weak Reference
    _get_lc_monetary                          - Undefined Weak Reference
    _get_lc_numeric                           - Undefined Weak Reference
    _get_lc_time                              - Undefined Weak Reference
    _getenv_init                              - Undefined Weak Reference
    _handle_redirection                       - Undefined Weak Reference
    _init_alloc                               - Undefined Weak Reference
    _init_user_alloc                          - Undefined Weak Reference
    _initio                                   - Undefined Weak Reference
    _rand_init                                - Undefined Weak Reference
    _signal_finish                            - Undefined Weak Reference
    _signal_init                              - Undefined Weak Reference
    _terminate_alloc                          - Undefined Weak Reference
    _terminate_user_alloc                     - Undefined Weak Reference
    _terminateio                              - Undefined Weak Reference
    __Vectors_Size                           0x00000188   Number         0  startup_stm32f407xx.o ABSOLUTE
    __Vectors                                0x08000000   Data           4  startup_stm32f407xx.o(RESET)
    __Vectors_End                            0x08000188   Data           0  startup_stm32f407xx.o(RESET)
    __main                                   0x08000189   Thumb Code     8  __main.o(!!!main)
    __scatterload                            0x08000191   Thumb Code     0  __scatter.o(!!!scatter)
    __scatterload_rt2                        0x08000191   Thumb Code    44  __scatter.o(!!!scatter)
    __scatterload_rt2_thumb_only             0x08000191   Thumb Code     0  __scatter.o(!!!scatter)
    __scatterload_null                       0x0800019f   Thumb Code     0  __scatter.o(!!!scatter)
    __scatterload_copy                       0x080001c5   Thumb Code    26  __scatter_copy.o(!!handler_copy)
    __scatterload_zeroinit                   0x080001e1   Thumb Code    28  __scatter_zi.o(!!handler_zi)
    __rt_lib_init                            0x080001fd   Thumb Code     0  libinit.o(.ARM.Collect$$libinit$$00000000)
    __rt_lib_init_fp_1                       0x080001ff   Thumb Code     0  libinit2.o(.ARM.Collect$$libinit$$00000001)
    __rt_lib_init_alloca_1                   0x08000203   Thumb Code     0  libinit2.o(.ARM.Collect$$libinit$$0000002E)
    __rt_lib_init_argv_1                     0x08000203   Thumb Code     0  libinit2.o(.ARM.Collect$$libinit$$0000002C)
    __rt_lib_init_atexit_1                   0x08000203   Thumb Code     0  libinit2.o(.ARM.Collect$$libinit$$0000001B)
    __rt_lib_init_clock_1                    0x08000203   Thumb Code     0  libinit2.o(.ARM.Collect$$libinit$$00000021)
    __rt_lib_init_cpp_1                      0x08000203   Thumb Code     0  libinit2.o(.ARM.Collect$$libinit$$00000032)
    __rt_lib_init_exceptions_1               0x08000203   Thumb Code     0  libinit2.o(.ARM.Collect$$libinit$$00000030)
    __rt_lib_init_fp_trap_1                  0x08000203   Thumb Code     0  libinit2.o(.ARM.Collect$$libinit$$0000001F)
    __rt_lib_init_getenv_1                   0x08000203   Thumb Code     0  libinit2.o(.ARM.Collect$$libinit$$00000023)
    __rt_lib_init_heap_1                     0x08000203   Thumb Code     0  libinit2.o(.ARM.Collect$$libinit$$0000000A)
    __rt_lib_init_lc_collate_1               0x08000203   Thumb Code     0  libinit2.o(.ARM.Collect$$libinit$$00000011)
    __rt_lib_init_lc_ctype_1                 0x08000203   Thumb Code     0  libinit2.o(.ARM.Collect$$libinit$$00000013)
    __rt_lib_init_lc_monetary_1              0x08000203   Thumb Code     0  libinit2.o(.ARM.Collect$$libinit$$00000015)
    __rt_lib_init_lc_numeric_1               0x08000203   Thumb Code     0  libinit2.o(.ARM.Collect$$libinit$$00000017)
    __rt_lib_init_lc_time_1                  0x08000203   Thumb Code     0  libinit2.o(.ARM.Collect$$libinit$$00000019)
    __rt_lib_init_preinit_1                  0x08000203   Thumb Code     0  libinit2.o(.ARM.Collect$$libinit$$00000004)
    __rt_lib_init_rand_1                     0x08000203   Thumb Code     0  libinit2.o(.ARM.Collect$$libinit$$0000000E)
    __rt_lib_init_return                     0x08000203   Thumb Code     0  libinit2.o(.ARM.Collect$$libinit$$00000033)
    __rt_lib_init_signal_1                   0x08000203   Thumb Code     0  libinit2.o(.ARM.Collect$$libinit$$0000001D)
    __rt_lib_init_stdio_1                    0x08000203   Thumb Code     0  libinit2.o(.ARM.Collect$$libinit$$00000025)
    __rt_lib_init_user_alloc_1               0x08000203   Thumb Code     0  libinit2.o(.ARM.Collect$$libinit$$0000000C)
    __rt_lib_shutdown                        0x08000205   Thumb Code     0  libshutdown.o(.ARM.Collect$$libshutdown$$00000000)
    __rt_lib_shutdown_cpp_1                  0x08000207   Thumb Code     0  libshutdown2.o(.ARM.Collect$$libshutdown$$00000004)
    __rt_lib_shutdown_fini_1                 0x08000207   Thumb Code     0  libshutdown2.o(.ARM.Collect$$libshutdown$$00000002)
    __rt_lib_shutdown_fp_trap_1              0x08000207   Thumb Code     0  libshutdown2.o(.ARM.Collect$$libshutdown$$00000009)
    __rt_lib_shutdown_heap_1                 0x08000207   Thumb Code     0  libshutdown2.o(.ARM.Collect$$libshutdown$$00000011)
    __rt_lib_shutdown_return                 0x08000207   Thumb Code     0  libshutdown2.o(.ARM.Collect$$libshutdown$$00000012)
    __rt_lib_shutdown_signal_1               0x08000207   Thumb Code     0  libshutdown2.o(.ARM.Collect$$libshutdown$$0000000C)
    __rt_lib_shutdown_stdio_1                0x08000207   Thumb Code     0  libshutdown2.o(.ARM.Collect$$libshutdown$$00000006)
    __rt_lib_shutdown_user_alloc_1           0x08000207   Thumb Code     0  libshutdown2.o(.ARM.Collect$$libshutdown$$0000000E)
    __rt_entry                               0x08000209   Thumb Code     0  __rtentry.o(.ARM.Collect$$rtentry$$00000000)
    __rt_entry_presh_1                       0x08000209   Thumb Code     0  __rtentry2.o(.ARM.Collect$$rtentry$$00000002)
    __rt_entry_sh                            0x08000209   Thumb Code     0  __rtentry4.o(.ARM.Collect$$rtentry$$00000004)
    __rt_entry_li                            0x0800020f   Thumb Code     0  __rtentry2.o(.ARM.Collect$$rtentry$$0000000A)
    __rt_entry_postsh_1                      0x0800020f   Thumb Code     0  __rtentry2.o(.ARM.Collect$$rtentry$$00000009)
    __rt_entry_main                          0x08000213   Thumb Code     0  __rtentry2.o(.ARM.Collect$$rtentry$$0000000D)
    __rt_entry_postli_1                      0x08000213   Thumb Code     0  __rtentry2.o(.ARM.Collect$$rtentry$$0000000C)
    __rt_exit                                0x0800021b   Thumb Code     0  rtexit.o(.ARM.Collect$$rtexit$$00000000)
    __rt_exit_ls                             0x0800021d   Thumb Code     0  rtexit2.o(.ARM.Collect$$rtexit$$00000003)
    __rt_exit_prels_1                        0x0800021d   Thumb Code     0  rtexit2.o(.ARM.Collect$$rtexit$$00000002)
    __rt_exit_exit                           0x08000221   Thumb Code     0  rtexit2.o(.ARM.Collect$$rtexit$$00000004)
    Reset_Handler                            0x08000229   Thumb Code     8  startup_stm32f407xx.o(.text)
    ADC_IRQHandler                           0x08000243   Thumb Code     0  startup_stm32f407xx.o(.text)
    CAN1_RX1_IRQHandler                      0x08000243   Thumb Code     0  startup_stm32f407xx.o(.text)
    CAN1_SCE_IRQHandler                      0x08000243   Thumb Code     0  startup_stm32f407xx.o(.text)
    CAN1_TX_IRQHandler                       0x08000243   Thumb Code     0  startup_stm32f407xx.o(.text)
    CAN2_RX0_IRQHandler                      0x08000243   Thumb Code     0  startup_stm32f407xx.o(.text)
    CAN2_RX1_IRQHandler                      0x08000243   Thumb Code     0  startup_stm32f407xx.o(.text)
    CAN2_SCE_IRQHandler                      0x08000243   Thumb Code     0  startup_stm32f407xx.o(.text)
    CAN2_TX_IRQHandler                       0x08000243   Thumb Code     0  startup_stm32f407xx.o(.text)
    DCMI_IRQHandler                          0x08000243   Thumb Code     0  startup_stm32f407xx.o(.text)
    DMA1_Stream0_IRQHandler                  0x08000243   Thumb Code     0  startup_stm32f407xx.o(.text)
    DMA1_Stream1_IRQHandler                  0x08000243   Thumb Code     0  startup_stm32f407xx.o(.text)
    DMA1_Stream2_IRQHandler                  0x08000243   Thumb Code     0  startup_stm32f407xx.o(.text)
    DMA1_Stream3_IRQHandler                  0x08000243   Thumb Code     0  startup_stm32f407xx.o(.text)
    DMA1_Stream4_IRQHandler                  0x08000243   Thumb Code     0  startup_stm32f407xx.o(.text)
    DMA1_Stream5_IRQHandler                  0x08000243   Thumb Code     0  startup_stm32f407xx.o(.text)
    DMA1_Stream6_IRQHandler                  0x08000243   Thumb Code     0  startup_stm32f407xx.o(.text)
    DMA1_Stream7_IRQHandler                  0x08000243   Thumb Code     0  startup_stm32f407xx.o(.text)
    DMA2_Stream0_IRQHandler                  0x08000243   Thumb Code     0  startup_stm32f407xx.o(.text)
    DMA2_Stream1_IRQHandler                  0x08000243   Thumb Code     0  startup_stm32f407xx.o(.text)
    DMA2_Stream2_IRQHandler                  0x08000243   Thumb Code     0  startup_stm32f407xx.o(.text)
    DMA2_Stream3_IRQHandler                  0x08000243   Thumb Code     0  startup_stm32f407xx.o(.text)
    DMA2_Stream4_IRQHandler                  0x08000243   Thumb Code     0  startup_stm32f407xx.o(.text)
    DMA2_Stream5_IRQHandler                  0x08000243   Thumb Code     0  startup_stm32f407xx.o(.text)
    DMA2_Stream6_IRQHandler                  0x08000243   Thumb Code     0  startup_stm32f407xx.o(.text)
    DMA2_Stream7_IRQHandler                  0x08000243   Thumb Code     0  startup_stm32f407xx.o(.text)
    ETH_IRQHandler                           0x08000243   Thumb Code     0  startup_stm32f407xx.o(.text)
    ETH_WKUP_IRQHandler                      0x08000243   Thumb Code     0  startup_stm32f407xx.o(.text)
    EXTI0_IRQHandler                         0x08000243   Thumb Code     0  startup_stm32f407xx.o(.text)
    EXTI15_10_IRQHandler                     0x08000243   Thumb Code     0  startup_stm32f407xx.o(.text)
    EXTI1_IRQHandler                         0x08000243   Thumb Code     0  startup_stm32f407xx.o(.text)
    EXTI2_IRQHandler                         0x08000243   Thumb Code     0  startup_stm32f407xx.o(.text)
    EXTI3_IRQHandler                         0x08000243   Thumb Code     0  startup_stm32f407xx.o(.text)
    EXTI4_IRQHandler                         0x08000243   Thumb Code     0  startup_stm32f407xx.o(.text)
    EXTI9_5_IRQHandler                       0x08000243   Thumb Code     0  startup_stm32f407xx.o(.text)
    FLASH_IRQHandler                         0x08000243   Thumb Code     0  startup_stm32f407xx.o(.text)
    FMC_IRQHandler                           0x08000243   Thumb Code     0  startup_stm32f407xx.o(.text)
    FPU_IRQHandler                           0x08000243   Thumb Code     0  startup_stm32f407xx.o(.text)
    HASH_RNG_IRQHandler                      0x08000243   Thumb Code     0  startup_stm32f407xx.o(.text)
    I2C1_ER_IRQHandler                       0x08000243   Thumb Code     0  startup_stm32f407xx.o(.text)
    I2C1_EV_IRQHandler                       0x08000243   Thumb Code     0  startup_stm32f407xx.o(.text)
    I2C2_ER_IRQHandler                       0x08000243   Thumb Code     0  startup_stm32f407xx.o(.text)
    I2C2_EV_IRQHandler                       0x08000243   Thumb Code     0  startup_stm32f407xx.o(.text)
    I2C3_ER_IRQHandler                       0x08000243   Thumb Code     0  startup_stm32f407xx.o(.text)
    I2C3_EV_IRQHandler                       0x08000243   Thumb Code     0  startup_stm32f407xx.o(.text)
    OTG_FS_IRQHandler                        0x08000243   Thumb Code     0  startup_stm32f407xx.o(.text)
    OTG_FS_WKUP_IRQHandler                   0x08000243   Thumb Code     0  startup_stm32f407xx.o(.text)
    OTG_HS_EP1_IN_IRQHandler                 0x08000243   Thumb Code     0  startup_stm32f407xx.o(.text)
    OTG_HS_EP1_OUT_IRQHandler                0x08000243   Thumb Code     0  startup_stm32f407xx.o(.text)
    OTG_HS_IRQHandler                        0x08000243   Thumb Code     0  startup_stm32f407xx.o(.text)
    OTG_HS_WKUP_IRQHandler                   0x08000243   Thumb Code     0  startup_stm32f407xx.o(.text)
    PVD_IRQHandler                           0x08000243   Thumb Code     0  startup_stm32f407xx.o(.text)
    RCC_IRQHandler                           0x08000243   Thumb Code     0  startup_stm32f407xx.o(.text)
    RTC_Alarm_IRQHandler                     0x08000243   Thumb Code     0  startup_stm32f407xx.o(.text)
    RTC_WKUP_IRQHandler                      0x08000243   Thumb Code     0  startup_stm32f407xx.o(.text)
    SDIO_IRQHandler                          0x08000243   Thumb Code     0  startup_stm32f407xx.o(.text)
    SPI1_IRQHandler                          0x08000243   Thumb Code     0  startup_stm32f407xx.o(.text)
    SPI2_IRQHandler                          0x08000243   Thumb Code     0  startup_stm32f407xx.o(.text)
    SPI3_IRQHandler                          0x08000243   Thumb Code     0  startup_stm32f407xx.o(.text)
    TAMP_STAMP_IRQHandler                    0x08000243   Thumb Code     0  startup_stm32f407xx.o(.text)
    TIM1_BRK_TIM9_IRQHandler                 0x08000243   Thumb Code     0  startup_stm32f407xx.o(.text)
    TIM1_CC_IRQHandler                       0x08000243   Thumb Code     0  startup_stm32f407xx.o(.text)
    TIM1_TRG_COM_TIM11_IRQHandler            0x08000243   Thumb Code     0  startup_stm32f407xx.o(.text)
    TIM1_UP_TIM10_IRQHandler                 0x08000243   Thumb Code     0  startup_stm32f407xx.o(.text)
    TIM2_IRQHandler                          0x08000243   Thumb Code     0  startup_stm32f407xx.o(.text)
    TIM3_IRQHandler                          0x08000243   Thumb Code     0  startup_stm32f407xx.o(.text)
    TIM4_IRQHandler                          0x08000243   Thumb Code     0  startup_stm32f407xx.o(.text)
    TIM5_IRQHandler                          0x08000243   Thumb Code     0  startup_stm32f407xx.o(.text)
    TIM6_DAC_IRQHandler                      0x08000243   Thumb Code     0  startup_stm32f407xx.o(.text)
    TIM7_IRQHandler                          0x08000243   Thumb Code     0  startup_stm32f407xx.o(.text)
    TIM8_BRK_TIM12_IRQHandler                0x08000243   Thumb Code     0  startup_stm32f407xx.o(.text)
    TIM8_CC_IRQHandler                       0x08000243   Thumb Code     0  startup_stm32f407xx.o(.text)
    TIM8_TRG_COM_TIM14_IRQHandler            0x08000243   Thumb Code     0  startup_stm32f407xx.o(.text)
    TIM8_UP_TIM13_IRQHandler                 0x08000243   Thumb Code     0  startup_stm32f407xx.o(.text)
    UART4_IRQHandler                         0x08000243   Thumb Code     0  startup_stm32f407xx.o(.text)
    UART5_IRQHandler                         0x08000243   Thumb Code     0  startup_stm32f407xx.o(.text)
    USART2_IRQHandler                        0x08000243   Thumb Code     0  startup_stm32f407xx.o(.text)
    USART6_IRQHandler                        0x08000243   Thumb Code     0  startup_stm32f407xx.o(.text)
    WWDG_IRQHandler                          0x08000243   Thumb Code     0  startup_stm32f407xx.o(.text)
    __user_initial_stackheap                 0x08000245   Thumb Code     0  startup_stm32f407xx.o(.text)
    __aeabi_uldivmod                         0x08000269   Thumb Code     0  lludivv7m.o(.text)
    _ll_udiv                                 0x08000269   Thumb Code   238  lludivv7m.o(.text)
    __aeabi_memclr4                          0x08000357   Thumb Code     0  rt_memclr_w.o(.text)
    __aeabi_memclr8                          0x08000357   Thumb Code     0  rt_memclr_w.o(.text)
    __rt_memclr_w                            0x08000357   Thumb Code    78  rt_memclr_w.o(.text)
    _memset_w                                0x0800035b   Thumb Code     0  rt_memclr_w.o(.text)
    __use_two_region_memory                  0x080003a5   Thumb Code     2  heapauxi.o(.text)
    __rt_heap_escrow$2region                 0x080003a7   Thumb Code     2  heapauxi.o(.text)
    __rt_heap_expand$2region                 0x080003a9   Thumb Code     2  heapauxi.o(.text)
    __read_errno                             0x080003ab   Thumb Code    10  _rserrno.o(.text)
    __set_errno                              0x080003b5   Thumb Code    12  _rserrno.o(.text)
    __aeabi_errno_addr                       0x080003c1   Thumb Code     8  rt_errno_addr_intlibspace.o(.text)
    __errno$intlibspace                      0x080003c1   Thumb Code     0  rt_errno_addr_intlibspace.o(.text)
    __rt_errno_addr$intlibspace              0x080003c1   Thumb Code     0  rt_errno_addr_intlibspace.o(.text)
    __user_libspace                          0x080003c9   Thumb Code     8  libspace.o(.text)
    __user_perproc_libspace                  0x080003c9   Thumb Code     0  libspace.o(.text)
    __user_perthread_libspace                0x080003c9   Thumb Code     0  libspace.o(.text)
    __user_setup_stackheap                   0x080003d1   Thumb Code    74  sys_stackheap_outer.o(.text)
    exit                                     0x0800041b   Thumb Code    18  exit.o(.text)
    _sys_exit                                0x0800042d   Thumb Code     8  sys_exit.o(.text)
    __I$use$semihosting                      0x08000439   Thumb Code     0  use_no_semi.o(.text)
    __use_no_semihosting_swi                 0x08000439   Thumb Code     2  use_no_semi.o(.text)
    __semihosting_library_function           0x0800043b   Thumb Code     0  indicate_semi.o(.text)
    AGV_init                                 0x0800043d   Thumb Code    96  agv_info.o(i.AGV_init)
    BusFault_Handler                         0x080004e1   Thumb Code     2  stm32f4xx_it.o(i.BusFault_Handler)
    CAN1_RX0_IRQHandler                      0x080004e5   Thumb Code     6  stm32f4xx_it.o(i.CAN1_RX0_IRQHandler)
    DebugMon_Handler                         0x080004f1   Thumb Code     2  stm32f4xx_it.o(i.DebugMon_Handler)
    Error_Handler                            0x080004f3   Thumb Code     4  main.o(i.Error_Handler)
    HAL_CAN_ActivateNotification             0x080004f7   Thumb Code    36  stm32f4xx_hal_can.o(i.HAL_CAN_ActivateNotification)
    HAL_CAN_AddTxMessage                     0x0800051b   Thumb Code   220  stm32f4xx_hal_can.o(i.HAL_CAN_AddTxMessage)
    HAL_CAN_ConfigFilter                     0x080005f9   Thumb Code   262  stm32f4xx_hal_can.o(i.HAL_CAN_ConfigFilter)
    HAL_CAN_ErrorCallback                    0x08000705   Thumb Code     2  stm32f4xx_hal_can.o(i.HAL_CAN_ErrorCallback)
    HAL_CAN_GetRxMessage                     0x08000707   Thumb Code   232  stm32f4xx_hal_can.o(i.HAL_CAN_GetRxMessage)
    HAL_CAN_IRQHandler                       0x080007ef   Thumb Code   508  stm32f4xx_hal_can.o(i.HAL_CAN_IRQHandler)
    HAL_CAN_Init                             0x080009eb   Thumb Code   282  stm32f4xx_hal_can.o(i.HAL_CAN_Init)
    HAL_CAN_MspInit                          0x08000b05   Thumb Code   110  stm32f4xx_hal_msp.o(i.HAL_CAN_MspInit)
    HAL_CAN_RxFifo0FullCallback              0x08000b81   Thumb Code     2  stm32f4xx_hal_can.o(i.HAL_CAN_RxFifo0FullCallback)
    HAL_CAN_RxFifo0MsgPendingCallback        0x08000b85   Thumb Code   310  can_qr.o(i.HAL_CAN_RxFifo0MsgPendingCallback)
    HAL_CAN_RxFifo1FullCallback              0x08000cd5   Thumb Code     2  stm32f4xx_hal_can.o(i.HAL_CAN_RxFifo1FullCallback)
    HAL_CAN_RxFifo1MsgPendingCallback        0x08000cd7   Thumb Code     2  stm32f4xx_hal_can.o(i.HAL_CAN_RxFifo1MsgPendingCallback)
    HAL_CAN_SleepCallback                    0x08000cd9   Thumb Code     2  stm32f4xx_hal_can.o(i.HAL_CAN_SleepCallback)
    HAL_CAN_Start                            0x08000cdd   Thumb Code    88  stm32f4xx_hal_can.o(i.HAL_CAN_Start)
    HAL_CAN_TxMailbox0AbortCallback          0x08000d35   Thumb Code     2  stm32f4xx_hal_can.o(i.HAL_CAN_TxMailbox0AbortCallback)
    HAL_CAN_TxMailbox0CompleteCallback       0x08000d37   Thumb Code     2  stm32f4xx_hal_can.o(i.HAL_CAN_TxMailbox0CompleteCallback)
    HAL_CAN_TxMailbox1AbortCallback          0x08000d39   Thumb Code     2  stm32f4xx_hal_can.o(i.HAL_CAN_TxMailbox1AbortCallback)
    HAL_CAN_TxMailbox1CompleteCallback       0x08000d3b   Thumb Code     2  stm32f4xx_hal_can.o(i.HAL_CAN_TxMailbox1CompleteCallback)
    HAL_CAN_TxMailbox2AbortCallback          0x08000d3d   Thumb Code     2  stm32f4xx_hal_can.o(i.HAL_CAN_TxMailbox2AbortCallback)
    HAL_CAN_TxMailbox2CompleteCallback       0x08000d3f   Thumb Code     2  stm32f4xx_hal_can.o(i.HAL_CAN_TxMailbox2CompleteCallback)
    HAL_CAN_WakeUpFromRxMsgCallback          0x08000d41   Thumb Code     2  stm32f4xx_hal_can.o(i.HAL_CAN_WakeUpFromRxMsgCallback)
    HAL_DMA_Abort                            0x08000d43   Thumb Code   146  stm32f4xx_hal_dma.o(i.HAL_DMA_Abort)
    HAL_DMA_Abort_IT                         0x08000dd5   Thumb Code    36  stm32f4xx_hal_dma.o(i.HAL_DMA_Abort_IT)
    HAL_Delay                                0x08000df9   Thumb Code    32  stm32f4xx_hal.o(i.HAL_Delay)
    HAL_GPIO_Init                            0x08000e1d   Thumb Code   450  stm32f4xx_hal_gpio.o(i.HAL_GPIO_Init)
    HAL_GPIO_WritePin                        0x0800100d   Thumb Code    10  stm32f4xx_hal_gpio.o(i.HAL_GPIO_WritePin)
    HAL_GetTick                              0x08001019   Thumb Code     6  stm32f4xx_hal.o(i.HAL_GetTick)
    HAL_IncTick                              0x08001025   Thumb Code    12  stm32f4xx_hal.o(i.HAL_IncTick)
    HAL_Init                                 0x08001035   Thumb Code    48  stm32f4xx_hal.o(i.HAL_Init)
    HAL_InitTick                             0x08001069   Thumb Code    54  stm32f4xx_hal.o(i.HAL_InitTick)
    HAL_MspInit                              0x080010a9   Thumb Code    42  stm32f4xx_hal_msp.o(i.HAL_MspInit)
    HAL_NVIC_ClearPendingIRQ                 0x080010d9   Thumb Code    26  stm32f4xx_hal_cortex.o(i.HAL_NVIC_ClearPendingIRQ)
    HAL_NVIC_EnableIRQ                       0x080010f3   Thumb Code    26  stm32f4xx_hal_cortex.o(i.HAL_NVIC_EnableIRQ)
    HAL_NVIC_SetPriority                     0x0800110d   Thumb Code    60  stm32f4xx_hal_cortex.o(i.HAL_NVIC_SetPriority)
    HAL_NVIC_SetPriorityGrouping             0x0800114d   Thumb Code    26  stm32f4xx_hal_cortex.o(i.HAL_NVIC_SetPriorityGrouping)
    HAL_RCC_ClockConfig                      0x08001171   Thumb Code   288  stm32f4xx_hal_rcc.o(i.HAL_RCC_ClockConfig)
    HAL_RCC_GetPCLK1Freq                     0x080012a5   Thumb Code    20  stm32f4xx_hal_rcc.o(i.HAL_RCC_GetPCLK1Freq)
    HAL_RCC_GetPCLK2Freq                     0x080012c5   Thumb Code    20  stm32f4xx_hal_rcc.o(i.HAL_RCC_GetPCLK2Freq)
    HAL_RCC_GetSysClockFreq                  0x080012e5   Thumb Code    88  stm32f4xx_hal_rcc.o(i.HAL_RCC_GetSysClockFreq)
    HAL_RCC_OscConfig                        0x08001345   Thumb Code   856  stm32f4xx_hal_rcc.o(i.HAL_RCC_OscConfig)
    HAL_SYSTICK_Config                       0x080016b1   Thumb Code    40  stm32f4xx_hal_cortex.o(i.HAL_SYSTICK_Config)
    HAL_UARTEx_RxEventCallback               0x080016d9   Thumb Code     2  stm32f4xx_hal_uart.o(i.HAL_UARTEx_RxEventCallback)
    HAL_UART_ErrorCallback                   0x080016db   Thumb Code     2  stm32f4xx_hal_uart.o(i.HAL_UART_ErrorCallback)
    HAL_UART_IRQHandler                      0x080016dd   Thumb Code   610  stm32f4xx_hal_uart.o(i.HAL_UART_IRQHandler)
    HAL_UART_Init                            0x08001945   Thumb Code    98  stm32f4xx_hal_uart.o(i.HAL_UART_Init)
    HAL_UART_MspInit                         0x080019a9   Thumb Code   186  stm32f4xx_hal_msp.o(i.HAL_UART_MspInit)
    HAL_UART_Receive                         0x08001a79   Thumb Code   192  stm32f4xx_hal_uart.o(i.HAL_UART_Receive)
    HAL_UART_RxCpltCallback                  0x08001b39   Thumb Code     2  stm32f4xx_hal_uart.o(i.HAL_UART_RxCpltCallback)
    HAL_UART_Transmit                        0x08001b3d   Thumb Code   178  stm32f4xx_hal_uart.o(i.HAL_UART_Transmit)
    HAL_UART_TxCpltCallback                  0x08001bef   Thumb Code     2  stm32f4xx_hal_uart.o(i.HAL_UART_TxCpltCallback)
    HardFault_Handler                        0x08001bf1   Thumb Code     2  stm32f4xx_it.o(i.HardFault_Handler)
    IMU_GET                                  0x08001bf5   Thumb Code   212  imu.o(i.IMU_GET)
    IMU_Init                                 0x08001ce1   Thumb Code    32  imu.o(i.IMU_Init)
    Kinco_Init                               0x08001d05   Thumb Code    34  can_qr.o(i.Kinco_Init)
    MemManage_Handler                        0x08001e5d   Thumb Code     2  stm32f4xx_it.o(i.MemManage_Handler)
    ModbusMaster_ModbusMasterTransaction     0x08001e61   Thumb Code   830  modbus_master.o(i.ModbusMaster_ModbusMasterTransaction)
    ModbusMaster_begin                       0x080021a9   Thumb Code    12  modbus_master.o(i.ModbusMaster_begin)
    ModbusMaster_getResponseBuffer           0x080021b9   Thumb Code    18  modbus_master.o(i.ModbusMaster_getResponseBuffer)
    ModbusMaster_readHoldingRegisters        0x080021d1   Thumb Code    14  modbus_master.o(i.ModbusMaster_readHoldingRegisters)
    ModbusMaster_writeSingleRegister         0x080021e5   Thumb Code    20  modbus_master.o(i.ModbusMaster_writeSingleRegister)
    Modbus_Master_GetByte                    0x08002201   Thumb Code    22  trans_recieve_buff_control.o(i.Modbus_Master_GetByte)
    Modbus_Master_Millis                     0x0800221d   Thumb Code     4  trans_recieve_buff_control.o(i.Modbus_Master_Millis)
    Modbus_Master_RB_Initialize              0x08002221   Thumb Code    18  trans_recieve_buff_control.o(i.Modbus_Master_RB_Initialize)
    Modbus_Master_Read                       0x08002239   Thumb Code    24  trans_recieve_buff_control.o(i.Modbus_Master_Read)
    Modbus_Master_Rece_Available             0x08002255   Thumb Code    32  trans_recieve_buff_control.o(i.Modbus_Master_Rece_Available)
    Modbus_Master_Rece_Flush                 0x08002279   Thumb Code    10  trans_recieve_buff_control.o(i.Modbus_Master_Rece_Flush)
    Modbus_Master_Rece_Handler               0x08002289   Thumb Code    24  trans_recieve_buff_control.o(i.Modbus_Master_Rece_Handler)
    Modbus_Master_Write                      0x080022a5   Thumb Code    56  trans_recieve_buff_control.o(i.Modbus_Master_Write)
    NMI_Handler                              0x080022e5   Thumb Code     2  stm32f4xx_it.o(i.NMI_Handler)
    Odome                                    0x080022e9   Thumb Code   348  can_qr.o(i.Odome)
    PendSV_Handler                           0x08002461   Thumb Code     2  stm32f4xx_it.o(i.PendSV_Handler)
    SVC_Handler                              0x08002463   Thumb Code     2  stm32f4xx_it.o(i.SVC_Handler)
    SysTick_Handler                          0x08002465   Thumb Code     4  stm32f4xx_it.o(i.SysTick_Handler)
    SystemClock_Config                       0x08002469   Thumb Code   138  main.o(i.SystemClock_Config)
    SystemInit                               0x080024fd   Thumb Code    12  system_stm32f4xx.o(i.SystemInit)
    USART1_IRQHandler                        0x080027b1   Thumb Code     6  stm32f4xx_it.o(i.USART1_IRQHandler)
    USART3_IRQHandler                        0x080027bd   Thumb Code    32  stm32f4xx_it.o(i.USART3_IRQHandler)
    UsageFault_Handler                       0x080027e1   Thumb Code     2  stm32f4xx_it.o(i.UsageFault_Handler)
    __ARM_fpclassify                         0x080027e3   Thumb Code    48  fpclassify.o(i.__ARM_fpclassify)
    __hardfp_cos                             0x08002839   Thumb Code   180  cos.o(i.__hardfp_cos)
    __hardfp_sin                             0x08002901   Thumb Code   180  sin.o(i.__hardfp_sin)
    __ieee754_rem_pio2                       0x080029c9   Thumb Code   938  rred.o(i.__ieee754_rem_pio2)
    __kernel_cos                             0x08002e01   Thumb Code   322  cos_i.o(i.__kernel_cos)
    __kernel_poly                            0x08002f71   Thumb Code   248  poly.o(i.__kernel_poly)
    __kernel_sin                             0x08003069   Thumb Code   280  sin_i.o(i.__kernel_sin)
    __mathlib_dbl_infnan                     0x08003199   Thumb Code    20  dunder.o(i.__mathlib_dbl_infnan)
    __mathlib_dbl_invalid                    0x080031b1   Thumb Code    24  dunder.o(i.__mathlib_dbl_invalid)
    __mathlib_dbl_underflow                  0x080031d1   Thumb Code    24  dunder.o(i.__mathlib_dbl_underflow)
    convert_speeds                           0x080031f1   Thumb Code    92  can_qr.o(i.convert_speeds)
    enable_driver                            0x0800327d   Thumb Code   220  can_qr.o(i.enable_driver)
    fabs                                     0x08003371   Thumb Code    24  fabs.o(i.fabs)
    kinco_control                            0x08003389   Thumb Code   338  can_qr.o(i.kinco_control)
    kinco_get_data                           0x080034f1   Thumb Code    34  can_qr.o(i.kinco_get_data)
    main                                     0x08003521   Thumb Code   134  main.o(i.main)
    rbClear                                  0x080035bd   Thumb Code    12  ringbuffer.o(i.rbClear)
    rbInitialize                             0x080035c9   Thumb Code    18  ringbuffer.o(i.rbInitialize)
    rbIsEmpty                                0x080035db   Thumb Code    16  ringbuffer.o(i.rbIsEmpty)
    rbPop                                    0x080035eb   Thumb Code    34  ringbuffer.o(i.rbPop)
    rbPush                                   0x0800360d   Thumb Code    36  ringbuffer.o(i.rbPush)
    __aeabi_dneg                             0x08003631   Thumb Code     0  basic.o(x$fpl$basic)
    _dneg                                    0x08003631   Thumb Code     6  basic.o(x$fpl$basic)
    __aeabi_fneg                             0x08003637   Thumb Code     0  basic.o(x$fpl$basic)
    _fneg                                    0x08003637   Thumb Code     6  basic.o(x$fpl$basic)
    _dabs                                    0x0800363d   Thumb Code     6  basic.o(x$fpl$basic)
    _fabs                                    0x08003643   Thumb Code     6  basic.o(x$fpl$basic)
    __aeabi_d2f                              0x08003649   Thumb Code     0  d2f.o(x$fpl$d2f)
    _d2f                                     0x08003649   Thumb Code    98  d2f.o(x$fpl$d2f)
    __aeabi_dadd                             0x080036ad   Thumb Code     0  daddsub_clz.o(x$fpl$dadd)
    _dadd                                    0x080036ad   Thumb Code   332  daddsub_clz.o(x$fpl$dadd)
    __aeabi_ddiv                             0x080037fd   Thumb Code     0  ddiv.o(x$fpl$ddiv)
    _ddiv                                    0x080037fd   Thumb Code   552  ddiv.o(x$fpl$ddiv)
    __aeabi_d2iz                             0x08003aad   Thumb Code     0  dfix.o(x$fpl$dfix)
    _dfix                                    0x08003aad   Thumb Code    94  dfix.o(x$fpl$dfix)
    __aeabi_i2d                              0x08003b0b   Thumb Code     0  dflt_clz.o(x$fpl$dflt)
    _dflt                                    0x08003b0b   Thumb Code    46  dflt_clz.o(x$fpl$dflt)
    __aeabi_ui2d                             0x08003b39   Thumb Code     0  dflt_clz.o(x$fpl$dfltu)
    _dfltu                                   0x08003b39   Thumb Code    38  dflt_clz.o(x$fpl$dfltu)
    __aeabi_dmul                             0x08003b61   Thumb Code     0  dmul.o(x$fpl$dmul)
    _dmul                                    0x08003b61   Thumb Code   332  dmul.o(x$fpl$dmul)
    __fpl_dnaninf                            0x08003cb5   Thumb Code   156  dnaninf.o(x$fpl$dnaninf)
    __fpl_dretinf                            0x08003d51   Thumb Code    12  dretinf.o(x$fpl$dretinf)
    __aeabi_drsub                            0x08003d5d   Thumb Code     0  daddsub_clz.o(x$fpl$drsb)
    _drsb                                    0x08003d5d   Thumb Code    22  daddsub_clz.o(x$fpl$drsb)
    __aeabi_dsub                             0x08003d75   Thumb Code     0  daddsub_clz.o(x$fpl$dsub)
    _dsub                                    0x08003d75   Thumb Code   464  daddsub_clz.o(x$fpl$dsub)
    __aeabi_f2d                              0x08003f49   Thumb Code     0  f2d.o(x$fpl$f2d)
    _f2d                                     0x08003f49   Thumb Code    86  f2d.o(x$fpl$f2d)
    __fpl_fnaninf                            0x08003f9f   Thumb Code   140  fnaninf.o(x$fpl$fnaninf)
    _fp_init                                 0x0800402b   Thumb Code    10  fpinit.o(x$fpl$fpinit)
    __fplib_config_fpu_vfp                   0x08004033   Thumb Code     0  fpinit.o(x$fpl$fpinit)
    __fplib_config_pureend_doubles           0x08004033   Thumb Code     0  fpinit.o(x$fpl$fpinit)
    __fpl_fretinf                            0x08004035   Thumb Code    10  fretinf.o(x$fpl$fretinf)
    AHBPrescTable                            0x0800403e   Data          16  system_stm32f4xx.o(.constdata)
    __I$use$fp                               0x0800403e   Number         0  usenofp.o(x$fpl$usenofp)
    APBPrescTable                            0x0800404e   Data           8  system_stm32f4xx.o(.constdata)
    Region$$Table$$Base                      0x08004178   Number         0  anon$$obj.o(Region$$Table)
    Region$$Table$$Limit                     0x08004198   Number         0  anon$$obj.o(Region$$Table)
    dir_real                                 0x20000000   Data           1  main.o(.data)
    vel_agv                                  0x20000004   Data           4  main.o(.data)
    uwTickFreq                               0x20000008   Data           1  stm32f4xx_hal.o(.data)
    uwTickPrio                               0x2000000c   Data           4  stm32f4xx_hal.o(.data)
    uwTick                                   0x20000010   Data           4  stm32f4xx_hal.o(.data)
    SystemCoreClock                          0x20000014   Data           4  system_stm32f4xx.o(.data)
    TxMailbox                                0x20000018   Data           4  can_qr.o(.data)
    check                                    0x2000001c   Data           4  can_qr.o(.data)
    _u8MBSlave                               0x20000020   Data           1  modbus_master.o(.data)
    _u8TransmitBufferIndex                   0x20000021   Data           1  modbus_master.o(.data)
    _u8ResponseBufferIndex                   0x20000022   Data           1  modbus_master.o(.data)
    _u8ResponseBufferLength                  0x20000023   Data           1  modbus_master.o(.data)
    _u16ReadAddress                          0x20000024   Data           2  modbus_master.o(.data)
    _u16ReadQty                              0x20000026   Data           2  modbus_master.o(.data)
    _u16WriteAddress                         0x20000028   Data           2  modbus_master.o(.data)
    _u16WriteQty                             0x2000002a   Data           2  modbus_master.o(.data)
    u16TransmitBufferLength                  0x2000002c   Data           2  modbus_master.o(.data)
    hcan1                                    0x20000030   Data          40  main.o(.bss)
    huart1                                   0x20000058   Data          68  main.o(.bss)
    huart3                                   0x2000009c   Data          68  main.o(.bss)
    txHeader                                 0x200000e0   Data          24  can_qr.o(.bss)
    rxHeader                                 0x200000f8   Data          28  can_qr.o(.bss)
    _u16ResponseBuffer                       0x20000114   Data         128  modbus_master.o(.bss)
    _u16TransmitBuffer                       0x20000194   Data         128  modbus_master.o(.bss)
    m_Modbus_Master_RX_RingBuff              0x20000214   Data          20  trans_recieve_buff_control.o(.bss)
    m_Modbus_Master_RX_Buff                  0x20000228   Data         200  trans_recieve_buff_control.o(.bss)
    IMU_DATA                                 0x200002f0   Data          12  imu.o(.bss)
    CHASSIC                                  0x200002fc   Data          24  agv_info.o(.bss)
    DEVICE                                   0x20000314   Data          20  agv_info.o(.bss)
    LOCALIZATION                             0x20000328   Data          40  agv_info.o(.bss)
    __libspace_start                         0x20000350   Data          96  libspace.o(.bss)
    __temporary_stack_top$libspace           0x200003b0   Data           0  libspace.o(.bss)



==============================================================================

Memory Map of the image

  Image Entry point : 0x08000189

  Load Region LR_IROM1 (Base: 0x08000000, Size: 0x000041c8, Max: 0x00100000, ABSOLUTE)

    Execution Region ER_IROM1 (Exec base: 0x08000000, Load base: 0x08000000, Size: 0x00004198, Max: 0x00100000, ABSOLUTE)

    Exec Addr    Load Addr    Size         Type   Attr      Idx    E Section Name        Object

    0x08000000   0x08000000   0x00000188   Data   RO            3    RESET               startup_stm32f407xx.o
    0x08000188   0x08000188   0x00000008   Code   RO         2609  * !!!main             c_w.l(__main.o)
    0x08000190   0x08000190   0x00000034   Code   RO         2884    !!!scatter          c_w.l(__scatter.o)
    0x080001c4   0x080001c4   0x0000001a   Code   RO         2886    !!handler_copy      c_w.l(__scatter_copy.o)
    0x080001de   0x080001de   0x00000002   PAD
    0x080001e0   0x080001e0   0x0000001c   Code   RO         2888    !!handler_zi        c_w.l(__scatter_zi.o)
    0x080001fc   0x080001fc   0x00000002   Code   RO         2755    .ARM.Collect$$libinit$$00000000  c_w.l(libinit.o)
    0x080001fe   0x080001fe   0x00000004   Code   RO         2764    .ARM.Collect$$libinit$$00000001  c_w.l(libinit2.o)
    0x08000202   0x08000202   0x00000000   Code   RO         2767    .ARM.Collect$$libinit$$00000004  c_w.l(libinit2.o)
    0x08000202   0x08000202   0x00000000   Code   RO         2770    .ARM.Collect$$libinit$$0000000A  c_w.l(libinit2.o)
    0x08000202   0x08000202   0x00000000   Code   RO         2772    .ARM.Collect$$libinit$$0000000C  c_w.l(libinit2.o)
    0x08000202   0x08000202   0x00000000   Code   RO         2774    .ARM.Collect$$libinit$$0000000E  c_w.l(libinit2.o)
    0x08000202   0x08000202   0x00000000   Code   RO         2777    .ARM.Collect$$libinit$$00000011  c_w.l(libinit2.o)
    0x08000202   0x08000202   0x00000000   Code   RO         2779    .ARM.Collect$$libinit$$00000013  c_w.l(libinit2.o)
    0x08000202   0x08000202   0x00000000   Code   RO         2781    .ARM.Collect$$libinit$$00000015  c_w.l(libinit2.o)
    0x08000202   0x08000202   0x00000000   Code   RO         2783    .ARM.Collect$$libinit$$00000017  c_w.l(libinit2.o)
    0x08000202   0x08000202   0x00000000   Code   RO         2785    .ARM.Collect$$libinit$$00000019  c_w.l(libinit2.o)
    0x08000202   0x08000202   0x00000000   Code   RO         2787    .ARM.Collect$$libinit$$0000001B  c_w.l(libinit2.o)
    0x08000202   0x08000202   0x00000000   Code   RO         2789    .ARM.Collect$$libinit$$0000001D  c_w.l(libinit2.o)
    0x08000202   0x08000202   0x00000000   Code   RO         2791    .ARM.Collect$$libinit$$0000001F  c_w.l(libinit2.o)
    0x08000202   0x08000202   0x00000000   Code   RO         2793    .ARM.Collect$$libinit$$00000021  c_w.l(libinit2.o)
    0x08000202   0x08000202   0x00000000   Code   RO         2795    .ARM.Collect$$libinit$$00000023  c_w.l(libinit2.o)
    0x08000202   0x08000202   0x00000000   Code   RO         2797    .ARM.Collect$$libinit$$00000025  c_w.l(libinit2.o)
    0x08000202   0x08000202   0x00000000   Code   RO         2801    .ARM.Collect$$libinit$$0000002C  c_w.l(libinit2.o)
    0x08000202   0x08000202   0x00000000   Code   RO         2803    .ARM.Collect$$libinit$$0000002E  c_w.l(libinit2.o)
    0x08000202   0x08000202   0x00000000   Code   RO         2805    .ARM.Collect$$libinit$$00000030  c_w.l(libinit2.o)
    0x08000202   0x08000202   0x00000000   Code   RO         2807    .ARM.Collect$$libinit$$00000032  c_w.l(libinit2.o)
    0x08000202   0x08000202   0x00000002   Code   RO         2808    .ARM.Collect$$libinit$$00000033  c_w.l(libinit2.o)
    0x08000204   0x08000204   0x00000002   Code   RO         2839    .ARM.Collect$$libshutdown$$00000000  c_w.l(libshutdown.o)
    0x08000206   0x08000206   0x00000000   Code   RO         2865    .ARM.Collect$$libshutdown$$00000002  c_w.l(libshutdown2.o)
    0x08000206   0x08000206   0x00000000   Code   RO         2867    .ARM.Collect$$libshutdown$$00000004  c_w.l(libshutdown2.o)
    0x08000206   0x08000206   0x00000000   Code   RO         2869    .ARM.Collect$$libshutdown$$00000006  c_w.l(libshutdown2.o)
    0x08000206   0x08000206   0x00000000   Code   RO         2872    .ARM.Collect$$libshutdown$$00000009  c_w.l(libshutdown2.o)
    0x08000206   0x08000206   0x00000000   Code   RO         2875    .ARM.Collect$$libshutdown$$0000000C  c_w.l(libshutdown2.o)
    0x08000206   0x08000206   0x00000000   Code   RO         2877    .ARM.Collect$$libshutdown$$0000000E  c_w.l(libshutdown2.o)
    0x08000206   0x08000206   0x00000000   Code   RO         2880    .ARM.Collect$$libshutdown$$00000011  c_w.l(libshutdown2.o)
    0x08000206   0x08000206   0x00000002   Code   RO         2881    .ARM.Collect$$libshutdown$$00000012  c_w.l(libshutdown2.o)
    0x08000208   0x08000208   0x00000000   Code   RO         2655    .ARM.Collect$$rtentry$$00000000  c_w.l(__rtentry.o)
    0x08000208   0x08000208   0x00000000   Code   RO         2702    .ARM.Collect$$rtentry$$00000002  c_w.l(__rtentry2.o)
    0x08000208   0x08000208   0x00000006   Code   RO         2714    .ARM.Collect$$rtentry$$00000004  c_w.l(__rtentry4.o)
    0x0800020e   0x0800020e   0x00000000   Code   RO         2704    .ARM.Collect$$rtentry$$00000009  c_w.l(__rtentry2.o)
    0x0800020e   0x0800020e   0x00000004   Code   RO         2705    .ARM.Collect$$rtentry$$0000000A  c_w.l(__rtentry2.o)
    0x08000212   0x08000212   0x00000000   Code   RO         2707    .ARM.Collect$$rtentry$$0000000C  c_w.l(__rtentry2.o)
    0x08000212   0x08000212   0x00000008   Code   RO         2708    .ARM.Collect$$rtentry$$0000000D  c_w.l(__rtentry2.o)
    0x0800021a   0x0800021a   0x00000002   Code   RO         2756    .ARM.Collect$$rtexit$$00000000  c_w.l(rtexit.o)
    0x0800021c   0x0800021c   0x00000000   Code   RO         2812    .ARM.Collect$$rtexit$$00000002  c_w.l(rtexit2.o)
    0x0800021c   0x0800021c   0x00000004   Code   RO         2813    .ARM.Collect$$rtexit$$00000003  c_w.l(rtexit2.o)
    0x08000220   0x08000220   0x00000006   Code   RO         2814    .ARM.Collect$$rtexit$$00000004  c_w.l(rtexit2.o)
    0x08000226   0x08000226   0x00000002   PAD
    0x08000228   0x08000228   0x00000040   Code   RO            4    .text               startup_stm32f407xx.o
    0x08000268   0x08000268   0x000000ee   Code   RO         2603    .text               c_w.l(lludivv7m.o)
    0x08000356   0x08000356   0x0000004e   Code   RO         2605    .text               c_w.l(rt_memclr_w.o)
    0x080003a4   0x080003a4   0x00000006   Code   RO         2607    .text               c_w.l(heapauxi.o)
    0x080003aa   0x080003aa   0x00000016   Code   RO         2660    .text               c_w.l(_rserrno.o)
    0x080003c0   0x080003c0   0x00000008   Code   RO         2721    .text               c_w.l(rt_errno_addr_intlibspace.o)
    0x080003c8   0x080003c8   0x00000008   Code   RO         2739    .text               c_w.l(libspace.o)
    0x080003d0   0x080003d0   0x0000004a   Code   RO         2742    .text               c_w.l(sys_stackheap_outer.o)
    0x0800041a   0x0800041a   0x00000012   Code   RO         2744    .text               c_w.l(exit.o)
    0x0800042c   0x0800042c   0x0000000c   Code   RO         2809    .text               c_w.l(sys_exit.o)
    0x08000438   0x08000438   0x00000002   Code   RO         2828    .text               c_w.l(use_no_semi.o)
    0x0800043a   0x0800043a   0x00000000   Code   RO         2830    .text               c_w.l(indicate_semi.o)
    0x0800043a   0x0800043a   0x00000002   PAD
    0x0800043c   0x0800043c   0x000000a4   Code   RO         2556    i.AGV_init          agv_info.o
    0x080004e0   0x080004e0   0x00000002   Code   RO          178    i.BusFault_Handler  stm32f4xx_it.o
    0x080004e2   0x080004e2   0x00000002   PAD
    0x080004e4   0x080004e4   0x0000000c   Code   RO          179    i.CAN1_RX0_IRQHandler  stm32f4xx_it.o
    0x080004f0   0x080004f0   0x00000002   Code   RO          180    i.DebugMon_Handler  stm32f4xx_it.o
    0x080004f2   0x080004f2   0x00000004   Code   RO           13    i.Error_Handler     main.o
    0x080004f6   0x080004f6   0x00000024   Code   RO          327    i.HAL_CAN_ActivateNotification  stm32f4xx_hal_can.o
    0x0800051a   0x0800051a   0x000000dc   Code   RO          328    i.HAL_CAN_AddTxMessage  stm32f4xx_hal_can.o
    0x080005f6   0x080005f6   0x00000002   PAD
    0x080005f8   0x080005f8   0x0000010c   Code   RO          329    i.HAL_CAN_ConfigFilter  stm32f4xx_hal_can.o
    0x08000704   0x08000704   0x00000002   Code   RO          332    i.HAL_CAN_ErrorCallback  stm32f4xx_hal_can.o
    0x08000706   0x08000706   0x000000e8   Code   RO          335    i.HAL_CAN_GetRxMessage  stm32f4xx_hal_can.o
    0x080007ee   0x080007ee   0x000001fc   Code   RO          339    i.HAL_CAN_IRQHandler  stm32f4xx_hal_can.o
    0x080009ea   0x080009ea   0x0000011a   Code   RO          340    i.HAL_CAN_Init      stm32f4xx_hal_can.o
    0x08000b04   0x08000b04   0x0000007c   Code   RO          279    i.HAL_CAN_MspInit   stm32f4xx_hal_msp.o
    0x08000b80   0x08000b80   0x00000002   Code   RO          347    i.HAL_CAN_RxFifo0FullCallback  stm32f4xx_hal_can.o
    0x08000b82   0x08000b82   0x00000002   PAD
    0x08000b84   0x08000b84   0x00000150   Code   RO         2123    i.HAL_CAN_RxFifo0MsgPendingCallback  can_qr.o
    0x08000cd4   0x08000cd4   0x00000002   Code   RO          349    i.HAL_CAN_RxFifo1FullCallback  stm32f4xx_hal_can.o
    0x08000cd6   0x08000cd6   0x00000002   Code   RO          350    i.HAL_CAN_RxFifo1MsgPendingCallback  stm32f4xx_hal_can.o
    0x08000cd8   0x08000cd8   0x00000002   Code   RO          351    i.HAL_CAN_SleepCallback  stm32f4xx_hal_can.o
    0x08000cda   0x08000cda   0x00000002   PAD
    0x08000cdc   0x08000cdc   0x00000058   Code   RO          352    i.HAL_CAN_Start     stm32f4xx_hal_can.o
    0x08000d34   0x08000d34   0x00000002   Code   RO          354    i.HAL_CAN_TxMailbox0AbortCallback  stm32f4xx_hal_can.o
    0x08000d36   0x08000d36   0x00000002   Code   RO          355    i.HAL_CAN_TxMailbox0CompleteCallback  stm32f4xx_hal_can.o
    0x08000d38   0x08000d38   0x00000002   Code   RO          356    i.HAL_CAN_TxMailbox1AbortCallback  stm32f4xx_hal_can.o
    0x08000d3a   0x08000d3a   0x00000002   Code   RO          357    i.HAL_CAN_TxMailbox1CompleteCallback  stm32f4xx_hal_can.o
    0x08000d3c   0x08000d3c   0x00000002   Code   RO          358    i.HAL_CAN_TxMailbox2AbortCallback  stm32f4xx_hal_can.o
    0x08000d3e   0x08000d3e   0x00000002   Code   RO          359    i.HAL_CAN_TxMailbox2CompleteCallback  stm32f4xx_hal_can.o
    0x08000d40   0x08000d40   0x00000002   Code   RO          361    i.HAL_CAN_WakeUpFromRxMsgCallback  stm32f4xx_hal_can.o
    0x08000d42   0x08000d42   0x00000092   Code   RO         1022    i.HAL_DMA_Abort     stm32f4xx_hal_dma.o
    0x08000dd4   0x08000dd4   0x00000024   Code   RO         1023    i.HAL_DMA_Abort_IT  stm32f4xx_hal_dma.o
    0x08000df8   0x08000df8   0x00000024   Code   RO         1441    i.HAL_Delay         stm32f4xx_hal.o
    0x08000e1c   0x08000e1c   0x000001f0   Code   RO          915    i.HAL_GPIO_Init     stm32f4xx_hal_gpio.o
    0x0800100c   0x0800100c   0x0000000a   Code   RO          919    i.HAL_GPIO_WritePin  stm32f4xx_hal_gpio.o
    0x08001016   0x08001016   0x00000002   PAD
    0x08001018   0x08001018   0x0000000c   Code   RO         1447    i.HAL_GetTick       stm32f4xx_hal.o
    0x08001024   0x08001024   0x00000010   Code   RO         1453    i.HAL_IncTick       stm32f4xx_hal.o
    0x08001034   0x08001034   0x00000034   Code   RO         1454    i.HAL_Init          stm32f4xx_hal.o
    0x08001068   0x08001068   0x00000040   Code   RO         1455    i.HAL_InitTick      stm32f4xx_hal.o
    0x080010a8   0x080010a8   0x00000030   Code   RO          280    i.HAL_MspInit       stm32f4xx_hal_msp.o
    0x080010d8   0x080010d8   0x0000001a   Code   RO         1302    i.HAL_NVIC_ClearPendingIRQ  stm32f4xx_hal_cortex.o
    0x080010f2   0x080010f2   0x0000001a   Code   RO         1304    i.HAL_NVIC_EnableIRQ  stm32f4xx_hal_cortex.o
    0x0800110c   0x0800110c   0x00000040   Code   RO         1310    i.HAL_NVIC_SetPriority  stm32f4xx_hal_cortex.o
    0x0800114c   0x0800114c   0x00000024   Code   RO         1311    i.HAL_NVIC_SetPriorityGrouping  stm32f4xx_hal_cortex.o
    0x08001170   0x08001170   0x00000134   Code   RO          561    i.HAL_RCC_ClockConfig  stm32f4xx_hal_rcc.o
    0x080012a4   0x080012a4   0x00000020   Code   RO          568    i.HAL_RCC_GetPCLK1Freq  stm32f4xx_hal_rcc.o
    0x080012c4   0x080012c4   0x00000020   Code   RO          569    i.HAL_RCC_GetPCLK2Freq  stm32f4xx_hal_rcc.o
    0x080012e4   0x080012e4   0x00000060   Code   RO          570    i.HAL_RCC_GetSysClockFreq  stm32f4xx_hal_rcc.o
    0x08001344   0x08001344   0x0000036c   Code   RO          573    i.HAL_RCC_OscConfig  stm32f4xx_hal_rcc.o
    0x080016b0   0x080016b0   0x00000028   Code   RO         1315    i.HAL_SYSTICK_Config  stm32f4xx_hal_cortex.o
    0x080016d8   0x080016d8   0x00000002   Code   RO         1739    i.HAL_UARTEx_RxEventCallback  stm32f4xx_hal_uart.o
    0x080016da   0x080016da   0x00000002   Code   RO         1753    i.HAL_UART_ErrorCallback  stm32f4xx_hal_uart.o
    0x080016dc   0x080016dc   0x00000268   Code   RO         1756    i.HAL_UART_IRQHandler  stm32f4xx_hal_uart.o
    0x08001944   0x08001944   0x00000062   Code   RO         1757    i.HAL_UART_Init     stm32f4xx_hal_uart.o
    0x080019a6   0x080019a6   0x00000002   PAD
    0x080019a8   0x080019a8   0x000000d0   Code   RO          282    i.HAL_UART_MspInit  stm32f4xx_hal_msp.o
    0x08001a78   0x08001a78   0x000000c0   Code   RO         1760    i.HAL_UART_Receive  stm32f4xx_hal_uart.o
    0x08001b38   0x08001b38   0x00000002   Code   RO         1763    i.HAL_UART_RxCpltCallback  stm32f4xx_hal_uart.o
    0x08001b3a   0x08001b3a   0x00000002   PAD
    0x08001b3c   0x08001b3c   0x000000b2   Code   RO         1765    i.HAL_UART_Transmit  stm32f4xx_hal_uart.o
    0x08001bee   0x08001bee   0x00000002   Code   RO         1768    i.HAL_UART_TxCpltCallback  stm32f4xx_hal_uart.o
    0x08001bf0   0x08001bf0   0x00000002   Code   RO          181    i.HardFault_Handler  stm32f4xx_it.o
    0x08001bf2   0x08001bf2   0x00000002   PAD
    0x08001bf4   0x08001bf4   0x000000ec   Code   RO         2511    i.IMU_GET           imu.o
    0x08001ce0   0x08001ce0   0x00000024   Code   RO         2512    i.IMU_Init          imu.o
    0x08001d04   0x08001d04   0x0000002c   Code   RO         2124    i.Kinco_Init        can_qr.o
    0x08001d30   0x08001d30   0x00000064   Code   RO           14    i.MX_CAN1_Init      main.o
    0x08001d94   0x08001d94   0x00000080   Code   RO           15    i.MX_GPIO_Init      main.o
    0x08001e14   0x08001e14   0x00000048   Code   RO           16    i.MX_USART3_UART_Init  main.o
    0x08001e5c   0x08001e5c   0x00000002   Code   RO          182    i.MemManage_Handler  stm32f4xx_it.o
    0x08001e5e   0x08001e5e   0x00000002   PAD
    0x08001e60   0x08001e60   0x00000348   Code   RO         2190    i.ModbusMaster_ModbusMasterTransaction  modbus_master.o
    0x080021a8   0x080021a8   0x00000010   Code   RO         2192    i.ModbusMaster_begin  modbus_master.o
    0x080021b8   0x080021b8   0x00000018   Code   RO         2196    i.ModbusMaster_getResponseBuffer  modbus_master.o
    0x080021d0   0x080021d0   0x00000014   Code   RO         2200    i.ModbusMaster_readHoldingRegisters  modbus_master.o
    0x080021e4   0x080021e4   0x0000001c   Code   RO         2213    i.ModbusMaster_writeSingleRegister  modbus_master.o
    0x08002200   0x08002200   0x0000001c   Code   RO         2442    i.Modbus_Master_GetByte  trans_recieve_buff_control.o
    0x0800221c   0x0800221c   0x00000004   Code   RO         2443    i.Modbus_Master_Millis  trans_recieve_buff_control.o
    0x08002220   0x08002220   0x00000018   Code   RO         2444    i.Modbus_Master_RB_Initialize  trans_recieve_buff_control.o
    0x08002238   0x08002238   0x0000001c   Code   RO         2445    i.Modbus_Master_Read  trans_recieve_buff_control.o
    0x08002254   0x08002254   0x00000024   Code   RO         2446    i.Modbus_Master_Rece_Available  trans_recieve_buff_control.o
    0x08002278   0x08002278   0x00000010   Code   RO         2447    i.Modbus_Master_Rece_Flush  trans_recieve_buff_control.o
    0x08002288   0x08002288   0x0000001c   Code   RO         2448    i.Modbus_Master_Rece_Handler  trans_recieve_buff_control.o
    0x080022a4   0x080022a4   0x00000040   Code   RO         2449    i.Modbus_Master_Write  trans_recieve_buff_control.o
    0x080022e4   0x080022e4   0x00000002   Code   RO          183    i.NMI_Handler       stm32f4xx_it.o
    0x080022e6   0x080022e6   0x00000002   PAD
    0x080022e8   0x080022e8   0x00000178   Code   RO         2125    i.Odome             can_qr.o
    0x08002460   0x08002460   0x00000002   Code   RO          184    i.PendSV_Handler    stm32f4xx_it.o
    0x08002462   0x08002462   0x00000002   Code   RO          185    i.SVC_Handler       stm32f4xx_it.o
    0x08002464   0x08002464   0x00000004   Code   RO          186    i.SysTick_Handler   stm32f4xx_it.o
    0x08002468   0x08002468   0x00000094   Code   RO           17    i.SystemClock_Config  main.o
    0x080024fc   0x080024fc   0x00000010   Code   RO         2086    i.SystemInit        system_stm32f4xx.o
    0x0800250c   0x0800250c   0x00000010   Code   RO         1770    i.UART_DMAAbortOnError  stm32f4xx_hal_uart.o
    0x0800251c   0x0800251c   0x0000004e   Code   RO         1780    i.UART_EndRxTransfer  stm32f4xx_hal_uart.o
    0x0800256a   0x0800256a   0x000000c0   Code   RO         1782    i.UART_Receive_IT   stm32f4xx_hal_uart.o
    0x0800262a   0x0800262a   0x00000002   PAD
    0x0800262c   0x0800262c   0x0000010c   Code   RO         1783    i.UART_SetConfig    stm32f4xx_hal_uart.o
    0x08002738   0x08002738   0x00000078   Code   RO         1786    i.UART_WaitOnFlagUntilTimeout  stm32f4xx_hal_uart.o
    0x080027b0   0x080027b0   0x0000000c   Code   RO          187    i.USART1_IRQHandler  stm32f4xx_it.o
    0x080027bc   0x080027bc   0x00000024   Code   RO          188    i.USART3_IRQHandler  stm32f4xx_it.o
    0x080027e0   0x080027e0   0x00000002   Code   RO          189    i.UsageFault_Handler  stm32f4xx_it.o
    0x080027e2   0x080027e2   0x00000030   Code   RO         2735    i.__ARM_fpclassify  m_wm.l(fpclassify.o)
    0x08002812   0x08002812   0x00000020   Code   RO         1317    i.__NVIC_SetPriority  stm32f4xx_hal_cortex.o
    0x08002832   0x08002832   0x00000006   PAD
    0x08002838   0x08002838   0x000000c8   Code   RO         2631    i.__hardfp_cos      m_wm.l(cos.o)
    0x08002900   0x08002900   0x000000c8   Code   RO         2643    i.__hardfp_sin      m_wm.l(sin.o)
    0x080029c8   0x080029c8   0x00000438   Code   RO         2690    i.__ieee754_rem_pio2  m_wm.l(rred.o)
    0x08002e00   0x08002e00   0x00000170   Code   RO         2673    i.__kernel_cos      m_wm.l(cos_i.o)
    0x08002f70   0x08002f70   0x000000f8   Code   RO         2737    i.__kernel_poly     m_wm.l(poly.o)
    0x08003068   0x08003068   0x00000130   Code   RO         2695    i.__kernel_sin      m_wm.l(sin_i.o)
    0x08003198   0x08003198   0x00000014   Code   RO         2677    i.__mathlib_dbl_infnan  m_wm.l(dunder.o)
    0x080031ac   0x080031ac   0x00000004   PAD
    0x080031b0   0x080031b0   0x00000020   Code   RO         2679    i.__mathlib_dbl_invalid  m_wm.l(dunder.o)
    0x080031d0   0x080031d0   0x00000020   Code   RO         2682    i.__mathlib_dbl_underflow  m_wm.l(dunder.o)
    0x080031f0   0x080031f0   0x00000070   Code   RO         2126    i.convert_speeds    can_qr.o
    0x08003260   0x08003260   0x0000001c   Code   RO         2214    i.crc16_update      modbus_master.o
    0x0800327c   0x0800327c   0x000000f4   Code   RO         2127    i.enable_driver     can_qr.o
    0x08003370   0x08003370   0x00000018   Code   RO         2731    i.fabs              m_wm.l(fabs.o)
    0x08003388   0x08003388   0x00000168   Code   RO         2128    i.kinco_control     can_qr.o
    0x080034f0   0x080034f0   0x00000030   Code   RO         2129    i.kinco_get_data    can_qr.o
    0x08003520   0x08003520   0x0000009c   Code   RO           18    i.main              main.o
    0x080035bc   0x080035bc   0x0000000c   Code   RO         2375    i.rbClear           ringbuffer.o
    0x080035c8   0x080035c8   0x00000012   Code   RO         2377    i.rbInitialize      ringbuffer.o
    0x080035da   0x080035da   0x00000010   Code   RO         2378    i.rbIsEmpty         ringbuffer.o
    0x080035ea   0x080035ea   0x00000022   Code   RO         2380    i.rbPop             ringbuffer.o
    0x0800360c   0x0800360c   0x00000024   Code   RO         2381    i.rbPush            ringbuffer.o
    0x08003630   0x08003630   0x00000018   Code   RO         2662    x$fpl$basic         fz_wm.l(basic.o)
    0x08003648   0x08003648   0x00000062   Code   RO         2611    x$fpl$d2f           fz_wm.l(d2f.o)
    0x080036aa   0x080036aa   0x00000002   PAD
    0x080036ac   0x080036ac   0x00000150   Code   RO         2723    x$fpl$dadd          fz_wm.l(daddsub_clz.o)
    0x080037fc   0x080037fc   0x000002b0   Code   RO         2614    x$fpl$ddiv          fz_wm.l(ddiv.o)
    0x08003aac   0x08003aac   0x0000005e   Code   RO         2617    x$fpl$dfix          fz_wm.l(dfix.o)
    0x08003b0a   0x08003b0a   0x0000002e   Code   RO         2622    x$fpl$dflt          fz_wm.l(dflt_clz.o)
    0x08003b38   0x08003b38   0x00000026   Code   RO         2621    x$fpl$dfltu         fz_wm.l(dflt_clz.o)
    0x08003b5e   0x08003b5e   0x00000002   PAD
    0x08003b60   0x08003b60   0x00000154   Code   RO         2627    x$fpl$dmul          fz_wm.l(dmul.o)
    0x08003cb4   0x08003cb4   0x0000009c   Code   RO         2664    x$fpl$dnaninf       fz_wm.l(dnaninf.o)
    0x08003d50   0x08003d50   0x0000000c   Code   RO         2666    x$fpl$dretinf       fz_wm.l(dretinf.o)
    0x08003d5c   0x08003d5c   0x00000016   Code   RO         2724    x$fpl$drsb          fz_wm.l(daddsub_clz.o)
    0x08003d72   0x08003d72   0x00000002   PAD
    0x08003d74   0x08003d74   0x000001d4   Code   RO         2725    x$fpl$dsub          fz_wm.l(daddsub_clz.o)
    0x08003f48   0x08003f48   0x00000056   Code   RO         2629    x$fpl$f2d           fz_wm.l(f2d.o)
    0x08003f9e   0x08003f9e   0x0000008c   Code   RO         2668    x$fpl$fnaninf       fz_wm.l(fnaninf.o)
    0x0800402a   0x0800402a   0x0000000a   Code   RO         2824    x$fpl$fpinit        fz_wm.l(fpinit.o)
    0x08004034   0x08004034   0x0000000a   Code   RO         2670    x$fpl$fretinf       fz_wm.l(fretinf.o)
    0x0800403e   0x0800403e   0x00000000   Code   RO         2672    x$fpl$usenofp       fz_wm.l(usenofp.o)
    0x0800403e   0x0800403e   0x00000010   Data   RO         2087    .constdata          system_stm32f4xx.o
    0x0800404e   0x0800404e   0x00000008   Data   RO         2088    .constdata          system_stm32f4xx.o
    0x08004056   0x08004056   0x00000002   PAD
    0x08004058   0x08004058   0x00000030   Data   RO         2674    .constdata          m_wm.l(cos_i.o)
    0x08004088   0x08004088   0x000000c8   Data   RO         2692    .constdata          m_wm.l(rred.o)
    0x08004150   0x08004150   0x00000028   Data   RO         2696    .constdata          m_wm.l(sin_i.o)
    0x08004178   0x08004178   0x00000020   Data   RO         2882    Region$$Table       anon$$obj.o


    Execution Region RW_IRAM2 (Exec base: 0x10000000, Load base: 0x080041c8, Size: 0x00000000, Max: 0x00100000, ABSOLUTE)

    **** No section assigned to this execution region ****


    Execution Region RW_IRAM1 (Exec base: 0x20000000, Load base: 0x08004198, Size: 0x000009b0, Max: 0x00200000, ABSOLUTE)

    Exec Addr    Load Addr    Size         Type   Attr      Idx    E Section Name        Object

    0x20000000   0x08004198   0x00000008   Data   RW           20    .data               main.o
    0x20000008   0x080041a0   0x0000000c   Data   RW         1461    .data               stm32f4xx_hal.o
    0x20000014   0x080041ac   0x00000004   Data   RW         2089    .data               system_stm32f4xx.o
    0x20000018   0x080041b0   0x00000008   Data   RW         2131    .data               can_qr.o
    0x20000020   0x080041b8   0x0000000e   Data   RW         2216    .data               modbus_master.o
    0x2000002e   0x080041c6   0x00000002   PAD
    0x20000030        -       0x000000b0   Zero   RW           19    .bss                main.o
    0x200000e0        -       0x00000034   Zero   RW         2130    .bss                can_qr.o
    0x20000114        -       0x00000100   Zero   RW         2215    .bss                modbus_master.o
    0x20000214        -       0x000000dc   Zero   RW         2450    .bss                trans_recieve_buff_control.o
    0x200002f0        -       0x0000000c   Zero   RW         2514    .bss                imu.o
    0x200002fc        -       0x00000054   Zero   RW         2557    .bss                agv_info.o
    0x20000350        -       0x00000060   Zero   RW         2740    .bss                c_w.l(libspace.o)
    0x200003b0        -       0x00000200   Zero   RW            2    HEAP                startup_stm32f407xx.o
    0x200005b0        -       0x00000400   Zero   RW            1    STACK               startup_stm32f407xx.o


==============================================================================

Image component sizes


      Code (inc. data)   RO Data    RW Data    ZI Data      Debug   Object Name

       164         68          0          0         84        749   agv_info.o
      1520        144          0          8         52       5942   can_qr.o
       272         28          0          0         12       1208   imu.o
       608         62          0          8        176     672892   main.o
       956         40          0         14        256       8218   modbus_master.o
       116          0          0          0          0       3550   ringbuffer.o
        64         26        392          0       1536        824   startup_stm32f407xx.o
       180         28          0         12          0       9249   stm32f4xx_hal.o
      1658          6          0          0          0      13859   stm32f4xx_hal_can.o
       224         14          0          0          0      34510   stm32f4xx_hal_cortex.o
       182          0          0          0          0       2039   stm32f4xx_hal_dma.o
       506         46          0          0          0       2132   stm32f4xx_hal_gpio.o
       380         42          0          0          0       2371   stm32f4xx_hal_msp.o
      1344         72          0          0          0       5120   stm32f4xx_hal_rcc.o
      1766         16          0          0          0      11427   stm32f4xx_hal_uart.o
        80         16          0          0          0       5400   stm32f4xx_it.o
        16          4         24          4          0       1067   system_stm32f4xx.o
       228         38          0          0        220       5456   trans_recieve_buff_control.o

    ----------------------------------------------------------------------
     10292        650        450         48       2336     786013   Object Totals
         0          0         32          0          0          0   (incl. Generated)
        28          0          2          2          0          0   (incl. Padding)

    ----------------------------------------------------------------------

      Code (inc. data)   RO Data    RW Data    ZI Data      Debug   Library Member Name

         8          0          0          0          0         68   __main.o
         0          0          0          0          0          0   __rtentry.o
        12          0          0          0          0          0   __rtentry2.o
         6          0          0          0          0          0   __rtentry4.o
        52          8          0          0          0          0   __scatter.o
        26          0          0          0          0          0   __scatter_copy.o
        28          0          0          0          0          0   __scatter_zi.o
        22          0          0          0          0        100   _rserrno.o
        18          0          0          0          0         80   exit.o
         6          0          0          0          0        152   heapauxi.o
         0          0          0          0          0          0   indicate_semi.o
         2          0          0          0          0          0   libinit.o
         6          0          0          0          0          0   libinit2.o
         2          0          0          0          0          0   libshutdown.o
         2          0          0          0          0          0   libshutdown2.o
         8          4          0          0         96         68   libspace.o
       238          0          0          0          0        100   lludivv7m.o
         8          4          0          0          0         68   rt_errno_addr_intlibspace.o
        78          0          0          0          0         80   rt_memclr_w.o
         2          0          0          0          0          0   rtexit.o
        10          0          0          0          0          0   rtexit2.o
        12          4          0          0          0         68   sys_exit.o
        74          0          0          0          0         80   sys_stackheap_outer.o
         2          0          0          0          0         68   use_no_semi.o
        24          0          0          0          0        164   basic.o
        98          4          0          0          0        140   d2f.o
       826         16          0          0          0        492   daddsub_clz.o
       688        140          0          0          0        256   ddiv.o
        94          4          0          0          0        140   dfix.o
        84          0          0          0          0        232   dflt_clz.o
       340         12          0          0          0        152   dmul.o
       156          4          0          0          0        140   dnaninf.o
        12          0          0          0          0        116   dretinf.o
        86          4          0          0          0        132   f2d.o
       140          4          0          0          0        132   fnaninf.o
        10          0          0          0          0        116   fpinit.o
        10          0          0          0          0        116   fretinf.o
         0          0          0          0          0          0   usenofp.o
       200         20          0          0          0        164   cos.o
       368         46         48          0          0        200   cos_i.o
        84         16          0          0          0        372   dunder.o
        24          0          0          0          0        124   fabs.o
        48          0          0          0          0        124   fpclassify.o
       248          0          0          0          0        152   poly.o
      1080        142        200          0          0        188   rred.o
       200         20          0          0          0        164   sin.o
       304         24         40          0          0        208   sin_i.o

    ----------------------------------------------------------------------
      5762        476        288          0         96       4956   Library Totals
        16          0          0          0          0          0   (incl. Padding)

    ----------------------------------------------------------------------

      Code (inc. data)   RO Data    RW Data    ZI Data      Debug   Library Name

       622         20          0          0         96        932   c_w.l
      2568        188          0          0          0       2328   fz_wm.l
      2556        268        288          0          0       1696   m_wm.l

    ----------------------------------------------------------------------
      5762        476        288          0         96       4956   Library Totals

    ----------------------------------------------------------------------

==============================================================================


      Code (inc. data)   RO Data    RW Data    ZI Data      Debug   

     16054       1126        738         48       2432     778505   Grand Totals
     16054       1126        738         48       2432     778505   ELF Image Totals
     16054       1126        738         48          0          0   ROM Totals

==============================================================================

    Total RO  Size (Code + RO Data)                16792 (  16.40kB)
    Total RW  Size (RW Data + ZI Data)              2480 (   2.42kB)
    Total ROM Size (Code + RO Data + RW Data)      16840 (  16.45kB)

==============================================================================

